Archive member included to satisfy reference by file (symbol)

c:/program files (x86)/atmel/studio/7.0/toolchain/arm/arm-gnu-toolchain/bin/../lib/gcc/arm-none-eabi/5.3.1/../../../../arm-none-eabi/lib/armv7e-m\libc.a(lib_a-exit.o)
                              c:/program files (x86)/atmel/studio/7.0/toolchain/arm/arm-gnu-toolchain/bin/../lib/gcc/arm-none-eabi/5.3.1/../../../../arm-none-eabi/lib/armv7e-m/crt0.o (exit)
c:/program files (x86)/atmel/studio/7.0/toolchain/arm/arm-gnu-toolchain/bin/../lib/gcc/arm-none-eabi/5.3.1/../../../../arm-none-eabi/lib/armv7e-m\libc.a(lib_a-impure.o)
                              c:/program files (x86)/atmel/studio/7.0/toolchain/arm/arm-gnu-toolchain/bin/../lib/gcc/arm-none-eabi/5.3.1/../../../../arm-none-eabi/lib/armv7e-m\libc.a(lib_a-exit.o) (_global_impure_ptr)
c:/program files (x86)/atmel/studio/7.0/toolchain/arm/arm-gnu-toolchain/bin/../lib/gcc/arm-none-eabi/5.3.1/../../../../arm-none-eabi/lib/armv7e-m\libc.a(lib_a-init.o)
                              c:/program files (x86)/atmel/studio/7.0/toolchain/arm/arm-gnu-toolchain/bin/../lib/gcc/arm-none-eabi/5.3.1/../../../../arm-none-eabi/lib/armv7e-m/crt0.o (__libc_init_array)
c:/program files (x86)/atmel/studio/7.0/toolchain/arm/arm-gnu-toolchain/bin/../lib/gcc/arm-none-eabi/5.3.1/../../../../arm-none-eabi/lib/armv7e-m\libc.a(lib_a-memset.o)
                              c:/program files (x86)/atmel/studio/7.0/toolchain/arm/arm-gnu-toolchain/bin/../lib/gcc/arm-none-eabi/5.3.1/../../../../arm-none-eabi/lib/armv7e-m/crt0.o (memset)
c:/program files (x86)/atmel/studio/7.0/toolchain/arm/arm-gnu-toolchain/bin/../lib/gcc/arm-none-eabi/5.3.1/../../../../arm-none-eabi/lib/armv7e-m\libc.a(lib_a-__call_atexit.o)
                              c:/program files (x86)/atmel/studio/7.0/toolchain/arm/arm-gnu-toolchain/bin/../lib/gcc/arm-none-eabi/5.3.1/../../../../arm-none-eabi/lib/armv7e-m\libc.a(lib_a-exit.o) (__call_exitprocs)
c:/program files (x86)/atmel/studio/7.0/toolchain/arm/arm-gnu-toolchain/bin/../lib/gcc/arm-none-eabi/5.3.1/../../../../arm-none-eabi/lib/armv7e-m\libc.a(lib_a-atexit.o)
                              c:/program files (x86)/atmel/studio/7.0/toolchain/arm/arm-gnu-toolchain/bin/../lib/gcc/arm-none-eabi/5.3.1/../../../../arm-none-eabi/lib/armv7e-m\libc.a(lib_a-__call_atexit.o) (atexit)
c:/program files (x86)/atmel/studio/7.0/toolchain/arm/arm-gnu-toolchain/bin/../lib/gcc/arm-none-eabi/5.3.1/../../../../arm-none-eabi/lib/armv7e-m\libc.a(lib_a-fini.o)
                              c:/program files (x86)/atmel/studio/7.0/toolchain/arm/arm-gnu-toolchain/bin/../lib/gcc/arm-none-eabi/5.3.1/../../../../arm-none-eabi/lib/armv7e-m\libc.a(lib_a-__call_atexit.o) (__libc_fini_array)
c:/program files (x86)/atmel/studio/7.0/toolchain/arm/arm-gnu-toolchain/bin/../lib/gcc/arm-none-eabi/5.3.1/../../../../arm-none-eabi/lib/armv7e-m\libc.a(lib_a-__atexit.o)
                              c:/program files (x86)/atmel/studio/7.0/toolchain/arm/arm-gnu-toolchain/bin/../lib/gcc/arm-none-eabi/5.3.1/../../../../arm-none-eabi/lib/armv7e-m\libc.a(lib_a-atexit.o) (__register_exitproc)

Allocating common symbols
Common symbol       size              file

ptr_get             0x4               src/ASF/common/utils/stdio/read.o
ptr_put             0x4               src/ASF/common/utils/stdio/write.o
pio_capture_enable_flag
                    0x4               src/ASF/sam/drivers/pio/pio.o
stdio_base          0x4               src/ASF/common/utils/stdio/write.o
sleepmgr_locks      0x6               src/ASF/common/services/sleepmgr/sam/sleepmgr.o

Discarded input sections

 .text          0x00000000        0x0 c:/program files (x86)/atmel/studio/7.0/toolchain/arm/arm-gnu-toolchain/bin/../lib/gcc/arm-none-eabi/5.3.1/armv7e-m/crti.o
 .data          0x00000000        0x0 c:/program files (x86)/atmel/studio/7.0/toolchain/arm/arm-gnu-toolchain/bin/../lib/gcc/arm-none-eabi/5.3.1/armv7e-m/crti.o
 .bss           0x00000000        0x0 c:/program files (x86)/atmel/studio/7.0/toolchain/arm/arm-gnu-toolchain/bin/../lib/gcc/arm-none-eabi/5.3.1/armv7e-m/crti.o
 .data          0x00000000        0x4 c:/program files (x86)/atmel/studio/7.0/toolchain/arm/arm-gnu-toolchain/bin/../lib/gcc/arm-none-eabi/5.3.1/armv7e-m/crtbegin.o
 .text          0x00000000       0x74 c:/program files (x86)/atmel/studio/7.0/toolchain/arm/arm-gnu-toolchain/bin/../lib/gcc/arm-none-eabi/5.3.1/../../../../arm-none-eabi/lib/armv7e-m/crt0.o
 .data          0x00000000        0x0 c:/program files (x86)/atmel/studio/7.0/toolchain/arm/arm-gnu-toolchain/bin/../lib/gcc/arm-none-eabi/5.3.1/../../../../arm-none-eabi/lib/armv7e-m/crt0.o
 .bss           0x00000000        0x0 c:/program files (x86)/atmel/studio/7.0/toolchain/arm/arm-gnu-toolchain/bin/../lib/gcc/arm-none-eabi/5.3.1/../../../../arm-none-eabi/lib/armv7e-m/crt0.o
[...]
Memory Configuration

Name             Origin             Length             Attributes
rom              0x00400000         0x00200000         xr
ram              0x20400000         0x00060000         xrw
*default*        0x00000000         0xffffffff

Linker script and memory map

LOAD c:/program files (x86)/atmel/studio/7.0/toolchain/arm/arm-gnu-toolchain/bin/../lib/gcc/arm-none-eabi/5.3.1/armv7e-m/crti.o
LOAD c:/program files (x86)/atmel/studio/7.0/toolchain/arm/arm-gnu-toolchain/bin/../lib/gcc/arm-none-eabi/5.3.1/armv7e-m/crtbegin.o
LOAD c:/program files (x86)/atmel/studio/7.0/toolchain/arm/arm-gnu-toolchain/bin/../lib/gcc/arm-none-eabi/5.3.1/../../../../arm-none-eabi/lib/armv7e-m/crt0.o
LOAD src/ASF/common/services/clock/same70/sysclk.o
LOAD src/ASF/common/services/serial/usart_serial.o
LOAD src/ASF/common/services/sleepmgr/sam/sleepmgr.o
LOAD src/ASF/common/utils/interrupt/interrupt_sam_nvic.o
LOAD src/ASF/common/utils/stdio/read.o
LOAD src/ASF/common/utils/stdio/write.o
LOAD src/ASF/sam/boards/same70_xplained/init.o
LOAD src/ASF/sam/drivers/matrix/matrix.o
LOAD src/ASF/sam/drivers/mpu/mpu.o
LOAD src/ASF/sam/drivers/pio/pio.o
LOAD src/ASF/sam/drivers/pio/pio_handler.o
LOAD src/ASF/sam/drivers/pmc/pmc.o
LOAD src/ASF/sam/drivers/pmc/sleep.o
LOAD src/ASF/sam/drivers/rtc/rtc.o
LOAD src/ASF/sam/drivers/tc/tc.o
LOAD src/ASF/sam/drivers/uart/uart.o
LOAD src/ASF/sam/drivers/usart/usart.o
LOAD src/ASF/sam/utils/cmsis/same70/source/templates/gcc/startup_same70.o
LOAD src/ASF/sam/utils/cmsis/same70/source/templates/system_same70.o
LOAD src/ASF/sam/utils/syscalls/gcc/syscalls.o
LOAD src/main.o
START GROUP
LOAD ../src/ASF/thirdparty/CMSIS/Lib/GCC\libarm_cortexM7lfsp_math_softfp.a
LOAD c:/program files (x86)/atmel/studio/7.0/toolchain/arm/arm-gnu-toolchain/bin/../lib/gcc/arm-none-eabi/5.3.1/../../../../arm-none-eabi/lib/armv7e-m\libm.a
END GROUP
START GROUP
LOAD c:/program files (x86)/atmel/studio/7.0/toolchain/arm/arm-gnu-toolchain/bin/../lib/gcc/arm-none-eabi/5.3.1/armv7e-m\libgcc.a
LOAD c:/program files (x86)/atmel/studio/7.0/toolchain/arm/arm-gnu-toolchain/bin/../lib/gcc/arm-none-eabi/5.3.1/../../../../arm-none-eabi/lib/armv7e-m\libc.a
END GROUP
LOAD c:/program files (x86)/atmel/studio/7.0/toolchain/arm/arm-gnu-toolchain/bin/../lib/gcc/arm-none-eabi/5.3.1/armv7e-m/crtend.o
LOAD c:/program files (x86)/atmel/studio/7.0/toolchain/arm/arm-gnu-toolchain/bin/../lib/gcc/arm-none-eabi/5.3.1/armv7e-m/crtn.o
                0x00002000                STACK_SIZE = DEFINED (STACK_SIZE)?STACK_SIZE:0x2000
                0x2045fffc                __ram_end__ = ((ORIGIN (ram) + LENGTH (ram)) - 0x4)
                0x00000200                HEAP_SIZE = DEFINED (HEAP_SIZE)?HEAP_SIZE:0x200

.text           0x00400000     0x1d8c
                0x00400000                . = ALIGN (0x4)
                0x00400000                _sfixed = .
 *(.vectors .vectors.*)
 .vectors       0x00400000      0x140 src/ASF/sam/utils/cmsis/same70/source/templates/gcc/startup_same70.o
                0x00400000                exception_table
 *(.text .text.* .gnu.linkonce.t.*)
 .text          0x00400140       0x5c c:/program files (x86)/atmel/studio/7.0/toolchain/arm/arm-gnu-toolchain/bin/../lib/gcc/arm-none-eabi/5.3.1/armv7e-m/crtbegin.o
 .text.osc_enable
                0x0040019c       0x88 src/ASF/common/services/clock/same70/sysclk.o
 .text.osc_is_ready
                0x00400224       0x70 src/ASF/common/services/clock/same70/sysclk.o
 .text.osc_get_rate
                0x00400294       0x74 src/ASF/common/services/clock/same70/sysclk.o
 .text.osc_wait_ready
                0x00400308       0x2c src/ASF/common/services/clock/same70/sysclk.o
 .text.pll_config_init
                0x00400334       0x6c src/ASF/common/services/clock/same70/sysclk.o
 .text.pll_enable
                0x004003a0       0x40 src/ASF/common/services/clock/same70/sysclk.o
 .text.pll_is_locked
                0x004003e0       0x2c src/ASF/common/services/clock/same70/sysclk.o
 .text.pll_enable_source
                0x0040040c       0x38 src/ASF/common/services/clock/same70/sysclk.o
 .text.pll_wait_for_lock
                0x00400444       0x24 src/ASF/common/services/clock/same70/sysclk.o
 .text.sysclk_get_main_hz
                0x00400468       0x20 src/ASF/common/services/clock/same70/sysclk.o
 .text.sysclk_get_cpu_hz
                0x00400488       0x14 src/ASF/common/services/clock/same70/sysclk.o
 .text.sysclk_init
                0x0040049c       0x7c src/ASF/common/services/clock/same70/sysclk.o
                0x0040049c                sysclk_init
 .text.pio_pull_up
                0x00400518       0x2c src/ASF/sam/drivers/pio/pio.o
                0x00400518                pio_pull_up
 .text.pio_set  0x00400544       0x1c src/ASF/sam/drivers/pio/pio.o
                0x00400544                pio_set
 .text.pio_clear
                0x00400560       0x1c src/ASF/sam/drivers/pio/pio.o
                0x00400560                pio_clear
 .text.pio_set_input
                0x0040057c       0x80 src/ASF/sam/drivers/pio/pio.o
                0x0040057c                pio_set_input
 .text.pio_set_output
                0x004005fc       0x64 src/ASF/sam/drivers/pio/pio.o
                0x004005fc                pio_set_output
 .text.pio_get_output_data_status
                0x00400660       0x28 src/ASF/sam/drivers/pio/pio.o
                0x00400660                pio_get_output_data_status
 .text.pio_configure_interrupt
                0x00400688       0x6c src/ASF/sam/drivers/pio/pio.o
                0x00400688                pio_configure_interrupt
 .text.pio_enable_interrupt
                0x004006f4       0x1c src/ASF/sam/drivers/pio/pio.o
                0x004006f4                pio_enable_interrupt
 .text.pio_disable_interrupt
                0x00400710       0x1c src/ASF/sam/drivers/pio/pio.o
                0x00400710                pio_disable_interrupt
 .text.pio_get_interrupt_status
                0x0040072c       0x18 src/ASF/sam/drivers/pio/pio.o
                0x0040072c                pio_get_interrupt_status
 .text.pio_get_interrupt_mask
                0x00400744       0x18 src/ASF/sam/drivers/pio/pio.o
                0x00400744                pio_get_interrupt_mask
 .text.pio_handler_process
                0x0040075c       0xb4 src/ASF/sam/drivers/pio/pio_handler.o
                0x0040075c                pio_handler_process
 .text.pio_handler_set
                0x00400810       0xa0 src/ASF/sam/drivers/pio/pio_handler.o
                0x00400810                pio_handler_set
 .text.PIOA_Handler
                0x004008b0       0x18 src/ASF/sam/drivers/pio/pio_handler.o
                0x004008b0                PIOA_Handler
 .text.PIOB_Handler
                0x004008c8       0x18 src/ASF/sam/drivers/pio/pio_handler.o
                0x004008c8                PIOB_Handler
 .text.PIOC_Handler
                0x004008e0       0x18 src/ASF/sam/drivers/pio/pio_handler.o
                0x004008e0                PIOC_Handler
 .text.PIOD_Handler
                0x004008f8       0x18 src/ASF/sam/drivers/pio/pio_handler.o
                0x004008f8                PIOD_Handler
 .text.PIOE_Handler
                0x00400910       0x18 src/ASF/sam/drivers/pio/pio_handler.o
                0x00400910                PIOE_Handler
 .text.pmc_mck_set_division
                0x00400928       0x7c src/ASF/sam/drivers/pmc/pmc.o
                0x00400928                pmc_mck_set_division
 .text.pmc_switch_mck_to_pllack
                0x004009a4       0x84 src/ASF/sam/drivers/pmc/pmc.o
                0x004009a4                pmc_switch_mck_to_pllack
 .text.pmc_switch_sclk_to_32kxtal
                0x00400a28       0x38 src/ASF/sam/drivers/pmc/pmc.o
                0x00400a28                pmc_switch_sclk_to_32kxtal
 .text.pmc_osc_is_ready_32kxtal
                0x00400a60       0x34 src/ASF/sam/drivers/pmc/pmc.o
                0x00400a60                pmc_osc_is_ready_32kxtal
 .text.pmc_switch_mainck_to_fastrc
                0x00400a94       0x70 src/ASF/sam/drivers/pmc/pmc.o
                0x00400a94                pmc_switch_mainck_to_fastrc
 .text.pmc_switch_mainck_to_xtal
                0x00400b04       0x78 src/ASF/sam/drivers/pmc/pmc.o
                0x00400b04                pmc_switch_mainck_to_xtal
 .text.pmc_osc_is_ready_mainck
                0x00400b7c       0x1c src/ASF/sam/drivers/pmc/pmc.o
                0x00400b7c                pmc_osc_is_ready_mainck
 .text.pmc_disable_pllack
                0x00400b98       0x1c src/ASF/sam/drivers/pmc/pmc.o
                0x00400b98                pmc_disable_pllack
 .text.pmc_is_locked_pllack
                0x00400bb4       0x1c src/ASF/sam/drivers/pmc/pmc.o
                0x00400bb4                pmc_is_locked_pllack
 .text.pmc_is_locked_upll
                0x00400bd0       0x1c src/ASF/sam/drivers/pmc/pmc.o
                0x00400bd0                pmc_is_locked_upll
 .text.pmc_enable_periph_clk
                0x00400bec       0x84 src/ASF/sam/drivers/pmc/pmc.o
                0x00400bec                pmc_enable_periph_clk
 .text.rtc_set_hour_mode
                0x00400c70       0x38 src/ASF/sam/drivers/rtc/rtc.o
                0x00400c70                rtc_set_hour_mode
 .text.rtc_enable_interrupt
                0x00400ca8       0x1c src/ASF/sam/drivers/rtc/rtc.o
                0x00400ca8                rtc_enable_interrupt
 .text.rtc_get_time
                0x00400cc4       0xc4 src/ASF/sam/drivers/rtc/rtc.o
                0x00400cc4                rtc_get_time
 .text.rtc_set_time
                0x00400d88      0x108 src/ASF/sam/drivers/rtc/rtc.o
                0x00400d88                rtc_set_time
 .text.rtc_set_time_alarm
                0x00400e90      0x100 src/ASF/sam/drivers/rtc/rtc.o
                0x00400e90                rtc_set_time_alarm
 .text.rtc_get_date
                0x00400f90       0xe8 src/ASF/sam/drivers/rtc/rtc.o
                0x00400f90                rtc_get_date
 .text.rtc_set_date
                0x00401078      0x13c src/ASF/sam/drivers/rtc/rtc.o
                0x00401078                rtc_set_date
 .text.rtc_set_date_alarm
                0x004011b4       0xb0 src/ASF/sam/drivers/rtc/rtc.o
                0x004011b4                rtc_set_date_alarm
 .text.rtc_get_status
                0x00401264       0x18 src/ASF/sam/drivers/rtc/rtc.o
                0x00401264                rtc_get_status
 .text.rtc_clear_status
                0x0040127c       0x1c src/ASF/sam/drivers/rtc/rtc.o
                0x0040127c                rtc_clear_status
 .text.tc_init  0x00401298       0x3c src/ASF/sam/drivers/tc/tc.o
                0x00401298                tc_init
 .text.tc_start
                0x004012d4       0x24 src/ASF/sam/drivers/tc/tc.o
                0x004012d4                tc_start
 .text.tc_write_rc
                0x004012f8       0x28 src/ASF/sam/drivers/tc/tc.o
                0x004012f8                tc_write_rc
 .text.tc_enable_interrupt
                0x00401320       0x28 src/ASF/sam/drivers/tc/tc.o
                0x00401320                tc_enable_interrupt
 .text.tc_get_status
                0x00401348       0x24 src/ASF/sam/drivers/tc/tc.o
                0x00401348                tc_get_status
 .text.tc_find_mck_divisor
                0x0040136c       0xa8 src/ASF/sam/drivers/tc/tc.o
                0x0040136c                tc_find_mck_divisor
 .text.cpu_irq_save
                0x00401414       0x38 src/ASF/sam/utils/cmsis/same70/source/templates/gcc/startup_same70.o
 .text.cpu_irq_is_enabled_flags
                0x0040144c       0x20 src/ASF/sam/utils/cmsis/same70/source/templates/gcc/startup_same70.o
 .text.cpu_irq_restore
                0x0040146c       0x30 src/ASF/sam/utils/cmsis/same70/source/templates/gcc/startup_same70.o
 .text.Reset_Handler
                0x0040149c       0xb0 src/ASF/sam/utils/cmsis/same70/source/templates/gcc/startup_same70.o
                0x0040149c                Reset_Handler
 .text.Dummy_Handler
                0x0040154c        0x8 src/ASF/sam/utils/cmsis/same70/source/templates/gcc/startup_same70.o
                0x0040154c                DACC_Handler
                0x0040154c                DebugMon_Handler
                0x0040154c                UART3_Handler
                0x0040154c                UART2_Handler
                0x0040154c                TRNG_Handler
                0x0040154c                HardFault_Handler
                0x0040154c                TC2_Handler
                0x0040154c                SysTick_Handler
                0x0040154c                AFEC1_Handler
                0x0040154c                PendSV_Handler
                0x0040154c                NMI_Handler
                0x0040154c                TC7_Handler
                0x0040154c                QSPI_Handler
                0x0040154c                ISI_Handler
                0x0040154c                TC9_Handler
                0x0040154c                RSWDT_Handler
                0x0040154c                MCAN1_Handler
                0x0040154c                USART0_Handler
                0x0040154c                RTT_Handler
                0x0040154c                USBHS_Handler
                0x0040154c                UsageFault_Handler
                0x0040154c                TC6_Handler
                0x0040154c                WDT_Handler
                0x0040154c                TC4_Handler
                0x0040154c                HSMCI_Handler
                0x0040154c                UART1_Handler
                0x0040154c                TC3_Handler
                0x0040154c                Dummy_Handler
                0x0040154c                TWIHS1_Handler
                0x0040154c                XDMAC_Handler
                0x0040154c                UART4_Handler
                0x0040154c                PWM1_Handler
                0x0040154c                USART1_Handler
                0x0040154c                PWM0_Handler
                0x0040154c                AFEC0_Handler
                0x0040154c                TC11_Handler
                0x0040154c                SSC_Handler
                0x0040154c                ACC_Handler
                0x0040154c                PMC_Handler
                0x0040154c                GMAC_Handler
                0x0040154c                MemManage_Handler
                0x0040154c                SUPC_Handler
                0x0040154c                SVC_Handler
                0x0040154c                TC8_Handler
                0x0040154c                EFC_Handler
                0x0040154c                USART2_Handler
                0x0040154c                SDRAMC_Handler
                0x0040154c                SPI1_Handler
                0x0040154c                MCAN0_Handler
                0x0040154c                TC10_Handler
                0x0040154c                TWIHS2_Handler
                0x0040154c                UART0_Handler
                0x0040154c                BusFault_Handler
                0x0040154c                RSTC_Handler
                0x0040154c                TC0_Handler
                0x0040154c                TC5_Handler
                0x0040154c                AES_Handler
                0x0040154c                ICM_Handler
                0x0040154c                TWIHS0_Handler
                0x0040154c                SPI0_Handler
 .text.SystemCoreClockUpdate
                0x00401554      0x16c src/ASF/sam/utils/cmsis/same70/source/templates/system_same70.o
                0x00401554                SystemCoreClockUpdate
 .text.system_init_flash
                0x004016c0       0x98 src/ASF/sam/utils/cmsis/same70/source/templates/system_same70.o
                0x004016c0                system_init_flash
 .text.NVIC_EnableIRQ
                0x00401758       0x34 src/main.o
 .text.NVIC_DisableIRQ
                0x0040178c       0x34 src/main.o
 .text.NVIC_ClearPendingIRQ
                0x004017c0       0x34 src/main.o
 .text.NVIC_SetPriority
                0x004017f4       0x54 src/main.o
 .text.osc_get_rate
                0x00401848       0x74 src/main.o
 .text.sysclk_get_main_hz
                0x004018bc       0x20 src/main.o
 .text.sysclk_get_cpu_hz
                0x004018dc       0x14 src/main.o
 .text.Button1_Handler
                0x004018f0       0x18 src/main.o
 .text.TC1_Handler
                0x00401908       0x24 src/main.o
                0x00401908                TC1_Handler
 .text.RTC_Handler
                0x0040192c       0x5c src/main.o
                0x0040192c                RTC_Handler
 .text.pin_toggle
                0x00401988       0x40 src/main.o
                0x00401988                pin_toggle
 .text.BUT_init
                0x004019c8       0x6c src/main.o
                0x004019c8                BUT_init
 .text.LED_init
                0x00401a34       0x34 src/main.o
                0x00401a34                LED_init
 .text.TC1_init
                0x00401a68       0x90 src/main.o
                0x00401a68                TC1_init
 .text.RTC_init
                0x00401af8       0x84 src/main.o
                0x00401af8                RTC_init
 .text.main     0x00401b7c       0xa8 src/main.o
                0x00401b7c                main
 .text.__libc_init_array
                0x00401c24       0x50 c:/program files (x86)/atmel/studio/7.0/toolchain/arm/arm-gnu-toolchain/bin/../lib/gcc/arm-none-eabi/5.3.1/../../../../arm-none-eabi/lib/armv7e-m\libc.a(lib_a-init.o)
                0x00401c24                __libc_init_array
 .text.startup.register_fini
                0x00401c74       0x14 c:/program files (x86)/atmel/studio/7.0/toolchain/arm/arm-gnu-toolchain/bin/../lib/gcc/arm-none-eabi/5.3.1/../../../../arm-none-eabi/lib/armv7e-m\libc.a(lib_a-__call_atexit.o)
 .text.atexit   0x00401c88        0xc c:/program files (x86)/atmel/studio/7.0/toolchain/arm/arm-gnu-toolchain/bin/../lib/gcc/arm-none-eabi/5.3.1/../../../../arm-none-eabi/lib/armv7e-m\libc.a(lib_a-atexit.o)
                0x00401c88                atexit
 .text.__libc_fini_array
                0x00401c94       0x28 c:/program files (x86)/atmel/studio/7.0/toolchain/arm/arm-gnu-toolchain/bin/../lib/gcc/arm-none-eabi/5.3.1/../../../../arm-none-eabi/lib/armv7e-m\libc.a(lib_a-fini.o)
                0x00401c94                __libc_fini_array
 .text.__register_exitproc
                0x00401cbc       0xa4 c:/program files (x86)/atmel/studio/7.0/toolchain/arm/arm-gnu-toolchain/bin/../lib/gcc/arm-none-eabi/5.3.1/../../../../arm-none-eabi/lib/armv7e-m\libc.a(lib_a-__atexit.o)
                0x00401cbc                __register_exitproc
 *(.glue_7t)
 .glue_7t       0x00401d60        0x0 linker stubs
 *(.glue_7)
 .glue_7        0x00401d60        0x0 linker stubs
 *(.rodata .rodata* .gnu.linkonce.r.*)
 .rodata.str1.4
                0x00401d60        0x4 c:/program files (x86)/atmel/studio/7.0/toolchain/arm/arm-gnu-toolchain/bin/../lib/gcc/arm-none-eabi/5.3.1/../../../../arm-none-eabi/lib/armv7e-m\libc.a(lib_a-impure.o)
                                  0x2 (size before relaxing)
 .rodata._global_impure_ptr
                0x00401d64        0x4 c:/program files (x86)/atmel/studio/7.0/toolchain/arm/arm-gnu-toolchain/bin/../lib/gcc/arm-none-eabi/5.3.1/../../../../arm-none-eabi/lib/armv7e-m\libc.a(lib_a-impure.o)
                0x00401d64                _global_impure_ptr
 *(.ARM.extab* .gnu.linkonce.armextab.*)
                0x00401d68                . = ALIGN (0x4)
 *(.init)
 .init          0x00401d68        0x4 c:/program files (x86)/atmel/studio/7.0/toolchain/arm/arm-gnu-toolchain/bin/../lib/gcc/arm-none-eabi/5.3.1/armv7e-m/crti.o
                0x00401d68                _init
 .init          0x00401d6c        0x8 c:/program files (x86)/atmel/studio/7.0/toolchain/arm/arm-gnu-toolchain/bin/../lib/gcc/arm-none-eabi/5.3.1/armv7e-m/crtn.o
                0x00401d74                . = ALIGN (0x4)
                0x00401d74                __preinit_array_start = .
 *(.preinit_array)
                0x00401d74                __preinit_array_end = .
                0x00401d74                . = ALIGN (0x4)
                0x00401d74                __init_array_start = .
 *(SORT(.init_array.*))
 .init_array.00000
                0x00401d74        0x4 c:/program files (x86)/atmel/studio/7.0/toolchain/arm/arm-gnu-toolchain/bin/../lib/gcc/arm-none-eabi/5.3.1/../../../../arm-none-eabi/lib/armv7e-m\libc.a(lib_a-__call_atexit.o)
 *(.init_array)
 .init_array    0x00401d78        0x4 c:/program files (x86)/atmel/studio/7.0/toolchain/arm/arm-gnu-toolchain/bin/../lib/gcc/arm-none-eabi/5.3.1/armv7e-m/crtbegin.o
                0x00401d7c                __init_array_end = .
                0x00401d7c                . = ALIGN (0x4)
 *crtbegin.o(.ctors)
 *(EXCLUDE_FILE(*crtend.o) .ctors)
 *(SORT(.ctors.*))
 *crtend.o(.ctors)
                0x00401d7c                . = ALIGN (0x4)
 *(.fini)
 .fini          0x00401d7c        0x4 c:/program files (x86)/atmel/studio/7.0/toolchain/arm/arm-gnu-toolchain/bin/../lib/gcc/arm-none-eabi/5.3.1/armv7e-m/crti.o
                0x00401d7c                _fini
 .fini          0x00401d80        0x8 c:/program files (x86)/atmel/studio/7.0/toolchain/arm/arm-gnu-toolchain/bin/../lib/gcc/arm-none-eabi/5.3.1/armv7e-m/crtn.o
                0x00401d88                . = ALIGN (0x4)
                0x00401d88                __fini_array_start = .
 *(.fini_array)
 .fini_array    0x00401d88        0x4 c:/program files (x86)/atmel/studio/7.0/toolchain/arm/arm-gnu-toolchain/bin/../lib/gcc/arm-none-eabi/5.3.1/armv7e-m/crtbegin.o
 *(SORT(.fini_array.*))
                0x00401d8c                __fini_array_end = .
 *crtbegin.o(.dtors)
 *(EXCLUDE_FILE(*crtend.o) .dtors)
 *(SORT(.dtors.*))
 *crtend.o(.dtors)
                0x00401d8c                . = ALIGN (0x4)
                0x00401d8c                _efixed = .
                [!provide]                PROVIDE (__exidx_start, .)

.vfp11_veneer   0x00401d8c        0x0
 .vfp11_veneer  0x00401d8c        0x0 linker stubs

.v4_bx          0x00401d8c        0x0
 .v4_bx         0x00401d8c        0x0 linker stubs

.iplt           0x00401d8c        0x0
 .iplt          0x00401d8c        0x0 c:/program files (x86)/atmel/studio/7.0/toolchain/arm/arm-gnu-toolchain/bin/../lib/gcc/arm-none-eabi/5.3.1/armv7e-m/crtbegin.o

.eh_frame       0x00401d8c        0x0
 .eh_frame      0x00401d8c        0x0 c:/program files (x86)/atmel/studio/7.0/toolchain/arm/arm-gnu-toolchain/bin/../lib/gcc/arm-none-eabi/5.3.1/armv7e-m/crtbegin.o

.rel.dyn        0x00401d8c        0x0
 .rel.iplt      0x00401d8c        0x0 c:/program files (x86)/atmel/studio/7.0/toolchain/arm/arm-gnu-toolchain/bin/../lib/gcc/arm-none-eabi/5.3.1/armv7e-m/crtbegin.o

.jcr            0x00401d8c        0x0
 .jcr           0x00401d8c        0x0 c:/program files (x86)/atmel/studio/7.0/toolchain/arm/arm-gnu-toolchain/bin/../lib/gcc/arm-none-eabi/5.3.1/armv7e-m/crtbegin.o

.igot.plt       0x00401d8c        0x0
 .igot.plt      0x00401d8c        0x0 c:/program files (x86)/atmel/studio/7.0/toolchain/arm/arm-gnu-toolchain/bin/../lib/gcc/arm-none-eabi/5.3.1/armv7e-m/crtbegin.o

.ARM.exidx
 *(.ARM.exidx* .gnu.linkonce.armexidx.*)
                [!provide]                PROVIDE (__exidx_end, .)
                0x00401d8c                . = ALIGN (0x4)
                0x00401d8c                _etext = .

.relocate       0x20400000      0x430 load address 0x00401d8c
                0x20400000                . = ALIGN (0x4)
                0x20400000                _srelocate = .
 *(.ramfunc .ramfunc.*)
 *(.data .data.*)
 .data.g_interrupt_enabled
                0x20400000        0x1 src/ASF/common/utils/interrupt/interrupt_sam_nvic.o
                0x20400000                g_interrupt_enabled
 *fill*         0x20400001        0x3 
 .data.SystemCoreClock
                0x20400004        0x4 src/ASF/sam/utils/cmsis/same70/source/templates/system_same70.o
                0x20400004                SystemCoreClock
 .data.impure_data
                0x20400008      0x428 c:/program files (x86)/atmel/studio/7.0/toolchain/arm/arm-gnu-toolchain/bin/../lib/gcc/arm-none-eabi/5.3.1/../../../../arm-none-eabi/lib/armv7e-m\libc.a(lib_a-impure.o)
                0x20400430                . = ALIGN (0x4)
                0x20400430                _erelocate = .

.bss            0x20400430       0x90 load address 0x004021bc
                0x20400430                . = ALIGN (0x4)
                0x20400430                _sbss = .
                0x20400430                _szero = .
 *(.bss .bss.*)
 .bss           0x20400430       0x1c c:/program files (x86)/atmel/studio/7.0/toolchain/arm/arm-gnu-toolchain/bin/../lib/gcc/arm-none-eabi/5.3.1/armv7e-m/crtbegin.o
 .bss.gs_interrupt_sources
                0x2040044c       0x70 src/ASF/sam/drivers/pio/pio_handler.o
 .bss.gs_ul_nb_sources
                0x204004bc        0x4 src/ASF/sam/drivers/pio/pio_handler.o
 *(COMMON)
                0x204004c0                . = ALIGN (0x4)
                0x204004c0                _ebss = .
                0x204004c0                _ezero = .

.stack          0x204004c0     0x2000 load address 0x0040224c
                0x204004c0                . = ALIGN (0x8)
                0x204004c0                _sstack = .
                0x204024c0                . = (. + STACK_SIZE)
 *fill*         0x204004c0     0x2000 
                0x204024c0                . = ALIGN (0x8)
                0x204024c0                _estack = .

.heap           0x204024c0      0x200 load address 0x0040424c
                0x204024c0                . = ALIGN (0x8)
                0x204024c0                _sheap = .
                0x204026c0                . = (. + HEAP_SIZE)
 *fill*         0x204024c0      0x200 
                0x204026c0                . = ALIGN (0x8)
                0x204026c0                _eheap = .
                0x204026c0                . = ALIGN (0x4)
                0x204026c0                _end = .
                0x2045ffff                _ram_end_ = ((ORIGIN (ram) + LENGTH (ram)) - 0x1)
OUTPUT(11-TimerCounter-RC-Compare.elf elf32-littlearm)

.ARM.attributes
                0x00000000       0x2e
 .ARM.attributes
                0x00000000       0x1e c:/program files (x86)/atmel/studio/7.0/toolchain/arm/arm-gnu-toolchain/bin/../lib/gcc/arm-none-eabi/5.3.1/armv7e-m/crti.o
 .ARM.attributes
                0x0000001e       0x2e c:/program files (x86)/atmel/studio/7.0/toolchain/arm/arm-gnu-toolchain/bin/../lib/gcc/arm-none-eabi/5.3.1/armv7e-m/crtbegin.o
 .ARM.attributes
                0x0000004c       0x37 src/ASF/common/services/clock/same70/sysclk.o
 .ARM.attributes
                0x00000083       0x37 src/ASF/common/utils/interrupt/interrupt_sam_nvic.o
 .ARM.attributes
                0x000000ba       0x37 src/ASF/sam/drivers/pio/pio.o
 .ARM.attributes
                0x000000f1       0x37 src/ASF/sam/drivers/pio/pio_handler.o
 .ARM.attributes
                0x00000128       0x37 src/ASF/sam/drivers/pmc/pmc.o
 .ARM.attributes
                0x0000015f       0x37 src/ASF/sam/drivers/rtc/rtc.o
 .ARM.attributes
                0x00000196       0x37 src/ASF/sam/drivers/tc/tc.o
 .ARM.attributes
                0x000001cd       0x37 src/ASF/sam/utils/cmsis/same70/source/templates/gcc/startup_same70.o
 .ARM.attributes
                0x00000204       0x37 src/ASF/sam/utils/cmsis/same70/source/templates/system_same70.o
 .ARM.attributes
                0x0000023b       0x37 src/main.o
 .ARM.attributes
                0x00000272       0x2e c:/program files (x86)/atmel/studio/7.0/toolchain/arm/arm-gnu-toolchain/bin/../lib/gcc/arm-none-eabi/5.3.1/../../../../arm-none-eabi/lib/armv7e-m\libc.a(lib_a-impure.o)
 .ARM.attributes
                0x000002a0       0x2e c:/program files (x86)/atmel/studio/7.0/toolchain/arm/arm-gnu-toolchain/bin/../lib/gcc/arm-none-eabi/5.3.1/../../../../arm-none-eabi/lib/armv7e-m\libc.a(lib_a-init.o)
 .ARM.attributes
                0x000002ce       0x2e c:/program files (x86)/atmel/studio/7.0/toolchain/arm/arm-gnu-toolchain/bin/../lib/gcc/arm-none-eabi/5.3.1/../../../../arm-none-eabi/lib/armv7e-m\libc.a(lib_a-__call_atexit.o)
 .ARM.attributes
                0x000002fc       0x2e c:/program files (x86)/atmel/studio/7.0/toolchain/arm/arm-gnu-toolchain/bin/../lib/gcc/arm-none-eabi/5.3.1/../../../../arm-none-eabi/lib/armv7e-m\libc.a(lib_a-atexit.o)
 .ARM.attributes
                0x0000032a       0x2e c:/program files (x86)/atmel/studio/7.0/toolchain/arm/arm-gnu-toolchain/bin/../lib/gcc/arm-none-eabi/5.3.1/../../../../arm-none-eabi/lib/armv7e-m\libc.a(lib_a-fini.o)
 .ARM.attributes
                0x00000358       0x2e c:/program files (x86)/atmel/studio/7.0/toolchain/arm/arm-gnu-toolchain/bin/../lib/gcc/arm-none-eabi/5.3.1/../../../../arm-none-eabi/lib/armv7e-m\libc.a(lib_a-__atexit.o)
 .ARM.attributes
                0x00000386       0x1e c:/program files (x86)/atmel/studio/7.0/toolchain/arm/arm-gnu-toolchain/bin/../lib/gcc/arm-none-eabi/5.3.1/armv7e-m/crtn.o

.comment        0x00000000       0x59
 .comment       0x00000000       0x59 src/ASF/common/services/clock/same70/sysclk.o
                                 0x5a (size before relaxing)
 .comment       0x00000059       0x5a src/ASF/common/utils/interrupt/interrupt_sam_nvic.o
 .comment       0x00000059       0x5a src/ASF/sam/drivers/pio/pio.o
 .comment       0x00000059       0x5a src/ASF/sam/drivers/pio/pio_handler.o
 .comment       0x00000059       0x5a src/ASF/sam/drivers/pmc/pmc.o
 .comment       0x00000059       0x5a src/ASF/sam/drivers/rtc/rtc.o
 .comment       0x00000059       0x5a src/ASF/sam/drivers/tc/tc.o
 .comment       0x00000059       0x5a src/ASF/sam/utils/cmsis/same70/source/templates/gcc/startup_same70.o
 .comment       0x00000059       0x5a src/ASF/sam/utils/cmsis/same70/source/templates/system_same70.o
 .comment       0x00000059       0x5a src/main.o

.debug_info     0x00000000     0x7ee0
 .debug_info    0x00000000      0x759 src/ASF/common/services/clock/same70/sysclk.o
 .debug_info    0x00000759      0x1e9 src/ASF/common/utils/interrupt/interrupt_sam_nvic.o
 .debug_info    0x00000942     0x12a5 src/ASF/sam/drivers/pio/pio.o
 .debug_info    0x00001be7     0x101e src/ASF/sam/drivers/pio/pio_handler.o
 .debug_info    0x00002c05     0x148a src/ASF/sam/drivers/pmc/pmc.o
 .debug_info    0x0000408f      0x7d7 src/ASF/sam/drivers/rtc/rtc.o
 .debug_info    0x00004866      0x938 src/ASF/sam/drivers/tc/tc.o
 .debug_info    0x0000519e      0xc04 src/ASF/sam/utils/cmsis/same70/source/templates/gcc/startup_same70.o
 .debug_info    0x00005da2      0x570 src/ASF/sam/utils/cmsis/same70/source/templates/system_same70.o
 .debug_info    0x00006312     0x1bce src/main.o

.debug_abbrev   0x00000000     0x1137
 .debug_abbrev  0x00000000      0x1c5 src/ASF/common/services/clock/same70/sysclk.o
 .debug_abbrev  0x000001c5       0xef src/ASF/common/utils/interrupt/interrupt_sam_nvic.o
 .debug_abbrev  0x000002b4      0x1c2 src/ASF/sam/drivers/pio/pio.o
 .debug_abbrev  0x00000476      0x225 src/ASF/sam/drivers/pio/pio_handler.o
 .debug_abbrev  0x0000069b      0x229 src/ASF/sam/drivers/pmc/pmc.o
 .debug_abbrev  0x000008c4      0x146 src/ASF/sam/drivers/rtc/rtc.o
 .debug_abbrev  0x00000a0a      0x158 src/ASF/sam/drivers/tc/tc.o
 .debug_abbrev  0x00000b62      0x214 src/ASF/sam/utils/cmsis/same70/source/templates/gcc/startup_same70.o
 .debug_abbrev  0x00000d76       0xf5 src/ASF/sam/utils/cmsis/same70/source/templates/system_same70.o
 .debug_abbrev  0x00000e6b      0x2cc src/main.o

.debug_loc      0x00000000     0x4800
 .debug_loc     0x00000000      0x4a0 src/ASF/common/services/clock/same70/sysclk.o
 .debug_loc     0x000004a0       0xa0 src/ASF/common/utils/interrupt/interrupt_sam_nvic.o
 .debug_loc     0x00000540     0x1174 src/ASF/sam/drivers/pio/pio.o
 .debug_loc     0x000016b4      0x38c src/ASF/sam/drivers/pio/pio_handler.o
 .debug_loc     0x00001a40     0x1714 src/ASF/sam/drivers/pmc/pmc.o
 .debug_loc     0x00003154      0x730 src/ASF/sam/drivers/rtc/rtc.o
 .debug_loc     0x00003884      0x844 src/ASF/sam/drivers/tc/tc.o
 .debug_loc     0x000040c8      0x16c src/ASF/sam/utils/cmsis/same70/source/templates/gcc/startup_same70.o
 .debug_loc     0x00004234       0xe4 src/ASF/sam/utils/cmsis/same70/source/templates/system_same70.o
 .debug_loc     0x00004318      0x4e8 src/main.o

.debug_aranges  0x00000000      0x7c8
 .debug_aranges
                0x00000000       0x98 src/ASF/common/services/clock/same70/sysclk.o
 .debug_aranges
                0x00000098       0x28 src/ASF/common/utils/interrupt/interrupt_sam_nvic.o
 .debug_aranges
                0x000000c0      0x1a8 src/ASF/sam/drivers/pio/pio.o
 .debug_aranges
                0x00000268       0x80 src/ASF/sam/drivers/pio/pio_handler.o
 .debug_aranges
                0x000002e8      0x250 src/ASF/sam/drivers/pmc/pmc.o
 .debug_aranges
                0x00000538       0xb8 src/ASF/sam/drivers/rtc/rtc.o
 .debug_aranges
                0x000005f0       0xd0 src/ASF/sam/drivers/tc/tc.o
 .debug_aranges
                0x000006c0       0x40 src/ASF/sam/utils/cmsis/same70/source/templates/gcc/startup_same70.o
 .debug_aranges
                0x00000700       0x30 src/ASF/sam/utils/cmsis/same70/source/templates/system_same70.o
 .debug_aranges
                0x00000730       0x98 src/main.o

.debug_ranges   0x00000000      0x728
 .debug_ranges  0x00000000       0x88 src/ASF/common/services/clock/same70/sysclk.o
 .debug_ranges  0x00000088       0x18 src/ASF/common/utils/interrupt/interrupt_sam_nvic.o
 .debug_ranges  0x000000a0      0x198 src/ASF/sam/drivers/pio/pio.o
 .debug_ranges  0x00000238       0x70 src/ASF/sam/drivers/pio/pio_handler.o
 .debug_ranges  0x000002a8      0x240 src/ASF/sam/drivers/pmc/pmc.o
 .debug_ranges  0x000004e8       0xa8 src/ASF/sam/drivers/rtc/rtc.o
 .debug_ranges  0x00000590       0xc0 src/ASF/sam/drivers/tc/tc.o
 .debug_ranges  0x00000650       0x30 src/ASF/sam/utils/cmsis/same70/source/templates/gcc/startup_same70.o
 .debug_ranges  0x00000680       0x20 src/ASF/sam/utils/cmsis/same70/source/templates/system_same70.o
 .debug_ranges  0x000006a0       0x88 src/main.o

.debug_macro    0x00000000    0x1c317
 .debug_macro   0x00000000      0x6a1 src/ASF/common/services/clock/same70/sysclk.o
 .debug_macro   0x000006a1      0x8aa src/ASF/common/services/clock/same70/sysclk.o
 .debug_macro   0x00000f4b      0x652 src/ASF/common/services/clock/same70/sysclk.o
 .debug_macro   0x0000159d       0x3a src/ASF/common/services/clock/same70/sysclk.o
 .debug_macro   0x000015d7      0x16d src/ASF/common/services/clock/same70/sysclk.o
 .debug_macro   0x00001744       0x76 src/ASF/common/services/clock/same70/sysclk.o
 .debug_macro   0x000017ba       0x16 src/ASF/common/services/clock/same70/sysclk.o
 .debug_macro   0x000017d0      0x6e4 src/ASF/common/services/clock/same70/sysclk.o
 .debug_macro   0x00001eb4       0x22 src/ASF/common/services/clock/same70/sysclk.o
 .debug_macro   0x00001ed6       0x87 src/ASF/common/services/clock/same70/sysclk.o
 .debug_macro   0x00001f5d       0x44 src/ASF/common/services/clock/same70/sysclk.o
 .debug_macro   0x00001fa1       0xfd src/ASF/common/services/clock/same70/sysclk.o
 .debug_macro   0x0000209e       0x22 src/ASF/common/services/clock/same70/sysclk.o
 .debug_macro   0x000020c0      0x1df src/ASF/common/services/clock/same70/sysclk.o
 .debug_macro   0x0000229f       0x4a src/ASF/common/services/clock/same70/sysclk.o
 .debug_macro   0x000022e9       0x3b src/ASF/common/services/clock/same70/sysclk.o
 .debug_macro   0x00002324       0x2d src/ASF/common/services/clock/same70/sysclk.o
 .debug_macro   0x00002351       0x26 src/ASF/common/services/clock/same70/sysclk.o
 .debug_macro   0x00002377      0xf9a src/ASF/common/services/clock/same70/sysclk.o
 .debug_macro   0x00003311      0x175 src/ASF/common/services/clock/same70/sysclk.o
 .debug_macro   0x00003486      0x257 src/ASF/common/services/clock/same70/sysclk.o
 .debug_macro   0x000036dd      0xa0f src/ASF/common/services/clock/same70/sysclk.o
 .debug_macro   0x000040ec      0x1b9 src/ASF/common/services/clock/same70/sysclk.o
 .debug_macro   0x000042a5      0x336 src/ASF/common/services/clock/same70/sysclk.o
 .debug_macro   0x000045db      0x15b src/ASF/common/services/clock/same70/sysclk.o
 .debug_macro   0x00004736     0x1851 src/ASF/common/services/clock/same70/sysclk.o
 .debug_macro   0x00005f87       0x1c src/ASF/common/services/clock/same70/sysclk.o
 .debug_macro   0x00005fa3      0x68d src/ASF/common/services/clock/same70/sysclk.o
 .debug_macro   0x00006630      0x31e src/ASF/common/services/clock/same70/sysclk.o
 .debug_macro   0x0000694e      0x4d4 src/ASF/common/services/clock/same70/sysclk.o
 .debug_macro   0x00006e22      0x56e src/ASF/common/services/clock/same70/sysclk.o
 .debug_macro   0x00007390     0x1332 src/ASF/common/services/clock/same70/sysclk.o
 .debug_macro   0x000086c2     0x278d src/ASF/common/services/clock/same70/sysclk.o
 .debug_macro   0x0000ae4f     0x102b src/ASF/common/services/clock/same70/sysclk.o
 .debug_macro   0x0000be7a      0xe01 src/ASF/common/services/clock/same70/sysclk.o
 .debug_macro   0x0000cc7b      0x3b1 src/ASF/common/services/clock/same70/sysclk.o
 .debug_macro   0x0000d02c       0xa0 src/ASF/common/services/clock/same70/sysclk.o
 .debug_macro   0x0000d0cc       0x76 src/ASF/common/services/clock/same70/sysclk.o
 .debug_macro   0x0000d142      0x409 src/ASF/common/services/clock/same70/sysclk.o
 .debug_macro   0x0000d54b       0x64 src/ASF/common/services/clock/same70/sysclk.o
 .debug_macro   0x0000d5af      0x284 src/ASF/common/services/clock/same70/sysclk.o
 .debug_macro   0x0000d833      0x1d0 src/ASF/common/services/clock/same70/sysclk.o
 .debug_macro   0x0000da03      0x248 src/ASF/common/services/clock/same70/sysclk.o
 .debug_macro   0x0000dc4b      0x524 src/ASF/common/services/clock/same70/sysclk.o
 .debug_macro   0x0000e16f      0x63b src/ASF/common/services/clock/same70/sysclk.o
 .debug_macro   0x0000e7aa      0x6b8 src/ASF/common/services/clock/same70/sysclk.o
 .debug_macro   0x0000ee62       0x4c src/ASF/common/services/clock/same70/sysclk.o
 .debug_macro   0x0000eeae      0x468 src/ASF/common/services/clock/same70/sysclk.o
 .debug_macro   0x0000f316      0x207 src/ASF/common/services/clock/same70/sysclk.o
 .debug_macro   0x0000f51d      0x866 src/ASF/common/services/clock/same70/sysclk.o
 .debug_macro   0x0000fd83     0x1547 src/ASF/common/services/clock/same70/sysclk.o
 .debug_macro   0x000112ca       0x40 src/ASF/common/services/clock/same70/sysclk.o
 .debug_macro   0x0001130a       0x76 src/ASF/common/services/clock/same70/sysclk.o
 .debug_macro   0x00011380      0xdaf src/ASF/common/services/clock/same70/sysclk.o
 .debug_macro   0x0001212f       0x82 src/ASF/common/services/clock/same70/sysclk.o
 .debug_macro   0x000121b1       0x76 src/ASF/common/services/clock/same70/sysclk.o
 .debug_macro   0x00012227       0x4c src/ASF/common/services/clock/same70/sysclk.o
 .debug_macro   0x00012273      0x135 src/ASF/common/services/clock/same70/sysclk.o
 .debug_macro   0x000123a8      0x135 src/ASF/common/services/clock/same70/sysclk.o
 .debug_macro   0x000124dd      0x135 src/ASF/common/services/clock/same70/sysclk.o
 .debug_macro   0x00012612       0x6a src/ASF/common/services/clock/same70/sysclk.o
 .debug_macro   0x0001267c       0x6a src/ASF/common/services/clock/same70/sysclk.o
 .debug_macro   0x000126e6      0x313 src/ASF/common/services/clock/same70/sysclk.o
 .debug_macro   0x000129f9       0xb2 src/ASF/common/services/clock/same70/sysclk.o
 .debug_macro   0x00012aab       0xb2 src/ASF/common/services/clock/same70/sysclk.o
 .debug_macro   0x00012b5d       0xb2 src/ASF/common/services/clock/same70/sysclk.o
 .debug_macro   0x00012c0f      0x11d src/ASF/common/services/clock/same70/sysclk.o
 .debug_macro   0x00012d2c      0x11d src/ASF/common/services/clock/same70/sysclk.o
 .debug_macro   0x00012e49      0x2cd src/ASF/common/services/clock/same70/sysclk.o
 .debug_macro   0x00013116       0xb8 src/ASF/common/services/clock/same70/sysclk.o
 .debug_macro   0x000131ce       0x5e src/ASF/common/services/clock/same70/sysclk.o
 .debug_macro   0x0001322c       0x40 src/ASF/common/services/clock/same70/sysclk.o
 .debug_macro   0x0001326c       0x4c src/ASF/common/services/clock/same70/sysclk.o
 .debug_macro   0x000132b8       0xa0 src/ASF/common/services/clock/same70/sysclk.o
 .debug_macro   0x00013358      0x494 src/ASF/common/services/clock/same70/sysclk.o
 .debug_macro   0x000137ec      0x135 src/ASF/common/services/clock/same70/sysclk.o
 .debug_macro   0x00013921       0x4c src/ASF/common/services/clock/same70/sysclk.o
 .debug_macro   0x0001396d      0x313 src/ASF/common/services/clock/same70/sysclk.o
 .debug_macro   0x00013c80       0x6a src/ASF/common/services/clock/same70/sysclk.o
 .debug_macro   0x00013cea       0xb8 src/ASF/common/services/clock/same70/sysclk.o
 .debug_macro   0x00013da2       0x6a src/ASF/common/services/clock/same70/sysclk.o
 .debug_macro   0x00013e0c       0x2e src/ASF/common/services/clock/same70/sysclk.o
 .debug_macro   0x00013e3a      0x9b1 src/ASF/common/services/clock/same70/sysclk.o
 .debug_macro   0x000147eb       0x6a src/ASF/common/services/clock/same70/sysclk.o
 .debug_macro   0x00014855       0x88 src/ASF/common/services/clock/same70/sysclk.o
 .debug_macro   0x000148dd       0x58 src/ASF/common/services/clock/same70/sysclk.o
 .debug_macro   0x00014935       0xe2 src/ASF/common/services/clock/same70/sysclk.o
 .debug_macro   0x00014a17       0x16 src/ASF/common/services/clock/same70/sysclk.o
 .debug_macro   0x00014a2d       0xe2 src/ASF/common/services/clock/same70/sysclk.o
 .debug_macro   0x00014b0f       0x4c src/ASF/common/services/clock/same70/sysclk.o
 .debug_macro   0x00014b5b       0x16 src/ASF/common/services/clock/same70/sysclk.o
 .debug_macro   0x00014b71       0x4c src/ASF/common/services/clock/same70/sysclk.o
 .debug_macro   0x00014bbd       0x2e src/ASF/common/services/clock/same70/sysclk.o
 .debug_macro   0x00014beb      0x1b5 src/ASF/common/services/clock/same70/sysclk.o
 .debug_macro   0x00014da0      0x1b5 src/ASF/common/services/clock/same70/sysclk.o
 .debug_macro   0x00014f55      0x1b5 src/ASF/common/services/clock/same70/sysclk.o
 .debug_macro   0x0001510a      0x1b5 src/ASF/common/services/clock/same70/sysclk.o
 .debug_macro   0x000152bf      0x1b5 src/ASF/common/services/clock/same70/sysclk.o
 .debug_macro   0x00015474       0x1c src/ASF/common/services/clock/same70/sysclk.o
 .debug_macro   0x00015490       0x2e src/ASF/common/services/clock/same70/sysclk.o
 .debug_macro   0x000154be       0x22 src/ASF/common/services/clock/same70/sysclk.o
 .debug_macro   0x000154e0       0x1c src/ASF/common/services/clock/same70/sysclk.o
 .debug_macro   0x000154fc       0x52 src/ASF/common/services/clock/same70/sysclk.o
 .debug_macro   0x0001554e       0x10 src/ASF/common/services/clock/same70/sysclk.o
 .debug_macro   0x0001555e       0x1c src/ASF/common/services/clock/same70/sysclk.o
 .debug_macro   0x0001557a       0x4c src/ASF/common/services/clock/same70/sysclk.o
 .debug_macro   0x000155c6       0x4c src/ASF/common/services/clock/same70/sysclk.o
 .debug_macro   0x00015612       0x4c src/ASF/common/services/clock/same70/sysclk.o
 .debug_macro   0x0001565e      0x31b src/ASF/common/services/clock/same70/sysclk.o
 .debug_macro   0x00015979     0x1022 src/ASF/common/services/clock/same70/sysclk.o
 .debug_macro   0x0001699b      0x100 src/ASF/common/services/clock/same70/sysclk.o
 .debug_macro   0x00016a9b       0x52 src/ASF/common/services/clock/same70/sysclk.o
 .debug_macro   0x00016aed       0x35 src/ASF/common/services/clock/same70/sysclk.o
 .debug_macro   0x00016b22       0x9c src/ASF/common/services/clock/same70/sysclk.o
 .debug_macro   0x00016bbe       0x16 src/ASF/common/services/clock/same70/sysclk.o
 .debug_macro   0x00016bd4       0x35 src/ASF/common/services/clock/same70/sysclk.o
 .debug_macro   0x00016c09      0x330 src/ASF/common/services/clock/same70/sysclk.o
 .debug_macro   0x00016f39       0x10 src/ASF/common/services/clock/same70/sysclk.o
 .debug_macro   0x00016f49       0x52 src/ASF/common/services/clock/same70/sysclk.o
 .debug_macro   0x00016f9b       0x16 src/ASF/common/services/clock/same70/sysclk.o
 .debug_macro   0x00016fb1       0x43 src/ASF/common/services/clock/same70/sysclk.o
 .debug_macro   0x00016ff4      0x187 src/ASF/common/services/clock/same70/sysclk.o
 .debug_macro   0x0001717b       0x22 src/ASF/common/services/clock/same70/sysclk.o
 .debug_macro   0x0001719d       0x3a src/ASF/common/services/clock/same70/sysclk.o
 .debug_macro   0x000171d7       0x10 src/ASF/common/services/clock/same70/sysclk.o
 .debug_macro   0x000171e7       0x40 src/ASF/common/services/clock/same70/sysclk.o
 .debug_macro   0x00017227       0x6c src/ASF/common/services/clock/same70/sysclk.o
 .debug_macro   0x00017293       0x16 src/ASF/common/services/clock/same70/sysclk.o
 .debug_macro   0x000172a9      0x182 src/ASF/common/services/clock/same70/sysclk.o
 .debug_macro   0x0001742b       0x22 src/ASF/common/services/clock/same70/sysclk.o
 .debug_macro   0x0001744d       0x16 src/ASF/common/services/clock/same70/sysclk.o
 .debug_macro   0x00017463       0x16 src/ASF/common/services/clock/same70/sysclk.o
 .debug_macro   0x00017479       0x29 src/ASF/common/services/clock/same70/sysclk.o
 .debug_macro   0x000174a2       0x75 src/ASF/common/services/clock/same70/sysclk.o
 .debug_macro   0x00017517       0x3f src/ASF/common/services/clock/same70/sysclk.o
 .debug_macro   0x00017556      0x3ca src/ASF/common/services/clock/same70/sysclk.o
 .debug_macro   0x00017920      0x2b9 src/ASF/common/services/clock/same70/sysclk.o
 .debug_macro   0x00017bd9      0x8d6 src/ASF/common/services/clock/same70/sysclk.o
 .debug_macro   0x000184af       0x70 src/ASF/common/services/clock/same70/sysclk.o
 .debug_macro   0x0001851f       0x64 src/ASF/common/services/clock/same70/sysclk.o
 .debug_macro   0x00018583       0x5f src/ASF/common/services/clock/same70/sysclk.o
 .debug_macro   0x000185e2       0xac src/ASF/common/services/clock/same70/sysclk.o
 .debug_macro   0x0001868e      0x627 src/ASF/common/utils/interrupt/interrupt_sam_nvic.o
 .debug_macro   0x00018cb5      0x63d src/ASF/sam/drivers/pio/pio.o
 .debug_macro   0x000192f2       0x8e src/ASF/sam/drivers/pio/pio.o
 .debug_macro   0x00019380      0x648 src/ASF/sam/drivers/pio/pio_handler.o
 .debug_macro   0x000199c8      0x63d src/ASF/sam/drivers/pmc/pmc.o
 .debug_macro   0x0001a005       0x6a src/ASF/sam/drivers/pmc/pmc.o
 .debug_macro   0x0001a06f      0x64a src/ASF/sam/drivers/rtc/rtc.o
 .debug_macro   0x0001a6b9      0x63f src/ASF/sam/drivers/tc/tc.o
 .debug_macro   0x0001acf8       0x4c src/ASF/sam/drivers/tc/tc.o
 .debug_macro   0x0001ad44       0x8d src/ASF/sam/drivers/tc/tc.o
 .debug_macro   0x0001add1       0x16 src/ASF/sam/drivers/tc/tc.o
 .debug_macro   0x0001ade7       0x4a src/ASF/sam/drivers/tc/tc.o
 .debug_macro   0x0001ae31       0x1c src/ASF/sam/drivers/tc/tc.o
 .debug_macro   0x0001ae4d      0x636 src/ASF/sam/utils/cmsis/same70/source/templates/gcc/startup_same70.o
 .debug_macro   0x0001b483       0x10 src/ASF/sam/utils/cmsis/same70/source/templates/gcc/startup_same70.o
 .debug_macro   0x0001b493      0x455 src/ASF/sam/utils/cmsis/same70/source/templates/system_same70.o
 .debug_macro   0x0001b8e8      0x7df src/main.o
 .debug_macro   0x0001c0c7       0x40 src/main.o
 .debug_macro   0x0001c107       0x10 src/main.o
 .debug_macro   0x0001c117      0x1ce src/main.o
 .debug_macro   0x0001c2e5       0x16 src/main.o
 .debug_macro   0x0001c2fb       0x1c src/main.o

.debug_line     0x00000000     0x78d5
 .debug_line    0x00000000      0xc3b src/ASF/common/services/clock/same70/sysclk.o
 .debug_line    0x00000c3b      0x9dd src/ASF/common/utils/interrupt/interrupt_sam_nvic.o
 .debug_line    0x00001618      0xdeb src/ASF/sam/drivers/pio/pio.o
 .debug_line    0x00002403      0xaec src/ASF/sam/drivers/pio/pio_handler.o
 .debug_line    0x00002eef     0x10a5 src/ASF/sam/drivers/pmc/pmc.o
 .debug_line    0x00003f94      0xbba src/ASF/sam/drivers/rtc/rtc.o
 .debug_line    0x00004b4e      0xb60 src/ASF/sam/drivers/tc/tc.o
 .debug_line    0x000056ae      0xa94 src/ASF/sam/utils/cmsis/same70/source/templates/gcc/startup_same70.o
 .debug_line    0x00006142      0x819 src/ASF/sam/utils/cmsis/same70/source/templates/system_same70.o
 .debug_line    0x0000695b      0xf7a src/main.o

.debug_str      0x00000000    0x88ecd
 .debug_str     0x00000000    0x84cef src/ASF/common/services/clock/same70/sysclk.o
                              0x85339 (size before relaxing)
 .debug_str     0x00084cef       0x94 src/ASF/common/utils/interrupt/interrupt_sam_nvic.o
                              0x814b7 (size before relaxing)
 .debug_str     0x00084d83      0xb31 src/ASF/sam/drivers/pio/pio.o
                              0x8200d (size before relaxing)
 .debug_str     0x000858b4      0x59e src/ASF/sam/drivers/pio/pio_handler.o
                              0x8207e (size before relaxing)
 .debug_str     0x00085e52      0x7c2 src/ASF/sam/drivers/pmc/pmc.o
                              0x82162 (size before relaxing)
 .debug_str     0x00086614      0x33e src/ASF/sam/drivers/rtc/rtc.o
                              0x817a9 (size before relaxing)
 .debug_str     0x00086952      0x2e2 src/ASF/sam/drivers/tc/tc.o
                              0x817ca (size before relaxing)
 .debug_str     0x00086c34      0x688 src/ASF/sam/utils/cmsis/same70/source/templates/gcc/startup_same70.o
                              0x81c5d (size before relaxing)
 .debug_str     0x000872bc      0x1aa src/ASF/sam/utils/cmsis/same70/source/templates/system_same70.o
                              0x72694 (size before relaxing)
 .debug_str     0x00087466     0x1a67 src/main.o
                              0x87759 (size before relaxing)

.debug_frame    0x00000000     0x21f4
 .debug_frame   0x00000000      0x240 src/ASF/common/services/clock/same70/sysclk.o
 .debug_frame   0x00000240       0x58 src/ASF/common/utils/interrupt/interrupt_sam_nvic.o
 .debug_frame   0x00000298      0x7c0 src/ASF/sam/drivers/pio/pio.o
 .debug_frame   0x00000a58      0x1d0 src/ASF/sam/drivers/pio/pio_handler.o
 .debug_frame   0x00000c28      0xa58 src/ASF/sam/drivers/pmc/pmc.o
 .debug_frame   0x00001680      0x330 src/ASF/sam/drivers/rtc/rtc.o
 .debug_frame   0x000019b0      0x3a8 src/ASF/sam/drivers/tc/tc.o
 .debug_frame   0x00001d58       0xbc src/ASF/sam/utils/cmsis/same70/source/templates/gcc/startup_same70.o
 .debug_frame   0x00001e14       0x78 src/ASF/sam/utils/cmsis/same70/source/templates/system_same70.o
 .debug_frame   0x00001e8c      0x264 src/main.o
 .debug_frame   0x000020f0       0x2c c:/program files (x86)/atmel/studio/7.0/toolchain/arm/arm-gnu-toolchain/bin/../lib/gcc/arm-none-eabi/5.3.1/../../../../arm-none-eabi/lib/armv7e-m\libc.a(lib_a-init.o)
 .debug_frame   0x0000211c       0x50 c:/program files (x86)/atmel/studio/7.0/toolchain/arm/arm-gnu-toolchain/bin/../lib/gcc/arm-none-eabi/5.3.1/../../../../arm-none-eabi/lib/armv7e-m\libc.a(lib_a-__call_atexit.o)
 .debug_frame   0x0000216c       0x20 c:/program files (x86)/atmel/studio/7.0/toolchain/arm/arm-gnu-toolchain/bin/../lib/gcc/arm-none-eabi/5.3.1/../../../../arm-none-eabi/lib/armv7e-m\libc.a(lib_a-atexit.o)
 .debug_frame   0x0000218c       0x34 c:/program files (x86)/atmel/studio/7.0/toolchain/arm/arm-gnu-toolchain/bin/../lib/gcc/arm-none-eabi/5.3.1/../../../../arm-none-eabi/lib/armv7e-m\libc.a(lib_a-fini.o)
 .debug_frame   0x000021c0       0x34 c:/program files (x86)/atmel/studio/7.0/toolchain/arm/arm-gnu-toolchain/bin/../lib/gcc/arm-none-eabi/5.3.1/../../../../arm-none-eabi/lib/armv7e-m\libc.a(lib_a-__atexit.o)

Cross Reference Table

Symbol                                            File
ACC_Handler                                       src/ASF/sam/utils/cmsis/same70/source/templates/gcc/startup_same70.o
AES_Handler                                       src/ASF/sam/utils/cmsis/same70/source/templates/gcc/startup_same70.o
AFEC0_Handler                                     src/ASF/sam/utils/cmsis/same70/source/templates/gcc/startup_same70.o
AFEC1_Handler                                     src/ASF/sam/utils/cmsis/same70/source/templates/gcc/startup_same70.o
BUT_init                                          src/main.o
BusFault_Handler                                  src/ASF/sam/utils/cmsis/same70/source/templates/gcc/startup_same70.o
DACC_Handler                                      src/ASF/sam/utils/cmsis/same70/source/templates/gcc/startup_same70.o
DebugMon_Handler                                  src/ASF/sam/utils/cmsis/same70/source/templates/gcc/startup_same70.o
Dummy_Handler                                     src/ASF/sam/utils/cmsis/same70/source/templates/gcc/startup_same70.o
EFC_Handler                                       src/ASF/sam/utils/cmsis/same70/source/templates/gcc/startup_same70.o
GMAC_Handler                                      src/ASF/sam/utils/cmsis/same70/source/templates/gcc/startup_same70.o
HSMCI_Handler                                     src/ASF/sam/utils/cmsis/same70/source/templates/gcc/startup_same70.o
HardFault_Handler                                 src/ASF/sam/utils/cmsis/same70/source/templates/gcc/startup_same70.o
ICM_Handler                                       src/ASF/sam/utils/cmsis/same70/source/templates/gcc/startup_same70.o
ISI_Handler                                       src/ASF/sam/utils/cmsis/same70/source/templates/gcc/startup_same70.o
LED_init                                          src/main.o
MCAN0_Handler                                     src/ASF/sam/utils/cmsis/same70/source/templates/gcc/startup_same70.o
MCAN1_Handler                                     src/ASF/sam/utils/cmsis/same70/source/templates/gcc/startup_same70.o
MemManage_Handler                                 src/ASF/sam/utils/cmsis/same70/source/templates/gcc/startup_same70.o
NMI_Handler                                       src/ASF/sam/utils/cmsis/same70/source/templates/gcc/startup_same70.o
PIOA_Handler                                      src/ASF/sam/drivers/pio/pio_handler.o
PIOB_Handler                                      src/ASF/sam/drivers/pio/pio_handler.o
PIOC_Handler                                      src/ASF/sam/drivers/pio/pio_handler.o
PIOD_Handler                                      src/ASF/sam/drivers/pio/pio_handler.o
PIOE_Handler                                      src/ASF/sam/drivers/pio/pio_handler.o
PMC_Handler                                       src/ASF/sam/utils/cmsis/same70/source/templates/gcc/startup_same70.o
PWM0_Handler                                      src/ASF/sam/utils/cmsis/same70/source/templates/gcc/startup_same70.o
PWM1_Handler                                      src/ASF/sam/utils/cmsis/same70/source/templates/gcc/startup_same70.o
PendSV_Handler                                    src/ASF/sam/utils/cmsis/same70/source/templates/gcc/startup_same70.o
QSPI_Handler                                      src/ASF/sam/utils/cmsis/same70/source/templates/gcc/startup_same70.o
RSTC_Handler                                      src/ASF/sam/utils/cmsis/same70/source/templates/gcc/startup_same70.o
RSWDT_Handler                                     src/ASF/sam/utils/cmsis/same70/source/templates/gcc/startup_same70.o
RTC_Handler                                       src/main.o
                                                  src/ASF/sam/utils/cmsis/same70/source/templates/gcc/startup_same70.o
RTC_init                                          src/main.o
RTT_Handler                                       src/ASF/sam/utils/cmsis/same70/source/templates/gcc/startup_same70.o
Reset_Handler                                     src/ASF/sam/utils/cmsis/same70/source/templates/gcc/startup_same70.o
SDRAMC_Handler                                    src/ASF/sam/utils/cmsis/same70/source/templates/gcc/startup_same70.o
SPI0_Handler                                      src/ASF/sam/utils/cmsis/same70/source/templates/gcc/startup_same70.o
SPI1_Handler                                      src/ASF/sam/utils/cmsis/same70/source/templates/gcc/startup_same70.o
SSC_Handler                                       src/ASF/sam/utils/cmsis/same70/source/templates/gcc/startup_same70.o
SUPC_Handler                                      src/ASF/sam/utils/cmsis/same70/source/templates/gcc/startup_same70.o
SVC_Handler                                       src/ASF/sam/utils/cmsis/same70/source/templates/gcc/startup_same70.o
SysTick_Handler                                   src/ASF/sam/utils/cmsis/same70/source/templates/gcc/startup_same70.o
SystemCoreClock                                   src/ASF/sam/utils/cmsis/same70/source/templates/system_same70.o
SystemCoreClockUpdate                             src/ASF/sam/utils/cmsis/same70/source/templates/system_same70.o
                                                  src/ASF/common/services/clock/same70/sysclk.o
SystemInit                                        src/ASF/sam/utils/cmsis/same70/source/templates/system_same70.o
TC0_Handler                                       src/ASF/sam/utils/cmsis/same70/source/templates/gcc/startup_same70.o
TC10_Handler                                      src/ASF/sam/utils/cmsis/same70/source/templates/gcc/startup_same70.o
TC11_Handler                                      src/ASF/sam/utils/cmsis/same70/source/templates/gcc/startup_same70.o
TC1_Handler                                       src/main.o
                                                  src/ASF/sam/utils/cmsis/same70/source/templates/gcc/startup_same70.o
TC1_init                                          src/main.o
TC2_Handler                                       src/ASF/sam/utils/cmsis/same70/source/templates/gcc/startup_same70.o
TC3_Handler                                       src/ASF/sam/utils/cmsis/same70/source/templates/gcc/startup_same70.o
TC4_Handler                                       src/ASF/sam/utils/cmsis/same70/source/templates/gcc/startup_same70.o
TC5_Handler                                       src/ASF/sam/utils/cmsis/same70/source/templates/gcc/startup_same70.o
TC6_Handler                                       src/ASF/sam/utils/cmsis/same70/source/templates/gcc/startup_same70.o
TC7_Handler                                       src/ASF/sam/utils/cmsis/same70/source/templates/gcc/startup_same70.o
TC8_Handler                                       src/ASF/sam/utils/cmsis/same70/source/templates/gcc/startup_same70.o
TC9_Handler                                       src/ASF/sam/utils/cmsis/same70/source/templates/gcc/startup_same70.o
TRNG_Handler                                      src/ASF/sam/utils/cmsis/same70/source/templates/gcc/startup_same70.o
TWIHS0_Handler                                    src/ASF/sam/utils/cmsis/same70/source/templates/gcc/startup_same70.o
TWIHS1_Handler                                    src/ASF/sam/utils/cmsis/same70/source/templates/gcc/startup_same70.o
TWIHS2_Handler                                    src/ASF/sam/utils/cmsis/same70/source/templates/gcc/startup_same70.o
UART0_Handler                                     src/ASF/sam/utils/cmsis/same70/source/templates/gcc/startup_same70.o
UART1_Handler                                     src/ASF/sam/utils/cmsis/same70/source/templates/gcc/startup_same70.o
UART2_Handler                                     src/ASF/sam/utils/cmsis/same70/source/templates/gcc/startup_same70.o
UART3_Handler                                     src/ASF/sam/utils/cmsis/same70/source/templates/gcc/startup_same70.o
UART4_Handler                                     src/ASF/sam/utils/cmsis/same70/source/templates/gcc/startup_same70.o
USART0_Handler                                    src/ASF/sam/utils/cmsis/same70/source/templates/gcc/startup_same70.o
USART1_Handler                                    src/ASF/sam/utils/cmsis/same70/source/templates/gcc/startup_same70.o
USART2_Handler                                    src/ASF/sam/utils/cmsis/same70/source/templates/gcc/startup_same70.o
USBHS_Handler                                     src/ASF/sam/utils/cmsis/same70/source/templates/gcc/startup_same70.o
UsageFault_Handler                                src/ASF/sam/utils/cmsis/same70/source/templates/gcc/startup_same70.o
WDT_Handler                                       src/ASF/sam/utils/cmsis/same70/source/templates/gcc/startup_same70.o
XDMAC_Handler                                     src/ASF/sam/utils/cmsis/same70/source/templates/gcc/startup_same70.o
_Jv_RegisterClasses                               c:/program files (x86)/atmel/studio/7.0/toolchain/arm/arm-gnu-toolchain/bin/../lib/gcc/arm-none-eabi/5.3.1/armv7e-m/crtbegin.o
__bss_end__                                       c:/program files (x86)/atmel/studio/7.0/toolchain/arm/arm-gnu-toolchain/bin/../lib/gcc/arm-none-eabi/5.3.1/../../../../arm-none-eabi/lib/armv7e-m/crt0.o
__bss_start__                                     c:/program files (x86)/atmel/studio/7.0/toolchain/arm/arm-gnu-toolchain/bin/../lib/gcc/arm-none-eabi/5.3.1/../../../../arm-none-eabi/lib/armv7e-m/crt0.o
__call_exitprocs                                  c:/program files (x86)/atmel/studio/7.0/toolchain/arm/arm-gnu-toolchain/bin/../lib/gcc/arm-none-eabi/5.3.1/../../../../arm-none-eabi/lib/armv7e-m\libc.a(lib_a-__call_atexit.o)
                                                  c:/program files (x86)/atmel/studio/7.0/toolchain/arm/arm-gnu-toolchain/bin/../lib/gcc/arm-none-eabi/5.3.1/../../../../arm-none-eabi/lib/armv7e-m\libc.a(lib_a-exit.o)
__deregister_frame_info                           c:/program files (x86)/atmel/studio/7.0/toolchain/arm/arm-gnu-toolchain/bin/../lib/gcc/arm-none-eabi/5.3.1/armv7e-m/crtbegin.o
__dso_handle                                      c:/program files (x86)/atmel/studio/7.0/toolchain/arm/arm-gnu-toolchain/bin/../lib/gcc/arm-none-eabi/5.3.1/armv7e-m/crtbegin.o
__fini_array_end                                  c:/program files (x86)/atmel/studio/7.0/toolchain/arm/arm-gnu-toolchain/bin/../lib/gcc/arm-none-eabi/5.3.1/../../../../arm-none-eabi/lib/armv7e-m\libc.a(lib_a-fini.o)
__fini_array_start                                c:/program files (x86)/atmel/studio/7.0/toolchain/arm/arm-gnu-toolchain/bin/../lib/gcc/arm-none-eabi/5.3.1/../../../../arm-none-eabi/lib/armv7e-m\libc.a(lib_a-fini.o)
__init_array_end                                  c:/program files (x86)/atmel/studio/7.0/toolchain/arm/arm-gnu-toolchain/bin/../lib/gcc/arm-none-eabi/5.3.1/../../../../arm-none-eabi/lib/armv7e-m\libc.a(lib_a-init.o)
__init_array_start                                c:/program files (x86)/atmel/studio/7.0/toolchain/arm/arm-gnu-toolchain/bin/../lib/gcc/arm-none-eabi/5.3.1/../../../../arm-none-eabi/lib/armv7e-m\libc.a(lib_a-init.o)
__libc_fini                                       c:/program files (x86)/atmel/studio/7.0/toolchain/arm/arm-gnu-toolchain/bin/../lib/gcc/arm-none-eabi/5.3.1/../../../../arm-none-eabi/lib/armv7e-m\libc.a(lib_a-__call_atexit.o)
__libc_fini_array                                 c:/program files (x86)/atmel/studio/7.0/toolchain/arm/arm-gnu-toolchain/bin/../lib/gcc/arm-none-eabi/5.3.1/../../../../arm-none-eabi/lib/armv7e-m\libc.a(lib_a-fini.o)
                                                  c:/program files (x86)/atmel/studio/7.0/toolchain/arm/arm-gnu-toolchain/bin/../lib/gcc/arm-none-eabi/5.3.1/../../../../arm-none-eabi/lib/armv7e-m\libc.a(lib_a-__call_atexit.o)
                                                  c:/program files (x86)/atmel/studio/7.0/toolchain/arm/arm-gnu-toolchain/bin/../lib/gcc/arm-none-eabi/5.3.1/../../../../arm-none-eabi/lib/armv7e-m/crt0.o
__libc_init_array                                 c:/program files (x86)/atmel/studio/7.0/toolchain/arm/arm-gnu-toolchain/bin/../lib/gcc/arm-none-eabi/5.3.1/../../../../arm-none-eabi/lib/armv7e-m\libc.a(lib_a-init.o)
                                                  src/ASF/sam/utils/cmsis/same70/source/templates/gcc/startup_same70.o
                                                  c:/program files (x86)/atmel/studio/7.0/toolchain/arm/arm-gnu-toolchain/bin/../lib/gcc/arm-none-eabi/5.3.1/../../../../arm-none-eabi/lib/armv7e-m/crt0.o
__preinit_array_end                               c:/program files (x86)/atmel/studio/7.0/toolchain/arm/arm-gnu-toolchain/bin/../lib/gcc/arm-none-eabi/5.3.1/../../../../arm-none-eabi/lib/armv7e-m\libc.a(lib_a-init.o)
__preinit_array_start                             c:/program files (x86)/atmel/studio/7.0/toolchain/arm/arm-gnu-toolchain/bin/../lib/gcc/arm-none-eabi/5.3.1/../../../../arm-none-eabi/lib/armv7e-m\libc.a(lib_a-init.o)
__ram_end__                                       src/ASF/sam/utils/syscalls/gcc/syscalls.o
__register_exitproc                               c:/program files (x86)/atmel/studio/7.0/toolchain/arm/arm-gnu-toolchain/bin/../lib/gcc/arm-none-eabi/5.3.1/../../../../arm-none-eabi/lib/armv7e-m\libc.a(lib_a-__atexit.o)
                                                  c:/program files (x86)/atmel/studio/7.0/toolchain/arm/arm-gnu-toolchain/bin/../lib/gcc/arm-none-eabi/5.3.1/../../../../arm-none-eabi/lib/armv7e-m\libc.a(lib_a-atexit.o)
__register_frame_info                             c:/program files (x86)/atmel/studio/7.0/toolchain/arm/arm-gnu-toolchain/bin/../lib/gcc/arm-none-eabi/5.3.1/armv7e-m/crtbegin.o
__stack                                           c:/program files (x86)/atmel/studio/7.0/toolchain/arm/arm-gnu-toolchain/bin/../lib/gcc/arm-none-eabi/5.3.1/../../../../arm-none-eabi/lib/armv7e-m/crt0.o
_close                                            src/ASF/sam/utils/syscalls/gcc/syscalls.o
_end                                              src/ASF/sam/utils/syscalls/gcc/syscalls.o
_erelocate                                        src/ASF/sam/utils/cmsis/same70/source/templates/gcc/startup_same70.o
_estack                                           src/ASF/sam/utils/cmsis/same70/source/templates/gcc/startup_same70.o
_etext                                            src/ASF/sam/utils/cmsis/same70/source/templates/gcc/startup_same70.o
_exit                                             src/ASF/sam/utils/syscalls/gcc/syscalls.o
                                                  c:/program files (x86)/atmel/studio/7.0/toolchain/arm/arm-gnu-toolchain/bin/../lib/gcc/arm-none-eabi/5.3.1/../../../../arm-none-eabi/lib/armv7e-m\libc.a(lib_a-exit.o)
_ezero                                            src/ASF/sam/utils/cmsis/same70/source/templates/gcc/startup_same70.o
_fini                                             c:/program files (x86)/atmel/studio/7.0/toolchain/arm/arm-gnu-toolchain/bin/../lib/gcc/arm-none-eabi/5.3.1/armv7e-m/crti.o
                                                  c:/program files (x86)/atmel/studio/7.0/toolchain/arm/arm-gnu-toolchain/bin/../lib/gcc/arm-none-eabi/5.3.1/../../../../arm-none-eabi/lib/armv7e-m\libc.a(lib_a-fini.o)
_fstat                                            src/ASF/sam/utils/syscalls/gcc/syscalls.o
_getpid                                           src/ASF/sam/utils/syscalls/gcc/syscalls.o
_global_impure_ptr                                c:/program files (x86)/atmel/studio/7.0/toolchain/arm/arm-gnu-toolchain/bin/../lib/gcc/arm-none-eabi/5.3.1/../../../../arm-none-eabi/lib/armv7e-m\libc.a(lib_a-impure.o)
                                                  c:/program files (x86)/atmel/studio/7.0/toolchain/arm/arm-gnu-toolchain/bin/../lib/gcc/arm-none-eabi/5.3.1/../../../../arm-none-eabi/lib/armv7e-m\libc.a(lib_a-__atexit.o)
                                                  c:/program files (x86)/atmel/studio/7.0/toolchain/arm/arm-gnu-toolchain/bin/../lib/gcc/arm-none-eabi/5.3.1/../../../../arm-none-eabi/lib/armv7e-m\libc.a(lib_a-__call_atexit.o)
                                                  c:/program files (x86)/atmel/studio/7.0/toolchain/arm/arm-gnu-toolchain/bin/../lib/gcc/arm-none-eabi/5.3.1/../../../../arm-none-eabi/lib/armv7e-m\libc.a(lib_a-exit.o)
_impure_ptr                                       c:/program files (x86)/atmel/studio/7.0/toolchain/arm/arm-gnu-toolchain/bin/../lib/gcc/arm-none-eabi/5.3.1/../../../../arm-none-eabi/lib/armv7e-m\libc.a(lib_a-impure.o)
_init                                             c:/program files (x86)/atmel/studio/7.0/toolchain/arm/arm-gnu-toolchain/bin/../lib/gcc/arm-none-eabi/5.3.1/armv7e-m/crti.o
                                                  c:/program files (x86)/atmel/studio/7.0/toolchain/arm/arm-gnu-toolchain/bin/../lib/gcc/arm-none-eabi/5.3.1/../../../../arm-none-eabi/lib/armv7e-m\libc.a(lib_a-init.o)
_isatty                                           src/ASF/sam/utils/syscalls/gcc/syscalls.o
_kill                                             src/ASF/sam/utils/syscalls/gcc/syscalls.o
_lseek                                            src/ASF/sam/utils/syscalls/gcc/syscalls.o
_mainCRTStartup                                   c:/program files (x86)/atmel/studio/7.0/toolchain/arm/arm-gnu-toolchain/bin/../lib/gcc/arm-none-eabi/5.3.1/../../../../arm-none-eabi/lib/armv7e-m/crt0.o
_read                                             src/ASF/common/utils/stdio/read.o
_sbrk                                             src/ASF/sam/utils/syscalls/gcc/syscalls.o
_sfixed                                           src/ASF/sam/utils/cmsis/same70/source/templates/gcc/startup_same70.o
_srelocate                                        src/ASF/sam/utils/cmsis/same70/source/templates/gcc/startup_same70.o
_start                                            c:/program files (x86)/atmel/studio/7.0/toolchain/arm/arm-gnu-toolchain/bin/../lib/gcc/arm-none-eabi/5.3.1/../../../../arm-none-eabi/lib/armv7e-m/crt0.o
_szero                                            src/ASF/sam/utils/cmsis/same70/source/templates/gcc/startup_same70.o
_write                                            src/ASF/common/utils/stdio/write.o
atexit                                            c:/program files (x86)/atmel/studio/7.0/toolchain/arm/arm-gnu-toolchain/bin/../lib/gcc/arm-none-eabi/5.3.1/../../../../arm-none-eabi/lib/armv7e-m\libc.a(lib_a-atexit.o)
                                                  c:/program files (x86)/atmel/studio/7.0/toolchain/arm/arm-gnu-toolchain/bin/../lib/gcc/arm-none-eabi/5.3.1/../../../../arm-none-eabi/lib/armv7e-m\libc.a(lib_a-__call_atexit.o)
                                                  c:/program files (x86)/atmel/studio/7.0/toolchain/arm/arm-gnu-toolchain/bin/../lib/gcc/arm-none-eabi/5.3.1/../../../../arm-none-eabi/lib/armv7e-m/crt0.o
board_init                                        src/ASF/sam/boards/same70_xplained/init.o
cpu_irq_enter_critical                            src/ASF/common/utils/interrupt/interrupt_sam_nvic.o
cpu_irq_leave_critical                            src/ASF/common/utils/interrupt/interrupt_sam_nvic.o
exception_table                                   src/ASF/sam/utils/cmsis/same70/source/templates/gcc/startup_same70.o
exit                                              c:/program files (x86)/atmel/studio/7.0/toolchain/arm/arm-gnu-toolchain/bin/../lib/gcc/arm-none-eabi/5.3.1/../../../../arm-none-eabi/lib/armv7e-m\libc.a(lib_a-exit.o)
                                                  c:/program files (x86)/atmel/studio/7.0/toolchain/arm/arm-gnu-toolchain/bin/../lib/gcc/arm-none-eabi/5.3.1/../../../../arm-none-eabi/lib/armv7e-m/crt0.o
free                                              c:/program files (x86)/atmel/studio/7.0/toolchain/arm/arm-gnu-toolchain/bin/../lib/gcc/arm-none-eabi/5.3.1/../../../../arm-none-eabi/lib/armv7e-m\libc.a(lib_a-__call_atexit.o)
g_interrupt_enabled                               src/ASF/common/utils/interrupt/interrupt_sam_nvic.o
                                                  src/ASF/sam/utils/cmsis/same70/source/templates/gcc/startup_same70.o
                                                  src/ASF/sam/drivers/pmc/sleep.o
                                                  src/ASF/sam/drivers/mpu/mpu.o
hardware_init_hook                                c:/program files (x86)/atmel/studio/7.0/toolchain/arm/arm-gnu-toolchain/bin/../lib/gcc/arm-none-eabi/5.3.1/../../../../arm-none-eabi/lib/armv7e-m/crt0.o
link                                              src/ASF/sam/utils/syscalls/gcc/syscalls.o
main                                              src/main.o
                                                  src/ASF/sam/utils/cmsis/same70/source/templates/gcc/startup_same70.o
                                                  c:/program files (x86)/atmel/studio/7.0/toolchain/arm/arm-gnu-toolchain/bin/../lib/gcc/arm-none-eabi/5.3.1/../../../../arm-none-eabi/lib/armv7e-m/crt0.o
malloc                                            c:/program files (x86)/atmel/studio/7.0/toolchain/arm/arm-gnu-toolchain/bin/../lib/gcc/arm-none-eabi/5.3.1/../../../../arm-none-eabi/lib/armv7e-m\libc.a(lib_a-__atexit.o)
matrix_get_master_burst_type                      src/ASF/sam/drivers/matrix/matrix.o
matrix_get_master_remap                           src/ASF/sam/drivers/matrix/matrix.o
matrix_get_nandflash_cs                           src/ASF/sam/drivers/matrix/matrix.o
matrix_get_slave_default_master_type              src/ASF/sam/drivers/matrix/matrix.o
matrix_get_slave_fixed_default_master             src/ASF/sam/drivers/matrix/matrix.o
matrix_get_slave_priority                         src/ASF/sam/drivers/matrix/matrix.o
matrix_get_slave_priority_b                       src/ASF/sam/drivers/matrix/matrix.o
matrix_get_slave_slot_cycle                       src/ASF/sam/drivers/matrix/matrix.o
matrix_get_system_io                              src/ASF/sam/drivers/matrix/matrix.o
matrix_get_writeprotect_status                    src/ASF/sam/drivers/matrix/matrix.o
matrix_set_can0_addr                              src/ASF/sam/drivers/matrix/matrix.o
matrix_set_can1_addr                              src/ASF/sam/drivers/matrix/matrix.o
matrix_set_master_burst_type                      src/ASF/sam/drivers/matrix/matrix.o
matrix_set_master_remap                           src/ASF/sam/drivers/matrix/matrix.o
matrix_set_nandflash_cs                           src/ASF/sam/drivers/matrix/matrix.o
matrix_set_slave_default_master_type              src/ASF/sam/drivers/matrix/matrix.o
matrix_set_slave_fixed_default_master             src/ASF/sam/drivers/matrix/matrix.o
matrix_set_slave_priority                         src/ASF/sam/drivers/matrix/matrix.o
matrix_set_slave_priority_b                       src/ASF/sam/drivers/matrix/matrix.o
matrix_set_slave_slot_cycle                       src/ASF/sam/drivers/matrix/matrix.o
matrix_set_system_io                              src/ASF/sam/drivers/matrix/matrix.o
matrix_set_writeprotect                           src/ASF/sam/drivers/matrix/matrix.o
memset                                            c:/program files (x86)/atmel/studio/7.0/toolchain/arm/arm-gnu-toolchain/bin/../lib/gcc/arm-none-eabi/5.3.1/../../../../arm-none-eabi/lib/armv7e-m\libc.a(lib_a-memset.o)
                                                  c:/program files (x86)/atmel/studio/7.0/toolchain/arm/arm-gnu-toolchain/bin/../lib/gcc/arm-none-eabi/5.3.1/../../../../arm-none-eabi/lib/armv7e-m/crt0.o
mpu_cal_mpu_region_size                           src/ASF/sam/drivers/mpu/mpu.o
mpu_disable_region                                src/ASF/sam/drivers/mpu/mpu.o
mpu_enable                                        src/ASF/sam/drivers/mpu/mpu.o
mpu_set_region                                    src/ASF/sam/drivers/mpu/mpu.o
mpu_set_region_num                                src/ASF/sam/drivers/mpu/mpu.o
mpu_update_regions                                src/ASF/sam/drivers/mpu/mpu.o
pin_toggle                                        src/main.o
pio_capture_disable                               src/ASF/sam/drivers/pio/pio.o
pio_capture_disable_interrupt                     src/ASF/sam/drivers/pio/pio.o
pio_capture_enable                                src/ASF/sam/drivers/pio/pio.o
pio_capture_enable_flag                           src/ASF/sam/drivers/pio/pio.o
pio_capture_enable_interrupt                      src/ASF/sam/drivers/pio/pio.o
pio_capture_get_interrupt_mask                    src/ASF/sam/drivers/pio/pio.o
pio_capture_get_interrupt_status                  src/ASF/sam/drivers/pio/pio.o
pio_capture_read                                  src/ASF/sam/drivers/pio/pio.o
pio_capture_set_mode                              src/ASF/sam/drivers/pio/pio.o
pio_clear                                         src/ASF/sam/drivers/pio/pio.o
                                                  src/main.o
pio_configure                                     src/ASF/sam/drivers/pio/pio.o
pio_configure_interrupt                           src/ASF/sam/drivers/pio/pio.o
                                                  src/ASF/sam/drivers/pio/pio_handler.o
pio_configure_pin                                 src/ASF/sam/drivers/pio/pio.o
pio_configure_pin_group                           src/ASF/sam/drivers/pio/pio.o
pio_disable_interrupt                             src/ASF/sam/drivers/pio/pio.o
                                                  src/ASF/sam/drivers/pio/pio_handler.o
pio_disable_output_write                          src/ASF/sam/drivers/pio/pio.o
pio_disable_pin_interrupt                         src/ASF/sam/drivers/pio/pio.o
pio_enable_interrupt                              src/ASF/sam/drivers/pio/pio.o
                                                  src/main.o
                                                  src/ASF/sam/drivers/pio/pio_handler.o
pio_enable_output_write                           src/ASF/sam/drivers/pio/pio.o
pio_enable_pin_interrupt                          src/ASF/sam/drivers/pio/pio.o
pio_get                                           src/ASF/sam/drivers/pio/pio.o
pio_get_interrupt_mask                            src/ASF/sam/drivers/pio/pio.o
                                                  src/ASF/sam/drivers/pio/pio_handler.o
pio_get_interrupt_status                          src/ASF/sam/drivers/pio/pio.o
                                                  src/ASF/sam/drivers/pio/pio_handler.o
pio_get_multi_driver_status                       src/ASF/sam/drivers/pio/pio.o
pio_get_output_data_status                        src/ASF/sam/drivers/pio/pio.o
                                                  src/main.o
pio_get_output_write_status                       src/ASF/sam/drivers/pio/pio.o
pio_get_pin_group                                 src/ASF/sam/drivers/pio/pio.o
                                                  src/ASF/sam/drivers/pio/pio_handler.o
pio_get_pin_group_id                              src/ASF/sam/drivers/pio/pio.o
                                                  src/ASF/sam/drivers/pio/pio_handler.o
pio_get_pin_group_mask                            src/ASF/sam/drivers/pio/pio.o
                                                  src/ASF/sam/drivers/pio/pio_handler.o
pio_get_pin_value                                 src/ASF/sam/drivers/pio/pio.o
pio_get_schmitt_trigger                           src/ASF/sam/drivers/pio/pio.o
pio_get_writeprotect_status                       src/ASF/sam/drivers/pio/pio.o
pio_handler_process                               src/ASF/sam/drivers/pio/pio_handler.o
pio_handler_set                                   src/ASF/sam/drivers/pio/pio_handler.o
                                                  src/main.o
pio_handler_set_pin                               src/ASF/sam/drivers/pio/pio_handler.o
pio_handler_set_priority                          src/ASF/sam/drivers/pio/pio_handler.o
pio_pull_down                                     src/ASF/sam/drivers/pio/pio.o
pio_pull_up                                       src/ASF/sam/drivers/pio/pio.o
pio_set                                           src/ASF/sam/drivers/pio/pio.o
                                                  src/main.o
pio_set_additional_interrupt_mode                 src/ASF/sam/drivers/pio/pio.o
pio_set_debounce_filter                           src/ASF/sam/drivers/pio/pio.o
pio_set_input                                     src/ASF/sam/drivers/pio/pio.o
                                                  src/main.o
pio_set_io_drive                                  src/ASF/sam/drivers/pio/pio.o
pio_set_multi_driver                              src/ASF/sam/drivers/pio/pio.o
pio_set_output                                    src/ASF/sam/drivers/pio/pio.o
                                                  src/main.o
pio_set_peripheral                                src/ASF/sam/drivers/pio/pio.o
pio_set_pin_group_high                            src/ASF/sam/drivers/pio/pio.o
pio_set_pin_group_low                             src/ASF/sam/drivers/pio/pio.o
pio_set_pin_high                                  src/ASF/sam/drivers/pio/pio.o
pio_set_pin_low                                   src/ASF/sam/drivers/pio/pio.o
pio_set_schmitt_trigger                           src/ASF/sam/drivers/pio/pio.o
pio_set_writeprotect                              src/ASF/sam/drivers/pio/pio.o
pio_sync_output_write                             src/ASF/sam/drivers/pio/pio.o
pio_toggle_pin                                    src/ASF/sam/drivers/pio/pio.o
pio_toggle_pin_group                              src/ASF/sam/drivers/pio/pio.o
pmc_clr_fast_startup_input                        src/ASF/sam/drivers/pmc/pmc.o
pmc_disable_all_pck                               src/ASF/sam/drivers/pmc/pmc.o
pmc_disable_all_periph_clk                        src/ASF/sam/drivers/pmc/pmc.o
pmc_disable_clock_failure_detector                src/ASF/sam/drivers/pmc/pmc.o
pmc_disable_interrupt                             src/ASF/sam/drivers/pmc/pmc.o
pmc_disable_pck                                   src/ASF/sam/drivers/pmc/pmc.o
pmc_disable_periph_clk                            src/ASF/sam/drivers/pmc/pmc.o
pmc_disable_pllack                                src/ASF/sam/drivers/pmc/pmc.o
                                                  src/ASF/sam/drivers/pmc/sleep.o
                                                  src/ASF/common/services/clock/same70/sysclk.o
pmc_disable_sclk_osc_freq_monitor                 src/ASF/sam/drivers/pmc/pmc.o
pmc_disable_sleepwalking                          src/ASF/sam/drivers/pmc/pmc.o
pmc_disable_udpck                                 src/ASF/sam/drivers/pmc/pmc.o
                                                  src/ASF/common/services/clock/same70/sysclk.o
pmc_disable_upll_clock                            src/ASF/sam/drivers/pmc/pmc.o
pmc_enable_all_pck                                src/ASF/sam/drivers/pmc/pmc.o
pmc_enable_all_periph_clk                         src/ASF/sam/drivers/pmc/pmc.o
pmc_enable_backupmode                             src/ASF/sam/drivers/pmc/pmc.o
pmc_enable_clock_failure_detector                 src/ASF/sam/drivers/pmc/pmc.o
pmc_enable_interrupt                              src/ASF/sam/drivers/pmc/pmc.o
pmc_enable_pck                                    src/ASF/sam/drivers/pmc/pmc.o
pmc_enable_periph_clk                             src/ASF/sam/drivers/pmc/pmc.o
                                                  src/main.o
                                                  src/ASF/sam/boards/same70_xplained/init.o
pmc_enable_pllack                                 src/ASF/sam/drivers/pmc/pmc.o
pmc_enable_sclk_osc_freq_monitor                  src/ASF/sam/drivers/pmc/pmc.o
pmc_enable_sleepmode                              src/ASF/sam/drivers/pmc/pmc.o
pmc_enable_sleepwalking                           src/ASF/sam/drivers/pmc/pmc.o
pmc_enable_udpck                                  src/ASF/sam/drivers/pmc/pmc.o
                                                  src/ASF/common/services/clock/same70/sysclk.o
pmc_enable_upll_clock                             src/ASF/sam/drivers/pmc/pmc.o
                                                  src/ASF/common/services/clock/same70/sysclk.o
pmc_enable_waitmode                               src/ASF/sam/drivers/pmc/pmc.o
                                                  src/ASF/sam/drivers/pmc/sleep.o
pmc_get_active_status0                            src/ASF/sam/drivers/pmc/pmc.o
pmc_get_active_status1                            src/ASF/sam/drivers/pmc/pmc.o
pmc_get_interrupt_mask                            src/ASF/sam/drivers/pmc/pmc.o
pmc_get_sleepwalking_status0                      src/ASF/sam/drivers/pmc/pmc.o
pmc_get_sleepwalking_status1                      src/ASF/sam/drivers/pmc/pmc.o
pmc_get_status                                    src/ASF/sam/drivers/pmc/pmc.o
pmc_get_writeprotect_status                       src/ASF/sam/drivers/pmc/pmc.o
pmc_is_locked_pllack                              src/ASF/sam/drivers/pmc/pmc.o
                                                  src/ASF/common/services/clock/same70/sysclk.o
pmc_is_locked_upll                                src/ASF/sam/drivers/pmc/pmc.o
                                                  src/ASF/common/services/clock/same70/sysclk.o
pmc_is_pck_enabled                                src/ASF/sam/drivers/pmc/pmc.o
pmc_is_periph_clk_enabled                         src/ASF/sam/drivers/pmc/pmc.o
pmc_is_wakeup_clocks_restored                     src/ASF/sam/drivers/pmc/sleep.o
pmc_mainck_osc_select                             src/ASF/sam/drivers/pmc/pmc.o
pmc_mck_set_division                              src/ASF/sam/drivers/pmc/pmc.o
                                                  src/ASF/common/services/clock/same70/sysclk.o
pmc_mck_set_prescaler                             src/ASF/sam/drivers/pmc/pmc.o
                                                  src/ASF/common/services/clock/same70/sysclk.o
pmc_mck_set_source                                src/ASF/sam/drivers/pmc/pmc.o
                                                  src/ASF/common/services/clock/same70/sysclk.o
pmc_osc_bypass_main_xtal                          src/ASF/sam/drivers/pmc/pmc.o
pmc_osc_disable_fastrc                            src/ASF/sam/drivers/pmc/pmc.o
pmc_osc_disable_main_xtal                         src/ASF/sam/drivers/pmc/pmc.o
pmc_osc_disable_xtal                              src/ASF/sam/drivers/pmc/pmc.o
pmc_osc_enable_fastrc                             src/ASF/sam/drivers/pmc/pmc.o
pmc_osc_enable_main_xtal                          src/ASF/sam/drivers/pmc/pmc.o
pmc_osc_is_bypassed_main_xtal                     src/ASF/sam/drivers/pmc/pmc.o
pmc_osc_is_ready_32kxtal                          src/ASF/sam/drivers/pmc/pmc.o
                                                  src/ASF/common/services/clock/same70/sysclk.o
pmc_osc_is_ready_fastrc                           src/ASF/sam/drivers/pmc/pmc.o
pmc_osc_is_ready_main_xtal                        src/ASF/sam/drivers/pmc/pmc.o
pmc_osc_is_ready_mainck                           src/ASF/sam/drivers/pmc/pmc.o
                                                  src/ASF/common/services/clock/same70/sysclk.o
pmc_pck_set_prescaler                             src/ASF/sam/drivers/pmc/pmc.o
pmc_pck_set_source                                src/ASF/sam/drivers/pmc/pmc.o
pmc_set_fast_startup_input                        src/ASF/sam/drivers/pmc/pmc.o
pmc_set_flash_in_wait_mode                        src/ASF/sam/drivers/pmc/pmc.o
                                                  src/ASF/sam/drivers/pmc/sleep.o
pmc_set_writeprotect                              src/ASF/sam/drivers/pmc/pmc.o
pmc_sleep                                         src/ASF/sam/drivers/pmc/sleep.o
pmc_switch_mainck_to_fastrc                       src/ASF/sam/drivers/pmc/pmc.o
                                                  src/ASF/common/services/clock/same70/sysclk.o
pmc_switch_mainck_to_xtal                         src/ASF/sam/drivers/pmc/pmc.o
                                                  src/ASF/common/services/clock/same70/sysclk.o
pmc_switch_mck_to_mainck                          src/ASF/sam/drivers/pmc/pmc.o
pmc_switch_mck_to_pllack                          src/ASF/sam/drivers/pmc/pmc.o
                                                  src/ASF/common/services/clock/same70/sysclk.o
pmc_switch_mck_to_sclk                            src/ASF/sam/drivers/pmc/pmc.o
pmc_switch_mck_to_upllck                          src/ASF/sam/drivers/pmc/pmc.o
pmc_switch_pck_to_mainck                          src/ASF/sam/drivers/pmc/pmc.o
pmc_switch_pck_to_mck                             src/ASF/sam/drivers/pmc/pmc.o
pmc_switch_pck_to_pllack                          src/ASF/sam/drivers/pmc/pmc.o
pmc_switch_pck_to_sclk                            src/ASF/sam/drivers/pmc/pmc.o
pmc_switch_pck_to_upllck                          src/ASF/sam/drivers/pmc/pmc.o
pmc_switch_sclk_to_32kxtal                        src/ASF/sam/drivers/pmc/pmc.o
                                                  src/ASF/common/services/clock/same70/sysclk.o
pmc_switch_udpck_to_pllack                        src/ASF/sam/drivers/pmc/pmc.o
pmc_switch_udpck_to_upllck                        src/ASF/sam/drivers/pmc/pmc.o
                                                  src/ASF/common/services/clock/same70/sysclk.o
pmc_wait_wakeup_clocks_restore                    src/ASF/sam/drivers/pmc/sleep.o
ptr_get                                           src/ASF/common/utils/stdio/read.o
ptr_put                                           src/ASF/common/utils/stdio/write.o
rtc_clear_date_alarm                              src/ASF/sam/drivers/rtc/rtc.o
rtc_clear_status                                  src/ASF/sam/drivers/rtc/rtc.o
                                                  src/main.o
rtc_clear_time_alarm                              src/ASF/sam/drivers/rtc/rtc.o
rtc_disable_interrupt                             src/ASF/sam/drivers/rtc/rtc.o
rtc_enable_interrupt                              src/ASF/sam/drivers/rtc/rtc.o
                                                  src/main.o
rtc_get_date                                      src/ASF/sam/drivers/rtc/rtc.o
                                                  src/main.o
rtc_get_hour_mode                                 src/ASF/sam/drivers/rtc/rtc.o
rtc_get_interrupt_mask                            src/ASF/sam/drivers/rtc/rtc.o
rtc_get_status                                    src/ASF/sam/drivers/rtc/rtc.o
                                                  src/main.o
rtc_get_time                                      src/ASF/sam/drivers/rtc/rtc.o
                                                  src/main.o
rtc_get_valid_entry                               src/ASF/sam/drivers/rtc/rtc.o
rtc_set_calendar_event                            src/ASF/sam/drivers/rtc/rtc.o
rtc_set_date                                      src/ASF/sam/drivers/rtc/rtc.o
                                                  src/main.o
rtc_set_date_alarm                                src/ASF/sam/drivers/rtc/rtc.o
                                                  src/main.o
rtc_set_hour_mode                                 src/ASF/sam/drivers/rtc/rtc.o
                                                  src/main.o
rtc_set_pulse_parameter                           src/ASF/sam/drivers/rtc/rtc.o
rtc_set_time                                      src/ASF/sam/drivers/rtc/rtc.o
                                                  src/main.o
rtc_set_time_alarm                                src/ASF/sam/drivers/rtc/rtc.o
                                                  src/main.o
rtc_set_time_event                                src/ASF/sam/drivers/rtc/rtc.o
rtc_set_waveform                                  src/ASF/sam/drivers/rtc/rtc.o
sleepmgr_locks                                    src/ASF/common/services/sleepmgr/sam/sleepmgr.o
software_init_hook                                c:/program files (x86)/atmel/studio/7.0/toolchain/arm/arm-gnu-toolchain/bin/../lib/gcc/arm-none-eabi/5.3.1/../../../../arm-none-eabi/lib/armv7e-m/crt0.o
stdio_base                                        src/ASF/common/utils/stdio/write.o
                                                  src/ASF/common/utils/stdio/read.o
sysclk_disable_usb                                src/ASF/common/services/clock/same70/sysclk.o
sysclk_enable_usb                                 src/ASF/common/services/clock/same70/sysclk.o
sysclk_init                                       src/ASF/common/services/clock/same70/sysclk.o
                                                  src/main.o
sysclk_set_prescalers                             src/ASF/common/services/clock/same70/sysclk.o
sysclk_set_source                                 src/ASF/common/services/clock/same70/sysclk.o
system_init_flash                                 src/ASF/sam/utils/cmsis/same70/source/templates/system_same70.o
                                                  src/ASF/common/services/clock/same70/sysclk.o
tc_disable_interrupt                              src/ASF/sam/drivers/tc/tc.o
tc_disable_qdec_interrupt                         src/ASF/sam/drivers/tc/tc.o
tc_enable_interrupt                               src/ASF/sam/drivers/tc/tc.o
                                                  src/main.o
tc_enable_qdec_interrupt                          src/ASF/sam/drivers/tc/tc.o
tc_find_mck_divisor                               src/ASF/sam/drivers/tc/tc.o
                                                  src/main.o
tc_get_interrupt_mask                             src/ASF/sam/drivers/tc/tc.o
tc_get_qdec_interrupt_mask                        src/ASF/sam/drivers/tc/tc.o
tc_get_qdec_interrupt_status                      src/ASF/sam/drivers/tc/tc.o
tc_get_status                                     src/ASF/sam/drivers/tc/tc.o
                                                  src/main.o
tc_init                                           src/ASF/sam/drivers/tc/tc.o
                                                  src/main.o
tc_init_2bit_gray                                 src/ASF/sam/drivers/tc/tc.o
tc_read_cv                                        src/ASF/sam/drivers/tc/tc.o
tc_read_ra                                        src/ASF/sam/drivers/tc/tc.o
tc_read_rb                                        src/ASF/sam/drivers/tc/tc.o
tc_read_rc                                        src/ASF/sam/drivers/tc/tc.o
tc_set_block_mode                                 src/ASF/sam/drivers/tc/tc.o
tc_set_writeprotect                               src/ASF/sam/drivers/tc/tc.o
tc_start                                          src/ASF/sam/drivers/tc/tc.o
                                                  src/main.o
tc_stop                                           src/ASF/sam/drivers/tc/tc.o
tc_sync_trigger                                   src/ASF/sam/drivers/tc/tc.o
tc_write_ra                                       src/ASF/sam/drivers/tc/tc.o
tc_write_rb                                       src/ASF/sam/drivers/tc/tc.o