Archive member included to satisfy reference by file (symbol)

c:/program files (x86)/atmel/studio/7.0/toolchain/arm/arm-gnu-toolchain/bin/../lib/gcc/arm-none-eabi/5.3.1/../../../../arm-none-eabi/lib/armv7e-m\libc.a(lib_a-exit.o)
                              c:/program files (x86)/atmel/studio/7.0/toolchain/arm/arm-gnu-toolchain/bin/../lib/gcc/arm-none-eabi/5.3.1/../../../../arm-none-eabi/lib/armv7e-m/crt0.o (exit)
c:/program files (x86)/atmel/studio/7.0/toolchain/arm/arm-gnu-toolchain/bin/../lib/gcc/arm-none-eabi/5.3.1/../../../../arm-none-eabi/lib/armv7e-m\libc.a(lib_a-impure.o)
                              c:/program files (x86)/atmel/studio/7.0/toolchain/arm/arm-gnu-toolchain/bin/../lib/gcc/arm-none-eabi/5.3.1/../../../../arm-none-eabi/lib/armv7e-m\libc.a(lib_a-exit.o) (_global_impure_ptr)
c:/program files (x86)/atmel/studio/7.0/toolchain/arm/arm-gnu-toolchain/bin/../lib/gcc/arm-none-eabi/5.3.1/../../../../arm-none-eabi/lib/armv7e-m\libc.a(lib_a-init.o)
                              c:/program files (x86)/atmel/studio/7.0/toolchain/arm/arm-gnu-toolchain/bin/../lib/gcc/arm-none-eabi/5.3.1/../../../../arm-none-eabi/lib/armv7e-m/crt0.o (__libc_init_array)
c:/program files (x86)/atmel/studio/7.0/toolchain/arm/arm-gnu-toolchain/bin/../lib/gcc/arm-none-eabi/5.3.1/../../../../arm-none-eabi/lib/armv7e-m\libc.a(lib_a-memset.o)
                              c:/program files (x86)/atmel/studio/7.0/toolchain/arm/arm-gnu-toolchain/bin/../lib/gcc/arm-none-eabi/5.3.1/../../../../arm-none-eabi/lib/armv7e-m/crt0.o (memset)
c:/program files (x86)/atmel/studio/7.0/toolchain/arm/arm-gnu-toolchain/bin/../lib/gcc/arm-none-eabi/5.3.1/../../../../arm-none-eabi/lib/armv7e-m\libc.a(lib_a-setbuf.o)
                              src/main.o (setbuf)
c:/program files (x86)/atmel/studio/7.0/toolchain/arm/arm-gnu-toolchain/bin/../lib/gcc/arm-none-eabi/5.3.1/../../../../arm-none-eabi/lib/armv7e-m\libc.a(lib_a-setvbuf.o)
                              c:/program files (x86)/atmel/studio/7.0/toolchain/arm/arm-gnu-toolchain/bin/../lib/gcc/arm-none-eabi/5.3.1/../../../../arm-none-eabi/lib/armv7e-m\libc.a(lib_a-setbuf.o) (setvbuf)
c:/program files (x86)/atmel/studio/7.0/toolchain/arm/arm-gnu-toolchain/bin/../lib/gcc/arm-none-eabi/5.3.1/../../../../arm-none-eabi/lib/armv7e-m\libc.a(lib_a-__call_atexit.o)
                              c:/program files (x86)/atmel/studio/7.0/toolchain/arm/arm-gnu-toolchain/bin/../lib/gcc/arm-none-eabi/5.3.1/../../../../arm-none-eabi/lib/armv7e-m\libc.a(lib_a-exit.o) (__call_exitprocs)
c:/program files (x86)/atmel/studio/7.0/toolchain/arm/arm-gnu-toolchain/bin/../lib/gcc/arm-none-eabi/5.3.1/../../../../arm-none-eabi/lib/armv7e-m\libc.a(lib_a-atexit.o)
                              c:/program files (x86)/atmel/studio/7.0/toolchain/arm/arm-gnu-toolchain/bin/../lib/gcc/arm-none-eabi/5.3.1/../../../../arm-none-eabi/lib/armv7e-m\libc.a(lib_a-__call_atexit.o) (atexit)
c:/program files (x86)/atmel/studio/7.0/toolchain/arm/arm-gnu-toolchain/bin/../lib/gcc/arm-none-eabi/5.3.1/../../../../arm-none-eabi/lib/armv7e-m\libc.a(lib_a-fflush.o)
                              c:/program files (x86)/atmel/studio/7.0/toolchain/arm/arm-gnu-toolchain/bin/../lib/gcc/arm-none-eabi/5.3.1/../../../../arm-none-eabi/lib/armv7e-m\libc.a(lib_a-setvbuf.o) (_fflush_r)
c:/program files (x86)/atmel/studio/7.0/toolchain/arm/arm-gnu-toolchain/bin/../lib/gcc/arm-none-eabi/5.3.1/../../../../arm-none-eabi/lib/armv7e-m\libc.a(lib_a-findfp.o)
                              c:/program files (x86)/atmel/studio/7.0/toolchain/arm/arm-gnu-toolchain/bin/../lib/gcc/arm-none-eabi/5.3.1/../../../../arm-none-eabi/lib/armv7e-m\libc.a(lib_a-setvbuf.o) (__sinit)
c:/program files (x86)/atmel/studio/7.0/toolchain/arm/arm-gnu-toolchain/bin/../lib/gcc/arm-none-eabi/5.3.1/../../../../arm-none-eabi/lib/armv7e-m\libc.a(lib_a-fini.o)
                              c:/program files (x86)/atmel/studio/7.0/toolchain/arm/arm-gnu-toolchain/bin/../lib/gcc/arm-none-eabi/5.3.1/../../../../arm-none-eabi/lib/armv7e-m\libc.a(lib_a-__call_atexit.o) (__libc_fini_array)
c:/program files (x86)/atmel/studio/7.0/toolchain/arm/arm-gnu-toolchain/bin/../lib/gcc/arm-none-eabi/5.3.1/../../../../arm-none-eabi/lib/armv7e-m\libc.a(lib_a-freer.o)
                              c:/program files (x86)/atmel/studio/7.0/toolchain/arm/arm-gnu-toolchain/bin/../lib/gcc/arm-none-eabi/5.3.1/../../../../arm-none-eabi/lib/armv7e-m\libc.a(lib_a-setvbuf.o) (_free_r)
c:/program files (x86)/atmel/studio/7.0/toolchain/arm/arm-gnu-toolchain/bin/../lib/gcc/arm-none-eabi/5.3.1/../../../../arm-none-eabi/lib/armv7e-m\libc.a(lib_a-fwalk.o)
                              c:/program files (x86)/atmel/studio/7.0/toolchain/arm/arm-gnu-toolchain/bin/../lib/gcc/arm-none-eabi/5.3.1/../../../../arm-none-eabi/lib/armv7e-m\libc.a(lib_a-findfp.o) (_fwalk)
c:/program files (x86)/atmel/studio/7.0/toolchain/arm/arm-gnu-toolchain/bin/../lib/gcc/arm-none-eabi/5.3.1/../../../../arm-none-eabi/lib/armv7e-m\libc.a(lib_a-makebuf.o)
[...]
Memory Configuration

Name             Origin             Length             Attributes
rom              0x00400000         0x00200000         xr
ram              0x20400000         0x00060000         xrw
*default*        0x00000000         0xffffffff

Linker script and memory map

LOAD c:/program files (x86)/atmel/studio/7.0/toolchain/arm/arm-gnu-toolchain/bin/../lib/gcc/arm-none-eabi/5.3.1/armv7e-m/crti.o
LOAD c:/program files (x86)/atmel/studio/7.0/toolchain/arm/arm-gnu-toolchain/bin/../lib/gcc/arm-none-eabi/5.3.1/armv7e-m/crtbegin.o
LOAD c:/program files (x86)/atmel/studio/7.0/toolchain/arm/arm-gnu-toolchain/bin/../lib/gcc/arm-none-eabi/5.3.1/../../../../arm-none-eabi/lib/armv7e-m/crt0.o
LOAD src/ASF/common/services/clock/same70/sysclk.o
LOAD src/ASF/common/services/delay/sam/cycle_counter.o
LOAD src/ASF/common/services/serial/usart_serial.o
LOAD src/ASF/common/services/sleepmgr/sam/sleepmgr.o
LOAD src/ASF/common/utils/interrupt/interrupt_sam_nvic.o
LOAD src/ASF/common/utils/stdio/read.o
LOAD src/ASF/common/utils/stdio/write.o
LOAD src/ASF/sam/boards/same70_xplained/init.o
LOAD src/ASF/sam/drivers/matrix/matrix.o
LOAD src/ASF/sam/drivers/mpu/mpu.o
LOAD src/ASF/sam/drivers/pio/pio.o
LOAD src/ASF/sam/drivers/pio/pio_handler.o
LOAD src/ASF/sam/drivers/pmc/pmc.o
LOAD src/ASF/sam/drivers/pmc/sleep.o
LOAD src/ASF/sam/drivers/rtc/rtc.o
LOAD src/ASF/sam/drivers/tc/tc.o
LOAD src/ASF/sam/drivers/uart/uart.o
LOAD src/ASF/sam/drivers/usart/usart.o
LOAD src/ASF/sam/drivers/xdmac/xdmac.o
LOAD src/ASF/sam/utils/cmsis/same70/source/templates/gcc/startup_same70.o
LOAD src/ASF/sam/utils/cmsis/same70/source/templates/system_same70.o
LOAD src/ASF/sam/utils/syscalls/gcc/syscalls.o
LOAD src/main.o
START GROUP
LOAD ../src/ASF/thirdparty/CMSIS/Lib/GCC\libarm_cortexM7lfsp_math_softfp.a
LOAD c:/program files (x86)/atmel/studio/7.0/toolchain/arm/arm-gnu-toolchain/bin/../lib/gcc/arm-none-eabi/5.3.1/../../../../arm-none-eabi/lib/armv7e-m\libm.a
END GROUP
START GROUP
LOAD c:/program files (x86)/atmel/studio/7.0/toolchain/arm/arm-gnu-toolchain/bin/../lib/gcc/arm-none-eabi/5.3.1/armv7e-m\libgcc.a
LOAD c:/program files (x86)/atmel/studio/7.0/toolchain/arm/arm-gnu-toolchain/bin/../lib/gcc/arm-none-eabi/5.3.1/../../../../arm-none-eabi/lib/armv7e-m\libc.a
END GROUP
LOAD c:/program files (x86)/atmel/studio/7.0/toolchain/arm/arm-gnu-toolchain/bin/../lib/gcc/arm-none-eabi/5.3.1/armv7e-m/crtend.o
LOAD c:/program files (x86)/atmel/studio/7.0/toolchain/arm/arm-gnu-toolchain/bin/../lib/gcc/arm-none-eabi/5.3.1/armv7e-m/crtn.o
                0x00002000                STACK_SIZE = DEFINED (STACK_SIZE)?STACK_SIZE:0x2000
                0x2045fffc                __ram_end__ = ((ORIGIN (ram) + LENGTH (ram)) - 0x4)
                0x00000200                HEAP_SIZE = DEFINED (HEAP_SIZE)?HEAP_SIZE:0x200

.text           0x00400000     0x32f0
                0x00400000                . = ALIGN (0x4)
                0x00400000                _sfixed = .
 *(.vectors .vectors.*)
 .vectors       0x00400000      0x140 src/ASF/sam/utils/cmsis/same70/source/templates/gcc/startup_same70.o
                0x00400000                exception_table
 *(.text .text.* .gnu.linkonce.t.*)
 .text          0x00400140       0x5c c:/program files (x86)/atmel/studio/7.0/toolchain/arm/arm-gnu-toolchain/bin/../lib/gcc/arm-none-eabi/5.3.1/armv7e-m/crtbegin.o
 .text.osc_enable
                0x0040019c       0x88 src/ASF/common/services/clock/same70/sysclk.o
 .text.osc_is_ready
                0x00400224       0x70 src/ASF/common/services/clock/same70/sysclk.o
 .text.osc_get_rate
                0x00400294       0x74 src/ASF/common/services/clock/same70/sysclk.o
 .text.osc_wait_ready
                0x00400308       0x2c src/ASF/common/services/clock/same70/sysclk.o
 .text.pll_config_init
                0x00400334       0x6c src/ASF/common/services/clock/same70/sysclk.o
 .text.pll_enable
                0x004003a0       0x40 src/ASF/common/services/clock/same70/sysclk.o
 .text.pll_is_locked
                0x004003e0       0x2c src/ASF/common/services/clock/same70/sysclk.o
 .text.pll_enable_source
                0x0040040c       0x38 src/ASF/common/services/clock/same70/sysclk.o
 .text.pll_wait_for_lock
                0x00400444       0x24 src/ASF/common/services/clock/same70/sysclk.o
 .text.sysclk_get_main_hz
                0x00400468       0x20 src/ASF/common/services/clock/same70/sysclk.o
 .text.sysclk_get_cpu_hz
                0x00400488       0x14 src/ASF/common/services/clock/same70/sysclk.o
 .text.sysclk_init
                0x0040049c       0x7c src/ASF/common/services/clock/same70/sysclk.o
                0x0040049c                sysclk_init
 .text._read    0x00400518       0x54 src/ASF/common/utils/stdio/read.o
                0x00400518                _read
 .text._write   0x0040056c       0x6c src/ASF/common/utils/stdio/write.o
                0x0040056c                _write
 .text.SCB_EnableICache
                0x004005d8       0x38 src/ASF/sam/boards/same70_xplained/init.o
 .text.SCB_EnableDCache
                0x00400610       0xa4 src/ASF/sam/boards/same70_xplained/init.o
 .text.sysclk_enable_peripheral_clock
                0x004006b4       0x1c src/ASF/sam/boards/same70_xplained/init.o
 .text.ioport_init
                0x004006d0       0x2c src/ASF/sam/boards/same70_xplained/init.o
 .text.ioport_disable_pin
                0x004006fc       0x4c src/ASF/sam/boards/same70_xplained/init.o
 .text.ioport_set_pin_mode
                0x00400748      0x11c src/ASF/sam/boards/same70_xplained/init.o
 .text.ioport_set_pin_dir
                0x00400864       0x88 src/ASF/sam/boards/same70_xplained/init.o
 .text.ioport_set_pin_level
                0x004008ec       0x6c src/ASF/sam/boards/same70_xplained/init.o
 .text.ioport_set_pin_sense_mode
                0x00400958       0xd0 src/ASF/sam/boards/same70_xplained/init.o
 .text.tcm_disable
                0x00400a28       0x44 src/ASF/sam/boards/same70_xplained/init.o
 .text.board_init
                0x00400a6c       0xb8 src/ASF/sam/boards/same70_xplained/init.o
                0x00400a6c                board_init
 .text.pio_pull_up
                0x00400b24       0x2c src/ASF/sam/drivers/pio/pio.o
                0x00400b24                pio_pull_up
 .text.pio_set  0x00400b50       0x1c src/ASF/sam/drivers/pio/pio.o
                0x00400b50                pio_set
 .text.pio_clear
                0x00400b6c       0x1c src/ASF/sam/drivers/pio/pio.o
                0x00400b6c                pio_clear
 .text.pio_set_peripheral
                0x00400b88      0x110 src/ASF/sam/drivers/pio/pio.o
                0x00400b88                pio_set_peripheral
 .text.pio_set_input
                0x00400c98       0x80 src/ASF/sam/drivers/pio/pio.o
                0x00400c98                pio_set_input
 .text.pio_set_output
                0x00400d18       0x64 src/ASF/sam/drivers/pio/pio.o
                0x00400d18                pio_set_output
 .text.pio_get_output_data_status
                0x00400d7c       0x28 src/ASF/sam/drivers/pio/pio.o
                0x00400d7c                pio_get_output_data_status
 .text.pio_configure_interrupt
                0x00400da4       0x6c src/ASF/sam/drivers/pio/pio.o
                0x00400da4                pio_configure_interrupt
 .text.pio_enable_interrupt
                0x00400e10       0x1c src/ASF/sam/drivers/pio/pio.o
                0x00400e10                pio_enable_interrupt
 .text.pio_disable_interrupt
                0x00400e2c       0x1c src/ASF/sam/drivers/pio/pio.o
                0x00400e2c                pio_disable_interrupt
 .text.pio_get_interrupt_status
                0x00400e48       0x18 src/ASF/sam/drivers/pio/pio.o
                0x00400e48                pio_get_interrupt_status
 .text.pio_get_interrupt_mask
                0x00400e60       0x18 src/ASF/sam/drivers/pio/pio.o
                0x00400e60                pio_get_interrupt_mask
 .text.pio_handler_process
                0x00400e78       0xb4 src/ASF/sam/drivers/pio/pio_handler.o
                0x00400e78                pio_handler_process
 .text.pio_handler_set
                0x00400f2c       0xa0 src/ASF/sam/drivers/pio/pio_handler.o
                0x00400f2c                pio_handler_set
 .text.PIOA_Handler
                0x00400fcc       0x18 src/ASF/sam/drivers/pio/pio_handler.o
                0x00400fcc                PIOA_Handler
 .text.PIOB_Handler
                0x00400fe4       0x18 src/ASF/sam/drivers/pio/pio_handler.o
                0x00400fe4                PIOB_Handler
 .text.PIOC_Handler
                0x00400ffc       0x18 src/ASF/sam/drivers/pio/pio_handler.o
                0x00400ffc                PIOC_Handler
 .text.PIOD_Handler
                0x00401014       0x18 src/ASF/sam/drivers/pio/pio_handler.o
                0x00401014                PIOD_Handler
 .text.PIOE_Handler
                0x0040102c       0x18 src/ASF/sam/drivers/pio/pio_handler.o
                0x0040102c                PIOE_Handler
 .text.pmc_mck_set_division
                0x00401044       0x7c src/ASF/sam/drivers/pmc/pmc.o
                0x00401044                pmc_mck_set_division
 .text.pmc_switch_mck_to_pllack
                0x004010c0       0x84 src/ASF/sam/drivers/pmc/pmc.o
                0x004010c0                pmc_switch_mck_to_pllack
 .text.pmc_switch_sclk_to_32kxtal
                0x00401144       0x38 src/ASF/sam/drivers/pmc/pmc.o
                0x00401144                pmc_switch_sclk_to_32kxtal
 .text.pmc_osc_is_ready_32kxtal
                0x0040117c       0x34 src/ASF/sam/drivers/pmc/pmc.o
                0x0040117c                pmc_osc_is_ready_32kxtal
 .text.pmc_switch_mainck_to_fastrc
                0x004011b0       0x70 src/ASF/sam/drivers/pmc/pmc.o
                0x004011b0                pmc_switch_mainck_to_fastrc
 .text.pmc_switch_mainck_to_xtal
                0x00401220       0x78 src/ASF/sam/drivers/pmc/pmc.o
                0x00401220                pmc_switch_mainck_to_xtal
 .text.pmc_osc_is_ready_mainck
                0x00401298       0x1c src/ASF/sam/drivers/pmc/pmc.o
                0x00401298                pmc_osc_is_ready_mainck
 .text.pmc_disable_pllack
                0x004012b4       0x1c src/ASF/sam/drivers/pmc/pmc.o
                0x004012b4                pmc_disable_pllack
 .text.pmc_is_locked_pllack
                0x004012d0       0x1c src/ASF/sam/drivers/pmc/pmc.o
                0x004012d0                pmc_is_locked_pllack
 .text.pmc_is_locked_upll
                0x004012ec       0x1c src/ASF/sam/drivers/pmc/pmc.o
                0x004012ec                pmc_is_locked_upll
 .text.pmc_enable_periph_clk
                0x00401308       0x84 src/ASF/sam/drivers/pmc/pmc.o
                0x00401308                pmc_enable_periph_clk
 .text.tc_get_status
                0x0040138c       0x24 src/ASF/sam/drivers/tc/tc.o
                0x0040138c                tc_get_status
 .text.uart_init
                0x004013b0       0x58 src/ASF/sam/drivers/uart/uart.o
                0x004013b0                uart_init
 .text.uart_write
                0x00401408       0x30 src/ASF/sam/drivers/uart/uart.o
                0x00401408                uart_write
 .text.uart_read
                0x00401438       0x34 src/ASF/sam/drivers/uart/uart.o
                0x00401438                uart_read
 .text.usart_set_async_baudrate
                0x0040146c       0x8c src/ASF/sam/drivers/usart/usart.o
                0x0040146c                usart_set_async_baudrate
 .text.usart_reset
                0x004014f8       0x54 src/ASF/sam/drivers/usart/usart.o
                0x004014f8                usart_reset
 .text.usart_init_rs232
                0x0040154c       0x84 src/ASF/sam/drivers/usart/usart.o
                0x0040154c                usart_init_rs232
 .text.usart_enable_tx
                0x004015d0       0x1c src/ASF/sam/drivers/usart/usart.o
                0x004015d0                usart_enable_tx
 .text.usart_reset_tx
                0x004015ec       0x1c src/ASF/sam/drivers/usart/usart.o
                0x004015ec                usart_reset_tx
 .text.usart_enable_rx
                0x00401608       0x1c src/ASF/sam/drivers/usart/usart.o
                0x00401608                usart_enable_rx
 .text.usart_reset_rx
                0x00401624       0x1c src/ASF/sam/drivers/usart/usart.o
                0x00401624                usart_reset_rx
 .text.usart_reset_status
                0x00401640       0x1c src/ASF/sam/drivers/usart/usart.o
                0x00401640                usart_reset_status
 .text.usart_drive_RTS_pin_high
                0x0040165c       0x1c src/ASF/sam/drivers/usart/usart.o
                0x0040165c                usart_drive_RTS_pin_high
 .text.usart_write
                0x00401678       0x34 src/ASF/sam/drivers/usart/usart.o
                0x00401678                usart_write
 .text.usart_read
                0x004016ac       0x34 src/ASF/sam/drivers/usart/usart.o
                0x004016ac                usart_read
 .text.usart_disable_writeprotect
                0x004016e0       0x20 src/ASF/sam/drivers/usart/usart.o
                0x004016e0                usart_disable_writeprotect
 .text.cpu_irq_save
                0x00401700       0x38 src/ASF/sam/utils/cmsis/same70/source/templates/gcc/startup_same70.o
 .text.cpu_irq_is_enabled_flags
                0x00401738       0x20 src/ASF/sam/utils/cmsis/same70/source/templates/gcc/startup_same70.o
 .text.cpu_irq_restore
                0x00401758       0x30 src/ASF/sam/utils/cmsis/same70/source/templates/gcc/startup_same70.o
 .text.Reset_Handler
                0x00401788       0xb0 src/ASF/sam/utils/cmsis/same70/source/templates/gcc/startup_same70.o
                0x00401788                Reset_Handler
 .text.Dummy_Handler
                0x00401838        0x8 src/ASF/sam/utils/cmsis/same70/source/templates/gcc/startup_same70.o
                0x00401838                DACC_Handler
                0x00401838                DebugMon_Handler
                0x00401838                UART3_Handler
                0x00401838                UART2_Handler
                0x00401838                TRNG_Handler
                0x00401838                HardFault_Handler
                0x00401838                TC2_Handler
                0x00401838                SysTick_Handler
                0x00401838                AFEC1_Handler
                0x00401838                PendSV_Handler
                0x00401838                NMI_Handler
                0x00401838                TC7_Handler
                0x00401838                QSPI_Handler
                0x00401838                ISI_Handler
                0x00401838                TC9_Handler
                0x00401838                RSWDT_Handler
                0x00401838                MCAN1_Handler
                0x00401838                USART0_Handler
                0x00401838                RTT_Handler
                0x00401838                USBHS_Handler
                0x00401838                RTC_Handler
                0x00401838                UsageFault_Handler
                0x00401838                TC6_Handler
                0x00401838                WDT_Handler
                0x00401838                TC4_Handler
                0x00401838                HSMCI_Handler
                0x00401838                UART1_Handler
                0x00401838                TC3_Handler
                0x00401838                Dummy_Handler
                0x00401838                TWIHS1_Handler
                0x00401838                XDMAC_Handler
                0x00401838                UART4_Handler
                0x00401838                PWM1_Handler
                0x00401838                USART1_Handler
                0x00401838                PWM0_Handler
                0x00401838                AFEC0_Handler
                0x00401838                TC11_Handler
                0x00401838                SSC_Handler
                0x00401838                ACC_Handler
                0x00401838                PMC_Handler
                0x00401838                GMAC_Handler
                0x00401838                MemManage_Handler
                0x00401838                SUPC_Handler
                0x00401838                SVC_Handler
                0x00401838                TC8_Handler
                0x00401838                EFC_Handler
                0x00401838                USART2_Handler
                0x00401838                SDRAMC_Handler
                0x00401838                SPI1_Handler
                0x00401838                MCAN0_Handler
                0x00401838                TC10_Handler
                0x00401838                TWIHS2_Handler
                0x00401838                UART0_Handler
                0x00401838                BusFault_Handler
                0x00401838                RSTC_Handler
                0x00401838                TC0_Handler
                0x00401838                TC5_Handler
                0x00401838                AES_Handler
                0x00401838                ICM_Handler
                0x00401838                TWIHS0_Handler
                0x00401838                SPI0_Handler
 .text.SystemCoreClockUpdate
                0x00401840      0x16c src/ASF/sam/utils/cmsis/same70/source/templates/system_same70.o
                0x00401840                SystemCoreClockUpdate
 .text.system_init_flash
                0x004019ac       0x98 src/ASF/sam/utils/cmsis/same70/source/templates/system_same70.o
                0x004019ac                system_init_flash
 .text._sbrk    0x00401a44       0x58 src/ASF/sam/utils/syscalls/gcc/syscalls.o
                0x00401a44                _sbrk
 .text._close   0x00401a9c       0x18 src/ASF/sam/utils/syscalls/gcc/syscalls.o
                0x00401a9c                _close
 .text._fstat   0x00401ab4       0x20 src/ASF/sam/utils/syscalls/gcc/syscalls.o
                0x00401ab4                _fstat
 .text._lseek   0x00401ad4       0x1c src/ASF/sam/utils/syscalls/gcc/syscalls.o
                0x00401ad4                _lseek
 .text.NVIC_EnableIRQ
                0x00401af0       0x34 src/main.o
 .text.NVIC_SetPriority
                0x00401b24       0x54 src/main.o
 .text.osc_get_rate
                0x00401b78       0x74 src/main.o
 .text.sysclk_get_main_hz
                0x00401bec       0x20 src/main.o
 .text.sysclk_get_cpu_hz
                0x00401c0c       0x14 src/main.o
 .text.sysclk_get_peripheral_hz
                0x00401c20       0x14 src/main.o
 .text.sysclk_enable_peripheral_clock
                0x00401c34       0x1c src/main.o
 .text.usart_serial_init
                0x00401c50      0x164 src/main.o
 .text.usart_serial_putchar
                0x00401db4      0x10c src/main.o
 .text.usart_serial_getchar
                0x00401ec0      0x108 src/main.o
 .text.stdio_serial_init
                0x00401fc8       0x68 src/main.o
 .text.Button1_Handler
                0x00402030       0x34 src/main.o
 .text.TC1_Handler
                0x00402064       0x38 src/main.o
                0x00402064                TC1_Handler
 .text.pin_toggle
                0x0040209c       0x40 src/main.o
                0x0040209c                pin_toggle
 .text.BUT_init
                0x004020dc       0x6c src/main.o
                0x004020dc                BUT_init
 .text.LED_init
                0x00402148       0x34 src/main.o
                0x00402148                LED_init
 .text.main     0x0040217c       0xc4 src/main.o
                0x0040217c                main
 .text.__libc_init_array
                0x00402240       0x50 c:/program files (x86)/atmel/studio/7.0/toolchain/arm/arm-gnu-toolchain/bin/../lib/gcc/arm-none-eabi/5.3.1/../../../../arm-none-eabi/lib/armv7e-m\libc.a(lib_a-init.o)
                0x00402240                __libc_init_array
 .text.memset   0x00402290       0x9c c:/program files (x86)/atmel/studio/7.0/toolchain/arm/arm-gnu-toolchain/bin/../lib/gcc/arm-none-eabi/5.3.1/../../../../arm-none-eabi/lib/armv7e-m\libc.a(lib_a-memset.o)
                0x00402290                memset
 .text.setbuf   0x0040232c       0x10 c:/program files (x86)/atmel/studio/7.0/toolchain/arm/arm-gnu-toolchain/bin/../lib/gcc/arm-none-eabi/5.3.1/../../../../arm-none-eabi/lib/armv7e-m\libc.a(lib_a-setbuf.o)
                0x0040232c                setbuf
 .text.setvbuf  0x0040233c      0x150 c:/program files (x86)/atmel/studio/7.0/toolchain/arm/arm-gnu-toolchain/bin/../lib/gcc/arm-none-eabi/5.3.1/../../../../arm-none-eabi/lib/armv7e-m\libc.a(lib_a-setvbuf.o)
                0x0040233c                setvbuf
 .text.startup.register_fini
                0x0040248c       0x14 c:/program files (x86)/atmel/studio/7.0/toolchain/arm/arm-gnu-toolchain/bin/../lib/gcc/arm-none-eabi/5.3.1/../../../../arm-none-eabi/lib/armv7e-m\libc.a(lib_a-__call_atexit.o)
 .text.atexit   0x004024a0        0xc c:/program files (x86)/atmel/studio/7.0/toolchain/arm/arm-gnu-toolchain/bin/../lib/gcc/arm-none-eabi/5.3.1/../../../../arm-none-eabi/lib/armv7e-m\libc.a(lib_a-atexit.o)
                0x004024a0                atexit
 .text.__sflush_r
                0x004024ac      0x148 c:/program files (x86)/atmel/studio/7.0/toolchain/arm/arm-gnu-toolchain/bin/../lib/gcc/arm-none-eabi/5.3.1/../../../../arm-none-eabi/lib/armv7e-m\libc.a(lib_a-fflush.o)
                0x004024ac                __sflush_r
 .text._fflush_r
                0x004025f4       0x2c c:/program files (x86)/atmel/studio/7.0/toolchain/arm/arm-gnu-toolchain/bin/../lib/gcc/arm-none-eabi/5.3.1/../../../../arm-none-eabi/lib/armv7e-m\libc.a(lib_a-fflush.o)
                0x004025f4                _fflush_r
 .text._cleanup_r
                0x00402620        0xc c:/program files (x86)/atmel/studio/7.0/toolchain/arm/arm-gnu-toolchain/bin/../lib/gcc/arm-none-eabi/5.3.1/../../../../arm-none-eabi/lib/armv7e-m\libc.a(lib_a-findfp.o)
                0x00402620                _cleanup_r
 .text.__sinit.part.1
                0x0040262c       0xf0 c:/program files (x86)/atmel/studio/7.0/toolchain/arm/arm-gnu-toolchain/bin/../lib/gcc/arm-none-eabi/5.3.1/../../../../arm-none-eabi/lib/armv7e-m\libc.a(lib_a-findfp.o)
 .text.__sinit  0x0040271c        0xc c:/program files (x86)/atmel/studio/7.0/toolchain/arm/arm-gnu-toolchain/bin/../lib/gcc/arm-none-eabi/5.3.1/../../../../arm-none-eabi/lib/armv7e-m\libc.a(lib_a-findfp.o)
                0x0040271c                __sinit
 .text.__sfp_lock_acquire
                0x00402728        0x4 c:/program files (x86)/atmel/studio/7.0/toolchain/arm/arm-gnu-toolchain/bin/../lib/gcc/arm-none-eabi/5.3.1/../../../../arm-none-eabi/lib/armv7e-m\libc.a(lib_a-findfp.o)
                0x00402728                __sfp_lock_acquire
 .text.__sfp_lock_release
                0x0040272c        0x4 c:/program files (x86)/atmel/studio/7.0/toolchain/arm/arm-gnu-toolchain/bin/../lib/gcc/arm-none-eabi/5.3.1/../../../../arm-none-eabi/lib/armv7e-m\libc.a(lib_a-findfp.o)
                0x0040272c                __sfp_lock_release
 .text.__libc_fini_array
                0x00402730       0x28 c:/program files (x86)/atmel/studio/7.0/toolchain/arm/arm-gnu-toolchain/bin/../lib/gcc/arm-none-eabi/5.3.1/../../../../arm-none-eabi/lib/armv7e-m\libc.a(lib_a-fini.o)
                0x00402730                __libc_fini_array
 .text._malloc_trim_r
                0x00402758       0x9c c:/program files (x86)/atmel/studio/7.0/toolchain/arm/arm-gnu-toolchain/bin/../lib/gcc/arm-none-eabi/5.3.1/../../../../arm-none-eabi/lib/armv7e-m\libc.a(lib_a-freer.o)
                0x00402758                _malloc_trim_r
 .text._free_r  0x004027f4      0x1d0 c:/program files (x86)/atmel/studio/7.0/toolchain/arm/arm-gnu-toolchain/bin/../lib/gcc/arm-none-eabi/5.3.1/../../../../arm-none-eabi/lib/armv7e-m\libc.a(lib_a-freer.o)
                0x004027f4                _free_r
 .text._fwalk_reent
                0x004029c4       0x54 c:/program files (x86)/atmel/studio/7.0/toolchain/arm/arm-gnu-toolchain/bin/../lib/gcc/arm-none-eabi/5.3.1/../../../../arm-none-eabi/lib/armv7e-m\libc.a(lib_a-fwalk.o)
                0x004029c4                _fwalk_reent
 .text.__swhatbuf_r
                0x00402a18       0x60 c:/program files (x86)/atmel/studio/7.0/toolchain/arm/arm-gnu-toolchain/bin/../lib/gcc/arm-none-eabi/5.3.1/../../../../arm-none-eabi/lib/armv7e-m\libc.a(lib_a-makebuf.o)
                0x00402a18                __swhatbuf_r
 .text.malloc   0x00402a78       0x10 c:/program files (x86)/atmel/studio/7.0/toolchain/arm/arm-gnu-toolchain/bin/../lib/gcc/arm-none-eabi/5.3.1/../../../../arm-none-eabi/lib/armv7e-m\libc.a(lib_a-malloc.o)
                0x00402a78                malloc
 .text._malloc_r
                0x00402a88      0x570 c:/program files (x86)/atmel/studio/7.0/toolchain/arm/arm-gnu-toolchain/bin/../lib/gcc/arm-none-eabi/5.3.1/../../../../arm-none-eabi/lib/armv7e-m\libc.a(lib_a-mallocr.o)
                0x00402a88                _malloc_r
 .text.__malloc_lock
                0x00402ff8        0x4 c:/program files (x86)/atmel/studio/7.0/toolchain/arm/arm-gnu-toolchain/bin/../lib/gcc/arm-none-eabi/5.3.1/../../../../arm-none-eabi/lib/armv7e-m\libc.a(lib_a-mlock.o)
                0x00402ff8                __malloc_lock
 .text.__malloc_unlock
                0x00402ffc        0x4 c:/program files (x86)/atmel/studio/7.0/toolchain/arm/arm-gnu-toolchain/bin/../lib/gcc/arm-none-eabi/5.3.1/../../../../arm-none-eabi/lib/armv7e-m\libc.a(lib_a-mlock.o)
                0x00402ffc                __malloc_unlock
 .text._sbrk_r  0x00403000       0x24 c:/program files (x86)/atmel/studio/7.0/toolchain/arm/arm-gnu-toolchain/bin/../lib/gcc/arm-none-eabi/5.3.1/../../../../arm-none-eabi/lib/armv7e-m\libc.a(lib_a-sbrkr.o)
                0x00403000                _sbrk_r
 .text.__sread  0x00403024       0x24 c:/program files (x86)/atmel/studio/7.0/toolchain/arm/arm-gnu-toolchain/bin/../lib/gcc/arm-none-eabi/5.3.1/../../../../arm-none-eabi/lib/armv7e-m\libc.a(lib_a-stdio.o)
                0x00403024                __sread
 .text.__swrite
                0x00403048       0x3c c:/program files (x86)/atmel/studio/7.0/toolchain/arm/arm-gnu-toolchain/bin/../lib/gcc/arm-none-eabi/5.3.1/../../../../arm-none-eabi/lib/armv7e-m\libc.a(lib_a-stdio.o)
                0x00403048                __swrite
 .text.__sseek  0x00403084       0x20 c:/program files (x86)/atmel/studio/7.0/toolchain/arm/arm-gnu-toolchain/bin/../lib/gcc/arm-none-eabi/5.3.1/../../../../arm-none-eabi/lib/armv7e-m\libc.a(lib_a-stdio.o)
                0x00403084                __sseek
 .text.__sclose
                0x004030a4        0x8 c:/program files (x86)/atmel/studio/7.0/toolchain/arm/arm-gnu-toolchain/bin/../lib/gcc/arm-none-eabi/5.3.1/../../../../arm-none-eabi/lib/armv7e-m\libc.a(lib_a-stdio.o)
                0x004030a4                __sclose
 .text._write_r
                0x004030ac       0x2c c:/program files (x86)/atmel/studio/7.0/toolchain/arm/arm-gnu-toolchain/bin/../lib/gcc/arm-none-eabi/5.3.1/../../../../arm-none-eabi/lib/armv7e-m\libc.a(lib_a-writer.o)
                0x004030ac                _write_r
 .text.__register_exitproc
                0x004030d8       0xa4 c:/program files (x86)/atmel/studio/7.0/toolchain/arm/arm-gnu-toolchain/bin/../lib/gcc/arm-none-eabi/5.3.1/../../../../arm-none-eabi/lib/armv7e-m\libc.a(lib_a-__atexit.o)
                0x004030d8                __register_exitproc
 .text._close_r
                0x0040317c       0x24 c:/program files (x86)/atmel/studio/7.0/toolchain/arm/arm-gnu-toolchain/bin/../lib/gcc/arm-none-eabi/5.3.1/../../../../arm-none-eabi/lib/armv7e-m\libc.a(lib_a-closer.o)
                0x0040317c                _close_r
 .text._fclose_r
                0x004031a0       0x84 c:/program files (x86)/atmel/studio/7.0/toolchain/arm/arm-gnu-toolchain/bin/../lib/gcc/arm-none-eabi/5.3.1/../../../../arm-none-eabi/lib/armv7e-m\libc.a(lib_a-fclose.o)
                0x004031a0                _fclose_r
 .text._fstat_r
                0x00403224       0x28 c:/program files (x86)/atmel/studio/7.0/toolchain/arm/arm-gnu-toolchain/bin/../lib/gcc/arm-none-eabi/5.3.1/../../../../arm-none-eabi/lib/armv7e-m\libc.a(lib_a-fstatr.o)
                0x00403224                _fstat_r
 .text._lseek_r
                0x0040324c       0x2c c:/program files (x86)/atmel/studio/7.0/toolchain/arm/arm-gnu-toolchain/bin/../lib/gcc/arm-none-eabi/5.3.1/../../../../arm-none-eabi/lib/armv7e-m\libc.a(lib_a-lseekr.o)
                0x0040324c                _lseek_r
 .text._read_r  0x00403278       0x2c c:/program files (x86)/atmel/studio/7.0/toolchain/arm/arm-gnu-toolchain/bin/../lib/gcc/arm-none-eabi/5.3.1/../../../../arm-none-eabi/lib/armv7e-m\libc.a(lib_a-readr.o)
                0x00403278                _read_r
 *(.glue_7t)
 .glue_7t       0x004032a4        0x0 linker stubs
 *(.glue_7)
 .glue_7        0x004032a4        0x0 linker stubs
 *(.rodata .rodata* .gnu.linkonce.r.*)
 .rodata        0x004032a4       0x20 src/main.o
 .rodata.str1.4
                0x004032c4        0x4 c:/program files (x86)/atmel/studio/7.0/toolchain/arm/arm-gnu-toolchain/bin/../lib/gcc/arm-none-eabi/5.3.1/../../../../arm-none-eabi/lib/armv7e-m\libc.a(lib_a-impure.o)
                                  0x2 (size before relaxing)
 .rodata._global_impure_ptr
                0x004032c8        0x4 c:/program files (x86)/atmel/studio/7.0/toolchain/arm/arm-gnu-toolchain/bin/../lib/gcc/arm-none-eabi/5.3.1/../../../../arm-none-eabi/lib/armv7e-m\libc.a(lib_a-impure.o)
                0x004032c8                _global_impure_ptr
 *(.ARM.extab* .gnu.linkonce.armextab.*)
                0x004032cc                . = ALIGN (0x4)
 *(.init)
 .init          0x004032cc        0x4 c:/program files (x86)/atmel/studio/7.0/toolchain/arm/arm-gnu-toolchain/bin/../lib/gcc/arm-none-eabi/5.3.1/armv7e-m/crti.o
                0x004032cc                _init
 .init          0x004032d0        0x8 c:/program files (x86)/atmel/studio/7.0/toolchain/arm/arm-gnu-toolchain/bin/../lib/gcc/arm-none-eabi/5.3.1/armv7e-m/crtn.o
                0x004032d8                . = ALIGN (0x4)
                0x004032d8                __preinit_array_start = .
 *(.preinit_array)
                0x004032d8                __preinit_array_end = .
                0x004032d8                . = ALIGN (0x4)
                0x004032d8                __init_array_start = .
 *(SORT(.init_array.*))
 .init_array.00000
                0x004032d8        0x4 c:/program files (x86)/atmel/studio/7.0/toolchain/arm/arm-gnu-toolchain/bin/../lib/gcc/arm-none-eabi/5.3.1/../../../../arm-none-eabi/lib/armv7e-m\libc.a(lib_a-__call_atexit.o)
 *(.init_array)
 .init_array    0x004032dc        0x4 c:/program files (x86)/atmel/studio/7.0/toolchain/arm/arm-gnu-toolchain/bin/../lib/gcc/arm-none-eabi/5.3.1/armv7e-m/crtbegin.o
                0x004032e0                __init_array_end = .
                0x004032e0                . = ALIGN (0x4)
 *crtbegin.o(.ctors)
 *(EXCLUDE_FILE(*crtend.o) .ctors)
 *(SORT(.ctors.*))
 *crtend.o(.ctors)
                0x004032e0                . = ALIGN (0x4)
 *(.fini)
 .fini          0x004032e0        0x4 c:/program files (x86)/atmel/studio/7.0/toolchain/arm/arm-gnu-toolchain/bin/../lib/gcc/arm-none-eabi/5.3.1/armv7e-m/crti.o
                0x004032e0                _fini
 .fini          0x004032e4        0x8 c:/program files (x86)/atmel/studio/7.0/toolchain/arm/arm-gnu-toolchain/bin/../lib/gcc/arm-none-eabi/5.3.1/armv7e-m/crtn.o
                0x004032ec                . = ALIGN (0x4)
                0x004032ec                __fini_array_start = .
 *(.fini_array)
 .fini_array    0x004032ec        0x4 c:/program files (x86)/atmel/studio/7.0/toolchain/arm/arm-gnu-toolchain/bin/../lib/gcc/arm-none-eabi/5.3.1/armv7e-m/crtbegin.o
 *(SORT(.fini_array.*))
                0x004032f0                __fini_array_end = .
 *crtbegin.o(.dtors)
 *(EXCLUDE_FILE(*crtend.o) .dtors)
 *(SORT(.dtors.*))
 *crtend.o(.dtors)
                0x004032f0                . = ALIGN (0x4)
                0x004032f0                _efixed = .
                [!provide]                PROVIDE (__exidx_start, .)

.vfp11_veneer   0x004032f0        0x0
 .vfp11_veneer  0x004032f0        0x0 linker stubs

.v4_bx          0x004032f0        0x0
 .v4_bx         0x004032f0        0x0 linker stubs

.iplt           0x004032f0        0x0
 .iplt          0x004032f0        0x0 c:/program files (x86)/atmel/studio/7.0/toolchain/arm/arm-gnu-toolchain/bin/../lib/gcc/arm-none-eabi/5.3.1/armv7e-m/crtbegin.o

.eh_frame       0x004032f0        0x0
 .eh_frame      0x004032f0        0x0 c:/program files (x86)/atmel/studio/7.0/toolchain/arm/arm-gnu-toolchain/bin/../lib/gcc/arm-none-eabi/5.3.1/armv7e-m/crtbegin.o

.rel.dyn        0x004032f0        0x0
 .rel.iplt      0x004032f0        0x0 c:/program files (x86)/atmel/studio/7.0/toolchain/arm/arm-gnu-toolchain/bin/../lib/gcc/arm-none-eabi/5.3.1/armv7e-m/crtbegin.o

.jcr            0x004032f0        0x0
 .jcr           0x004032f0        0x0 c:/program files (x86)/atmel/studio/7.0/toolchain/arm/arm-gnu-toolchain/bin/../lib/gcc/arm-none-eabi/5.3.1/armv7e-m/crtbegin.o

.igot.plt       0x004032f0        0x0
 .igot.plt      0x004032f0        0x0 c:/program files (x86)/atmel/studio/7.0/toolchain/arm/arm-gnu-toolchain/bin/../lib/gcc/arm-none-eabi/5.3.1/armv7e-m/crtbegin.o

.ARM.exidx
 *(.ARM.exidx* .gnu.linkonce.armexidx.*)
                [!provide]                PROVIDE (__exidx_end, .)
                0x004032f0                . = ALIGN (0x4)
                0x004032f0                _etext = .

.relocate       0x20400000      0x844 load address 0x004032f0
                0x20400000                . = ALIGN (0x4)
                0x20400000                _srelocate = .
 *(.ramfunc .ramfunc.*)
 *(.data .data.*)
 .data.g_interrupt_enabled
                0x20400000        0x1 src/ASF/common/utils/interrupt/interrupt_sam_nvic.o
                0x20400000                g_interrupt_enabled
 *fill*         0x20400001        0x3 
 .data.SystemCoreClock
                0x20400004        0x4 src/ASF/sam/utils/cmsis/same70/source/templates/system_same70.o
                0x20400004                SystemCoreClock
 .data.impure_data
                0x20400008      0x428 c:/program files (x86)/atmel/studio/7.0/toolchain/arm/arm-gnu-toolchain/bin/../lib/gcc/arm-none-eabi/5.3.1/../../../../arm-none-eabi/lib/armv7e-m\libc.a(lib_a-impure.o)
 .data._impure_ptr
                0x20400430        0x4 c:/program files (x86)/atmel/studio/7.0/toolchain/arm/arm-gnu-toolchain/bin/../lib/gcc/arm-none-eabi/5.3.1/../../../../arm-none-eabi/lib/armv7e-m\libc.a(lib_a-impure.o)
                0x20400430                _impure_ptr
 .data.__malloc_av_
                0x20400434      0x408 c:/program files (x86)/atmel/studio/7.0/toolchain/arm/arm-gnu-toolchain/bin/../lib/gcc/arm-none-eabi/5.3.1/../../../../arm-none-eabi/lib/armv7e-m\libc.a(lib_a-mallocr.o)
                0x20400434                __malloc_av_
 .data.__malloc_trim_threshold
                0x2040083c        0x4 c:/program files (x86)/atmel/studio/7.0/toolchain/arm/arm-gnu-toolchain/bin/../lib/gcc/arm-none-eabi/5.3.1/../../../../arm-none-eabi/lib/armv7e-m\libc.a(lib_a-mallocr.o)
                0x2040083c                __malloc_trim_threshold
 .data.__malloc_sbrk_base
                0x20400840        0x4 c:/program files (x86)/atmel/studio/7.0/toolchain/arm/arm-gnu-toolchain/bin/../lib/gcc/arm-none-eabi/5.3.1/../../../../arm-none-eabi/lib/armv7e-m\libc.a(lib_a-mallocr.o)
                0x20400840                __malloc_sbrk_base
                0x20400844                . = ALIGN (0x4)
                0x20400844                _erelocate = .

.bss            0x20400844       0xdc load address 0x00403b34
                0x20400844                . = ALIGN (0x4)
                0x20400844                _sbss = .
                0x20400844                _szero = .
 *(.bss .bss.*)
 .bss           0x20400844       0x1c c:/program files (x86)/atmel/studio/7.0/toolchain/arm/arm-gnu-toolchain/bin/../lib/gcc/arm-none-eabi/5.3.1/armv7e-m/crtbegin.o
 .bss.gs_interrupt_sources
                0x20400860       0x70 src/ASF/sam/drivers/pio/pio_handler.o
 .bss.gs_ul_nb_sources
                0x204008d0        0x4 src/ASF/sam/drivers/pio/pio_handler.o
 .bss.ul_reg_val.8198
                0x204008d4        0x4 src/ASF/sam/drivers/usart/usart.o
 .bss.heap.5289
                0x204008d8        0x4 src/ASF/sam/utils/syscalls/gcc/syscalls.o
 .bss.__malloc_max_total_mem
                0x204008dc        0x4 c:/program files (x86)/atmel/studio/7.0/toolchain/arm/arm-gnu-toolchain/bin/../lib/gcc/arm-none-eabi/5.3.1/../../../../arm-none-eabi/lib/armv7e-m\libc.a(lib_a-mallocr.o)
                0x204008dc                __malloc_max_total_mem
 .bss.__malloc_max_sbrked_mem
                0x204008e0        0x4 c:/program files (x86)/atmel/studio/7.0/toolchain/arm/arm-gnu-toolchain/bin/../lib/gcc/arm-none-eabi/5.3.1/../../../../arm-none-eabi/lib/armv7e-m\libc.a(lib_a-mallocr.o)
                0x204008e0                __malloc_max_sbrked_mem
 .bss.__malloc_top_pad
                0x204008e4        0x4 c:/program files (x86)/atmel/studio/7.0/toolchain/arm/arm-gnu-toolchain/bin/../lib/gcc/arm-none-eabi/5.3.1/../../../../arm-none-eabi/lib/armv7e-m\libc.a(lib_a-mallocr.o)
                0x204008e4                __malloc_top_pad
 .bss.__malloc_current_mallinfo
                0x204008e8       0x28 c:/program files (x86)/atmel/studio/7.0/toolchain/arm/arm-gnu-toolchain/bin/../lib/gcc/arm-none-eabi/5.3.1/../../../../arm-none-eabi/lib/armv7e-m\libc.a(lib_a-mallocr.o)
                0x204008e8                __malloc_current_mallinfo
 *(COMMON)
 COMMON         0x20400910        0x4 src/ASF/common/utils/stdio/read.o
                0x20400910                ptr_get
 COMMON         0x20400914        0x8 src/ASF/common/utils/stdio/write.o
                0x20400914                ptr_put
                0x20400918                stdio_base
 COMMON         0x2040091c        0x4 c:/program files (x86)/atmel/studio/7.0/toolchain/arm/arm-gnu-toolchain/bin/../lib/gcc/arm-none-eabi/5.3.1/../../../../arm-none-eabi/lib/armv7e-m\libc.a(lib_a-reent.o)
                0x2040091c                errno
                0x20400920                . = ALIGN (0x4)
                0x20400920                _ebss = .
                0x20400920                _ezero = .

.stack          0x20400920     0x2000 load address 0x00403c10
                0x20400920                . = ALIGN (0x8)
                0x20400920                _sstack = .
                0x20402920                . = (. + STACK_SIZE)
 *fill*         0x20400920     0x2000 
                0x20402920                . = ALIGN (0x8)
                0x20402920                _estack = .

.heap           0x20402920      0x200 load address 0x00405c10
                0x20402920                . = ALIGN (0x8)
                0x20402920                _sheap = .
                0x20402b20                . = (. + HEAP_SIZE)
 *fill*         0x20402920      0x200 
                0x20402b20                . = ALIGN (0x8)
                0x20402b20                _eheap = .
                0x20402b20                . = ALIGN (0x4)
                0x20402b20                _end = .
                0x2045ffff                _ram_end_ = ((ORIGIN (ram) + LENGTH (ram)) - 0x1)
OUTPUT(11-TC-RTC.elf elf32-littlearm)

.ARM.attributes
                0x00000000       0x2e
 .ARM.attributes
                0x00000000       0x1e c:/program files (x86)/atmel/studio/7.0/toolchain/arm/arm-gnu-toolchain/bin/../lib/gcc/arm-none-eabi/5.3.1/armv7e-m/crti.o
 .ARM.attributes
                0x0000001e       0x2e c:/program files (x86)/atmel/studio/7.0/toolchain/arm/arm-gnu-toolchain/bin/../lib/gcc/arm-none-eabi/5.3.1/armv7e-m/crtbegin.o
 .ARM.attributes
                0x0000004c       0x37 src/ASF/common/services/clock/same70/sysclk.o
 .ARM.attributes
                0x00000083       0x37 src/ASF/common/utils/interrupt/interrupt_sam_nvic.o
 .ARM.attributes
                0x000000ba       0x37 src/ASF/common/utils/stdio/read.o
 .ARM.attributes
                0x000000f1       0x37 src/ASF/common/utils/stdio/write.o
 .ARM.attributes
                0x00000128       0x37 src/ASF/sam/boards/same70_xplained/init.o
 .ARM.attributes
                0x0000015f       0x37 src/ASF/sam/drivers/pio/pio.o
 .ARM.attributes
                0x00000196       0x37 src/ASF/sam/drivers/pio/pio_handler.o
 .ARM.attributes
                0x000001cd       0x37 src/ASF/sam/drivers/pmc/pmc.o
 .ARM.attributes
                0x00000204       0x37 src/ASF/sam/drivers/tc/tc.o
 .ARM.attributes
                0x0000023b       0x37 src/ASF/sam/drivers/uart/uart.o
 .ARM.attributes
                0x00000272       0x37 src/ASF/sam/drivers/usart/usart.o
 .ARM.attributes
                0x000002a9       0x37 src/ASF/sam/utils/cmsis/same70/source/templates/gcc/startup_same70.o
 .ARM.attributes
                0x000002e0       0x37 src/ASF/sam/utils/cmsis/same70/source/templates/system_same70.o
 .ARM.attributes
                0x00000317       0x37 src/ASF/sam/utils/syscalls/gcc/syscalls.o
 .ARM.attributes
                0x0000034e       0x37 src/main.o
 .ARM.attributes
                0x00000385       0x2e c:/program files (x86)/atmel/studio/7.0/toolchain/arm/arm-gnu-toolchain/bin/../lib/gcc/arm-none-eabi/5.3.1/../../../../arm-none-eabi/lib/armv7e-m\libc.a(lib_a-impure.o)
 .ARM.attributes
                0x000003b3       0x2e c:/program files (x86)/atmel/studio/7.0/toolchain/arm/arm-gnu-toolchain/bin/../lib/gcc/arm-none-eabi/5.3.1/../../../../arm-none-eabi/lib/armv7e-m\libc.a(lib_a-init.o)
 .ARM.attributes
                0x000003e1       0x2e c:/program files (x86)/atmel/studio/7.0/toolchain/arm/arm-gnu-toolchain/bin/../lib/gcc/arm-none-eabi/5.3.1/../../../../arm-none-eabi/lib/armv7e-m\libc.a(lib_a-memset.o)
 .ARM.attributes
                0x0000040f       0x2e c:/program files (x86)/atmel/studio/7.0/toolchain/arm/arm-gnu-toolchain/bin/../lib/gcc/arm-none-eabi/5.3.1/../../../../arm-none-eabi/lib/armv7e-m\libc.a(lib_a-setbuf.o)
 .ARM.attributes
                0x0000043d       0x2e c:/program files (x86)/atmel/studio/7.0/toolchain/arm/arm-gnu-toolchain/bin/../lib/gcc/arm-none-eabi/5.3.1/../../../../arm-none-eabi/lib/armv7e-m\libc.a(lib_a-setvbuf.o)
 .ARM.attributes
                0x0000046b       0x2e c:/program files (x86)/atmel/studio/7.0/toolchain/arm/arm-gnu-toolchain/bin/../lib/gcc/arm-none-eabi/5.3.1/../../../../arm-none-eabi/lib/armv7e-m\libc.a(lib_a-__call_atexit.o)
 .ARM.attributes
                0x00000499       0x2e c:/program files (x86)/atmel/studio/7.0/toolchain/arm/arm-gnu-toolchain/bin/../lib/gcc/arm-none-eabi/5.3.1/../../../../arm-none-eabi/lib/armv7e-m\libc.a(lib_a-atexit.o)
 .ARM.attributes
                0x000004c7       0x2e c:/program files (x86)/atmel/studio/7.0/toolchain/arm/arm-gnu-toolchain/bin/../lib/gcc/arm-none-eabi/5.3.1/../../../../arm-none-eabi/lib/armv7e-m\libc.a(lib_a-fflush.o)
 .ARM.attributes
                0x000004f5       0x2e c:/program files (x86)/atmel/studio/7.0/toolchain/arm/arm-gnu-toolchain/bin/../lib/gcc/arm-none-eabi/5.3.1/../../../../arm-none-eabi/lib/armv7e-m\libc.a(lib_a-findfp.o)
 .ARM.attributes
                0x00000523       0x2e c:/program files (x86)/atmel/studio/7.0/toolchain/arm/arm-gnu-toolchain/bin/../lib/gcc/arm-none-eabi/5.3.1/../../../../arm-none-eabi/lib/armv7e-m\libc.a(lib_a-fini.o)
 .ARM.attributes
                0x00000551       0x2e c:/program files (x86)/atmel/studio/7.0/toolchain/arm/arm-gnu-toolchain/bin/../lib/gcc/arm-none-eabi/5.3.1/../../../../arm-none-eabi/lib/armv7e-m\libc.a(lib_a-freer.o)
 .ARM.attributes
                0x0000057f       0x2e c:/program files (x86)/atmel/studio/7.0/toolchain/arm/arm-gnu-toolchain/bin/../lib/gcc/arm-none-eabi/5.3.1/../../../../arm-none-eabi/lib/armv7e-m\libc.a(lib_a-fwalk.o)
 .ARM.attributes
                0x000005ad       0x2e c:/program files (x86)/atmel/studio/7.0/toolchain/arm/arm-gnu-toolchain/bin/../lib/gcc/arm-none-eabi/5.3.1/../../../../arm-none-eabi/lib/armv7e-m\libc.a(lib_a-makebuf.o)
 .ARM.attributes
                0x000005db       0x2e c:/program files (x86)/atmel/studio/7.0/toolchain/arm/arm-gnu-toolchain/bin/../lib/gcc/arm-none-eabi/5.3.1/../../../../arm-none-eabi/lib/armv7e-m\libc.a(lib_a-malloc.o)
 .ARM.attributes
                0x00000609       0x2e c:/program files (x86)/atmel/studio/7.0/toolchain/arm/arm-gnu-toolchain/bin/../lib/gcc/arm-none-eabi/5.3.1/../../../../arm-none-eabi/lib/armv7e-m\libc.a(lib_a-mallocr.o)
 .ARM.attributes
                0x00000637       0x2e c:/program files (x86)/atmel/studio/7.0/toolchain/arm/arm-gnu-toolchain/bin/../lib/gcc/arm-none-eabi/5.3.1/../../../../arm-none-eabi/lib/armv7e-m\libc.a(lib_a-mlock.o)
 .ARM.attributes
                0x00000665       0x2e c:/program files (x86)/atmel/studio/7.0/toolchain/arm/arm-gnu-toolchain/bin/../lib/gcc/arm-none-eabi/5.3.1/../../../../arm-none-eabi/lib/armv7e-m\libc.a(lib_a-sbrkr.o)
 .ARM.attributes
                0x00000693       0x2e c:/program files (x86)/atmel/studio/7.0/toolchain/arm/arm-gnu-toolchain/bin/../lib/gcc/arm-none-eabi/5.3.1/../../../../arm-none-eabi/lib/armv7e-m\libc.a(lib_a-stdio.o)
 .ARM.attributes
                0x000006c1       0x2e c:/program files (x86)/atmel/studio/7.0/toolchain/arm/arm-gnu-toolchain/bin/../lib/gcc/arm-none-eabi/5.3.1/../../../../arm-none-eabi/lib/armv7e-m\libc.a(lib_a-writer.o)
 .ARM.attributes
                0x000006ef       0x2e c:/program files (x86)/atmel/studio/7.0/toolchain/arm/arm-gnu-toolchain/bin/../lib/gcc/arm-none-eabi/5.3.1/../../../../arm-none-eabi/lib/armv7e-m\libc.a(lib_a-__atexit.o)
 .ARM.attributes
                0x0000071d       0x2e c:/program files (x86)/atmel/studio/7.0/toolchain/arm/arm-gnu-toolchain/bin/../lib/gcc/arm-none-eabi/5.3.1/../../../../arm-none-eabi/lib/armv7e-m\libc.a(lib_a-closer.o)
 .ARM.attributes
                0x0000074b       0x2e c:/program files (x86)/atmel/studio/7.0/toolchain/arm/arm-gnu-toolchain/bin/../lib/gcc/arm-none-eabi/5.3.1/../../../../arm-none-eabi/lib/armv7e-m\libc.a(lib_a-fclose.o)
 .ARM.attributes
                0x00000779       0x2e c:/program files (x86)/atmel/studio/7.0/toolchain/arm/arm-gnu-toolchain/bin/../lib/gcc/arm-none-eabi/5.3.1/../../../../arm-none-eabi/lib/armv7e-m\libc.a(lib_a-fstatr.o)
 .ARM.attributes
                0x000007a7       0x2e c:/program files (x86)/atmel/studio/7.0/toolchain/arm/arm-gnu-toolchain/bin/../lib/gcc/arm-none-eabi/5.3.1/../../../../arm-none-eabi/lib/armv7e-m\libc.a(lib_a-lseekr.o)
 .ARM.attributes
                0x000007d5       0x2e c:/program files (x86)/atmel/studio/7.0/toolchain/arm/arm-gnu-toolchain/bin/../lib/gcc/arm-none-eabi/5.3.1/../../../../arm-none-eabi/lib/armv7e-m\libc.a(lib_a-readr.o)
 .ARM.attributes
                0x00000803       0x2e c:/program files (x86)/atmel/studio/7.0/toolchain/arm/arm-gnu-toolchain/bin/../lib/gcc/arm-none-eabi/5.3.1/../../../../arm-none-eabi/lib/armv7e-m\libc.a(lib_a-reent.o)
 .ARM.attributes
                0x00000831       0x1e c:/program files (x86)/atmel/studio/7.0/toolchain/arm/arm-gnu-toolchain/bin/../lib/gcc/arm-none-eabi/5.3.1/armv7e-m/crtn.o

.comment        0x00000000       0x59
 .comment       0x00000000       0x59 src/ASF/common/services/clock/same70/sysclk.o
                                 0x5a (size before relaxing)
 .comment       0x00000059       0x5a src/ASF/common/utils/interrupt/interrupt_sam_nvic.o
 .comment       0x00000059       0x5a src/ASF/common/utils/stdio/read.o
 .comment       0x00000059       0x5a src/ASF/common/utils/stdio/write.o
 .comment       0x00000059       0x5a src/ASF/sam/boards/same70_xplained/init.o
 .comment       0x00000059       0x5a src/ASF/sam/drivers/pio/pio.o
 .comment       0x00000059       0x5a src/ASF/sam/drivers/pio/pio_handler.o
 .comment       0x00000059       0x5a src/ASF/sam/drivers/pmc/pmc.o
 .comment       0x00000059       0x5a src/ASF/sam/drivers/tc/tc.o
 .comment       0x00000059       0x5a src/ASF/sam/drivers/uart/uart.o
 .comment       0x00000059       0x5a src/ASF/sam/drivers/usart/usart.o
 .comment       0x00000059       0x5a src/ASF/sam/utils/cmsis/same70/source/templates/gcc/startup_same70.o
 .comment       0x00000059       0x5a src/ASF/sam/utils/cmsis/same70/source/templates/system_same70.o
 .comment       0x00000059       0x5a src/ASF/sam/utils/syscalls/gcc/syscalls.o
 .comment       0x00000059       0x5a src/main.o

.debug_info     0x00000000     0xb88f
 .debug_info    0x00000000      0x759 src/ASF/common/services/clock/same70/sysclk.o
 .debug_info    0x00000759      0x1e9 src/ASF/common/utils/interrupt/interrupt_sam_nvic.o
 .debug_info    0x00000942      0x1ae src/ASF/common/utils/stdio/read.o
 .debug_info    0x00000af0      0x1bc src/ASF/common/utils/stdio/write.o
 .debug_info    0x00000cac     0x165b src/ASF/sam/boards/same70_xplained/init.o
 .debug_info    0x00002307     0x12a5 src/ASF/sam/drivers/pio/pio.o
 .debug_info    0x000035ac     0x101e src/ASF/sam/drivers/pio/pio_handler.o
 .debug_info    0x000045ca     0x148a src/ASF/sam/drivers/pmc/pmc.o
 .debug_info    0x00005a54      0x938 src/ASF/sam/drivers/tc/tc.o
 .debug_info    0x0000638c      0x745 src/ASF/sam/drivers/uart/uart.o
 .debug_info    0x00006ad1     0x16d8 src/ASF/sam/drivers/usart/usart.o
 .debug_info    0x000081a9      0xc04 src/ASF/sam/utils/cmsis/same70/source/templates/gcc/startup_same70.o
 .debug_info    0x00008dad      0x570 src/ASF/sam/utils/cmsis/same70/source/templates/system_same70.o
 .debug_info    0x0000931d      0x435 src/ASF/sam/utils/syscalls/gcc/syscalls.o
 .debug_info    0x00009752     0x213d src/main.o

.debug_abbrev   0x00000000     0x19dd
 .debug_abbrev  0x00000000      0x1c5 src/ASF/common/services/clock/same70/sysclk.o
 .debug_abbrev  0x000001c5       0xef src/ASF/common/utils/interrupt/interrupt_sam_nvic.o
 .debug_abbrev  0x000002b4       0xdd src/ASF/common/utils/stdio/read.o
 .debug_abbrev  0x00000391       0xe6 src/ASF/common/utils/stdio/write.o
 .debug_abbrev  0x00000477      0x34d src/ASF/sam/boards/same70_xplained/init.o
 .debug_abbrev  0x000007c4      0x1c2 src/ASF/sam/drivers/pio/pio.o
 .debug_abbrev  0x00000986      0x225 src/ASF/sam/drivers/pio/pio_handler.o
 .debug_abbrev  0x00000bab      0x229 src/ASF/sam/drivers/pmc/pmc.o
 .debug_abbrev  0x00000dd4      0x158 src/ASF/sam/drivers/tc/tc.o
 .debug_abbrev  0x00000f2c      0x169 src/ASF/sam/drivers/uart/uart.o
 .debug_abbrev  0x00001095      0x1da src/ASF/sam/drivers/usart/usart.o
 .debug_abbrev  0x0000126f      0x214 src/ASF/sam/utils/cmsis/same70/source/templates/gcc/startup_same70.o
 .debug_abbrev  0x00001483       0xf5 src/ASF/sam/utils/cmsis/same70/source/templates/system_same70.o
 .debug_abbrev  0x00001578      0x120 src/ASF/sam/utils/syscalls/gcc/syscalls.o
 .debug_abbrev  0x00001698      0x345 src/main.o

.debug_loc      0x00000000     0x6f82
 .debug_loc     0x00000000      0x4a0 src/ASF/common/services/clock/same70/sysclk.o
 .debug_loc     0x000004a0       0xa0 src/ASF/common/utils/interrupt/interrupt_sam_nvic.o
 .debug_loc     0x00000540       0x50 src/ASF/common/utils/stdio/read.o
 .debug_loc     0x00000590       0x50 src/ASF/common/utils/stdio/write.o
 .debug_loc     0x000005e0      0x358 src/ASF/sam/boards/same70_xplained/init.o
 .debug_loc     0x00000938     0x1174 src/ASF/sam/drivers/pio/pio.o
 .debug_loc     0x00001aac      0x38c src/ASF/sam/drivers/pio/pio_handler.o
 .debug_loc     0x00001e38     0x1714 src/ASF/sam/drivers/pmc/pmc.o
 .debug_loc     0x0000354c      0x844 src/ASF/sam/drivers/tc/tc.o
 .debug_loc     0x00003d90      0x8a0 src/ASF/sam/drivers/uart/uart.o
 .debug_loc     0x00004630     0x1e4c src/ASF/sam/drivers/usart/usart.o
 .debug_loc     0x0000647c      0x16c src/ASF/sam/utils/cmsis/same70/source/templates/gcc/startup_same70.o
 .debug_loc     0x000065e8       0xe4 src/ASF/sam/utils/cmsis/same70/source/templates/system_same70.o
 .debug_loc     0x000066cc      0x324 src/ASF/sam/utils/syscalls/gcc/syscalls.o
 .debug_loc     0x000069f0      0x592 src/main.o

.debug_aranges  0x00000000      0xbd8
 .debug_aranges
                0x00000000       0x98 src/ASF/common/services/clock/same70/sysclk.o
 .debug_aranges
                0x00000098       0x28 src/ASF/common/utils/interrupt/interrupt_sam_nvic.o
 .debug_aranges
                0x000000c0       0x20 src/ASF/common/utils/stdio/read.o
 .debug_aranges
                0x000000e0       0x20 src/ASF/common/utils/stdio/write.o
 .debug_aranges
                0x00000100       0x70 src/ASF/sam/boards/same70_xplained/init.o
 .debug_aranges
                0x00000170      0x1a8 src/ASF/sam/drivers/pio/pio.o
 .debug_aranges
                0x00000318       0x80 src/ASF/sam/drivers/pio/pio_handler.o
 .debug_aranges
                0x00000398      0x250 src/ASF/sam/drivers/pmc/pmc.o
 .debug_aranges
                0x000005e8       0xd0 src/ASF/sam/drivers/tc/tc.o
 .debug_aranges
                0x000006b8       0xd8 src/ASF/sam/drivers/uart/uart.o
 .debug_aranges
                0x00000790      0x2c8 src/ASF/sam/drivers/usart/usart.o
 .debug_aranges
                0x00000a58       0x40 src/ASF/sam/utils/cmsis/same70/source/templates/gcc/startup_same70.o
 .debug_aranges
                0x00000a98       0x30 src/ASF/sam/utils/cmsis/same70/source/templates/system_same70.o
 .debug_aranges
                0x00000ac8       0x60 src/ASF/sam/utils/syscalls/gcc/syscalls.o
 .debug_aranges
                0x00000b28       0xb0 src/main.o

.debug_ranges   0x00000000      0xb60
 .debug_ranges  0x00000000       0x88 src/ASF/common/services/clock/same70/sysclk.o
 .debug_ranges  0x00000088       0x18 src/ASF/common/utils/interrupt/interrupt_sam_nvic.o
 .debug_ranges  0x000000a0       0x10 src/ASF/common/utils/stdio/read.o
 .debug_ranges  0x000000b0       0x10 src/ASF/common/utils/stdio/write.o
 .debug_ranges  0x000000c0       0xd8 src/ASF/sam/boards/same70_xplained/init.o
 .debug_ranges  0x00000198      0x198 src/ASF/sam/drivers/pio/pio.o
 .debug_ranges  0x00000330       0x70 src/ASF/sam/drivers/pio/pio_handler.o
 .debug_ranges  0x000003a0      0x240 src/ASF/sam/drivers/pmc/pmc.o
 .debug_ranges  0x000005e0       0xc0 src/ASF/sam/drivers/tc/tc.o
 .debug_ranges  0x000006a0       0xc8 src/ASF/sam/drivers/uart/uart.o
 .debug_ranges  0x00000768      0x2b8 src/ASF/sam/drivers/usart/usart.o
 .debug_ranges  0x00000a20       0x30 src/ASF/sam/utils/cmsis/same70/source/templates/gcc/startup_same70.o
 .debug_ranges  0x00000a50       0x20 src/ASF/sam/utils/cmsis/same70/source/templates/system_same70.o
 .debug_ranges  0x00000a70       0x50 src/ASF/sam/utils/syscalls/gcc/syscalls.o
 .debug_ranges  0x00000ac0       0xa0 src/main.o

.debug_macro    0x00000000    0x1e609
 .debug_macro   0x00000000      0x6a1 src/ASF/common/services/clock/same70/sysclk.o
 .debug_macro   0x000006a1      0x8aa src/ASF/common/services/clock/same70/sysclk.o
 .debug_macro   0x00000f4b      0x652 src/ASF/common/services/clock/same70/sysclk.o
 .debug_macro   0x0000159d       0x3a src/ASF/common/services/clock/same70/sysclk.o
 .debug_macro   0x000015d7      0x16d src/ASF/common/services/clock/same70/sysclk.o
 .debug_macro   0x00001744       0x76 src/ASF/common/services/clock/same70/sysclk.o
 .debug_macro   0x000017ba       0x16 src/ASF/common/services/clock/same70/sysclk.o
 .debug_macro   0x000017d0      0x6e4 src/ASF/common/services/clock/same70/sysclk.o
 .debug_macro   0x00001eb4       0x22 src/ASF/common/services/clock/same70/sysclk.o
 .debug_macro   0x00001ed6       0x87 src/ASF/common/services/clock/same70/sysclk.o
 .debug_macro   0x00001f5d       0x44 src/ASF/common/services/clock/same70/sysclk.o
 .debug_macro   0x00001fa1       0xfd src/ASF/common/services/clock/same70/sysclk.o
 .debug_macro   0x0000209e       0x22 src/ASF/common/services/clock/same70/sysclk.o
 .debug_macro   0x000020c0      0x1df src/ASF/common/services/clock/same70/sysclk.o
 .debug_macro   0x0000229f       0x4a src/ASF/common/services/clock/same70/sysclk.o
 .debug_macro   0x000022e9       0x3b src/ASF/common/services/clock/same70/sysclk.o
 .debug_macro   0x00002324       0x2d src/ASF/common/services/clock/same70/sysclk.o
 .debug_macro   0x00002351       0x26 src/ASF/common/services/clock/same70/sysclk.o
 .debug_macro   0x00002377      0xf9a src/ASF/common/services/clock/same70/sysclk.o
 .debug_macro   0x00003311      0x175 src/ASF/common/services/clock/same70/sysclk.o
 .debug_macro   0x00003486      0x257 src/ASF/common/services/clock/same70/sysclk.o
 .debug_macro   0x000036dd      0xa0f src/ASF/common/services/clock/same70/sysclk.o
 .debug_macro   0x000040ec      0x1b9 src/ASF/common/services/clock/same70/sysclk.o
 .debug_macro   0x000042a5      0x336 src/ASF/common/services/clock/same70/sysclk.o
 .debug_macro   0x000045db      0x15b src/ASF/common/services/clock/same70/sysclk.o
 .debug_macro   0x00004736     0x1851 src/ASF/common/services/clock/same70/sysclk.o
 .debug_macro   0x00005f87       0x1c src/ASF/common/services/clock/same70/sysclk.o
 .debug_macro   0x00005fa3      0x68d src/ASF/common/services/clock/same70/sysclk.o
 .debug_macro   0x00006630      0x31e src/ASF/common/services/clock/same70/sysclk.o
 .debug_macro   0x0000694e      0x4d4 src/ASF/common/services/clock/same70/sysclk.o
 .debug_macro   0x00006e22      0x56e src/ASF/common/services/clock/same70/sysclk.o
 .debug_macro   0x00007390     0x1332 src/ASF/common/services/clock/same70/sysclk.o
 .debug_macro   0x000086c2     0x278d src/ASF/common/services/clock/same70/sysclk.o
 .debug_macro   0x0000ae4f     0x102b src/ASF/common/services/clock/same70/sysclk.o
 .debug_macro   0x0000be7a      0xe01 src/ASF/common/services/clock/same70/sysclk.o
 .debug_macro   0x0000cc7b      0x3b1 src/ASF/common/services/clock/same70/sysclk.o
 .debug_macro   0x0000d02c       0xa0 src/ASF/common/services/clock/same70/sysclk.o
 .debug_macro   0x0000d0cc       0x76 src/ASF/common/services/clock/same70/sysclk.o
 .debug_macro   0x0000d142      0x409 src/ASF/common/services/clock/same70/sysclk.o
 .debug_macro   0x0000d54b       0x64 src/ASF/common/services/clock/same70/sysclk.o
 .debug_macro   0x0000d5af      0x284 src/ASF/common/services/clock/same70/sysclk.o
 .debug_macro   0x0000d833      0x1d0 src/ASF/common/services/clock/same70/sysclk.o
 .debug_macro   0x0000da03      0x248 src/ASF/common/services/clock/same70/sysclk.o
 .debug_macro   0x0000dc4b      0x524 src/ASF/common/services/clock/same70/sysclk.o
 .debug_macro   0x0000e16f      0x63b src/ASF/common/services/clock/same70/sysclk.o
 .debug_macro   0x0000e7aa      0x6b8 src/ASF/common/services/clock/same70/sysclk.o
 .debug_macro   0x0000ee62       0x4c src/ASF/common/services/clock/same70/sysclk.o
 .debug_macro   0x0000eeae      0x468 src/ASF/common/services/clock/same70/sysclk.o
 .debug_macro   0x0000f316      0x207 src/ASF/common/services/clock/same70/sysclk.o
 .debug_macro   0x0000f51d      0x866 src/ASF/common/services/clock/same70/sysclk.o
 .debug_macro   0x0000fd83     0x1547 src/ASF/common/services/clock/same70/sysclk.o
 .debug_macro   0x000112ca       0x40 src/ASF/common/services/clock/same70/sysclk.o
 .debug_macro   0x0001130a       0x76 src/ASF/common/services/clock/same70/sysclk.o
 .debug_macro   0x00011380      0xdaf src/ASF/common/services/clock/same70/sysclk.o
 .debug_macro   0x0001212f       0x82 src/ASF/common/services/clock/same70/sysclk.o
 .debug_macro   0x000121b1       0x76 src/ASF/common/services/clock/same70/sysclk.o
 .debug_macro   0x00012227       0x4c src/ASF/common/services/clock/same70/sysclk.o
 .debug_macro   0x00012273      0x135 src/ASF/common/services/clock/same70/sysclk.o
 .debug_macro   0x000123a8      0x135 src/ASF/common/services/clock/same70/sysclk.o
 .debug_macro   0x000124dd      0x135 src/ASF/common/services/clock/same70/sysclk.o
 .debug_macro   0x00012612       0x6a src/ASF/common/services/clock/same70/sysclk.o
 .debug_macro   0x0001267c       0x6a src/ASF/common/services/clock/same70/sysclk.o
 .debug_macro   0x000126e6      0x313 src/ASF/common/services/clock/same70/sysclk.o
 .debug_macro   0x000129f9       0xb2 src/ASF/common/services/clock/same70/sysclk.o
 .debug_macro   0x00012aab       0xb2 src/ASF/common/services/clock/same70/sysclk.o
 .debug_macro   0x00012b5d       0xb2 src/ASF/common/services/clock/same70/sysclk.o
 .debug_macro   0x00012c0f      0x11d src/ASF/common/services/clock/same70/sysclk.o
 .debug_macro   0x00012d2c      0x11d src/ASF/common/services/clock/same70/sysclk.o
 .debug_macro   0x00012e49      0x2cd src/ASF/common/services/clock/same70/sysclk.o
 .debug_macro   0x00013116       0xb8 src/ASF/common/services/clock/same70/sysclk.o
 .debug_macro   0x000131ce       0x5e src/ASF/common/services/clock/same70/sysclk.o
 .debug_macro   0x0001322c       0x40 src/ASF/common/services/clock/same70/sysclk.o
 .debug_macro   0x0001326c       0x4c src/ASF/common/services/clock/same70/sysclk.o
 .debug_macro   0x000132b8       0xa0 src/ASF/common/services/clock/same70/sysclk.o
 .debug_macro   0x00013358      0x494 src/ASF/common/services/clock/same70/sysclk.o
 .debug_macro   0x000137ec      0x135 src/ASF/common/services/clock/same70/sysclk.o
 .debug_macro   0x00013921       0x4c src/ASF/common/services/clock/same70/sysclk.o
 .debug_macro   0x0001396d      0x313 src/ASF/common/services/clock/same70/sysclk.o
 .debug_macro   0x00013c80       0x6a src/ASF/common/services/clock/same70/sysclk.o
 .debug_macro   0x00013cea       0xb8 src/ASF/common/services/clock/same70/sysclk.o
 .debug_macro   0x00013da2       0x6a src/ASF/common/services/clock/same70/sysclk.o
 .debug_macro   0x00013e0c       0x2e src/ASF/common/services/clock/same70/sysclk.o
 .debug_macro   0x00013e3a      0x9b1 src/ASF/common/services/clock/same70/sysclk.o
 .debug_macro   0x000147eb       0x6a src/ASF/common/services/clock/same70/sysclk.o
 .debug_macro   0x00014855       0x88 src/ASF/common/services/clock/same70/sysclk.o
 .debug_macro   0x000148dd       0x58 src/ASF/common/services/clock/same70/sysclk.o
 .debug_macro   0x00014935       0xe2 src/ASF/common/services/clock/same70/sysclk.o
 .debug_macro   0x00014a17       0x16 src/ASF/common/services/clock/same70/sysclk.o
 .debug_macro   0x00014a2d       0xe2 src/ASF/common/services/clock/same70/sysclk.o
 .debug_macro   0x00014b0f       0x4c src/ASF/common/services/clock/same70/sysclk.o
 .debug_macro   0x00014b5b       0x16 src/ASF/common/services/clock/same70/sysclk.o
 .debug_macro   0x00014b71       0x4c src/ASF/common/services/clock/same70/sysclk.o
 .debug_macro   0x00014bbd       0x2e src/ASF/common/services/clock/same70/sysclk.o
 .debug_macro   0x00014beb      0x1b5 src/ASF/common/services/clock/same70/sysclk.o
 .debug_macro   0x00014da0      0x1b5 src/ASF/common/services/clock/same70/sysclk.o
 .debug_macro   0x00014f55      0x1b5 src/ASF/common/services/clock/same70/sysclk.o
 .debug_macro   0x0001510a      0x1b5 src/ASF/common/services/clock/same70/sysclk.o
 .debug_macro   0x000152bf      0x1b5 src/ASF/common/services/clock/same70/sysclk.o
 .debug_macro   0x00015474       0x1c src/ASF/common/services/clock/same70/sysclk.o
 .debug_macro   0x00015490       0x2e src/ASF/common/services/clock/same70/sysclk.o
 .debug_macro   0x000154be       0x22 src/ASF/common/services/clock/same70/sysclk.o
 .debug_macro   0x000154e0       0x1c src/ASF/common/services/clock/same70/sysclk.o
 .debug_macro   0x000154fc       0x52 src/ASF/common/services/clock/same70/sysclk.o
 .debug_macro   0x0001554e       0x10 src/ASF/common/services/clock/same70/sysclk.o
 .debug_macro   0x0001555e       0x1c src/ASF/common/services/clock/same70/sysclk.o
 .debug_macro   0x0001557a       0x4c src/ASF/common/services/clock/same70/sysclk.o
 .debug_macro   0x000155c6       0x4c src/ASF/common/services/clock/same70/sysclk.o
 .debug_macro   0x00015612       0x4c src/ASF/common/services/clock/same70/sysclk.o
 .debug_macro   0x0001565e      0x31b src/ASF/common/services/clock/same70/sysclk.o
 .debug_macro   0x00015979     0x1022 src/ASF/common/services/clock/same70/sysclk.o
 .debug_macro   0x0001699b      0x100 src/ASF/common/services/clock/same70/sysclk.o
 .debug_macro   0x00016a9b       0x52 src/ASF/common/services/clock/same70/sysclk.o
 .debug_macro   0x00016aed       0x35 src/ASF/common/services/clock/same70/sysclk.o
 .debug_macro   0x00016b22       0x9c src/ASF/common/services/clock/same70/sysclk.o
 .debug_macro   0x00016bbe       0x16 src/ASF/common/services/clock/same70/sysclk.o
 .debug_macro   0x00016bd4       0x35 src/ASF/common/services/clock/same70/sysclk.o
 .debug_macro   0x00016c09      0x330 src/ASF/common/services/clock/same70/sysclk.o
 .debug_macro   0x00016f39       0x10 src/ASF/common/services/clock/same70/sysclk.o
 .debug_macro   0x00016f49       0x52 src/ASF/common/services/clock/same70/sysclk.o
 .debug_macro   0x00016f9b       0x16 src/ASF/common/services/clock/same70/sysclk.o
 .debug_macro   0x00016fb1       0x43 src/ASF/common/services/clock/same70/sysclk.o
 .debug_macro   0x00016ff4      0x187 src/ASF/common/services/clock/same70/sysclk.o
 .debug_macro   0x0001717b       0x22 src/ASF/common/services/clock/same70/sysclk.o
 .debug_macro   0x0001719d       0x3a src/ASF/common/services/clock/same70/sysclk.o
 .debug_macro   0x000171d7       0x10 src/ASF/common/services/clock/same70/sysclk.o
 .debug_macro   0x000171e7       0x40 src/ASF/common/services/clock/same70/sysclk.o
 .debug_macro   0x00017227       0x6c src/ASF/common/services/clock/same70/sysclk.o
 .debug_macro   0x00017293       0x16 src/ASF/common/services/clock/same70/sysclk.o
 .debug_macro   0x000172a9      0x182 src/ASF/common/services/clock/same70/sysclk.o
 .debug_macro   0x0001742b       0x22 src/ASF/common/services/clock/same70/sysclk.o
 .debug_macro   0x0001744d       0x16 src/ASF/common/services/clock/same70/sysclk.o
 .debug_macro   0x00017463       0x16 src/ASF/common/services/clock/same70/sysclk.o
 .debug_macro   0x00017479       0x29 src/ASF/common/services/clock/same70/sysclk.o
 .debug_macro   0x000174a2       0x75 src/ASF/common/services/clock/same70/sysclk.o
 .debug_macro   0x00017517       0x3f src/ASF/common/services/clock/same70/sysclk.o
 .debug_macro   0x00017556      0x3ca src/ASF/common/services/clock/same70/sysclk.o
 .debug_macro   0x00017920      0x2b9 src/ASF/common/services/clock/same70/sysclk.o
 .debug_macro   0x00017bd9      0x8d6 src/ASF/common/services/clock/same70/sysclk.o
 .debug_macro   0x000184af       0x70 src/ASF/common/services/clock/same70/sysclk.o
 .debug_macro   0x0001851f       0x64 src/ASF/common/services/clock/same70/sysclk.o
 .debug_macro   0x00018583       0x5f src/ASF/common/services/clock/same70/sysclk.o
 .debug_macro   0x000185e2       0xac src/ASF/common/services/clock/same70/sysclk.o
 .debug_macro   0x0001868e      0x627 src/ASF/common/utils/interrupt/interrupt_sam_nvic.o
 .debug_macro   0x00018cb5      0x627 src/ASF/common/utils/stdio/read.o
 .debug_macro   0x000192dc      0x627 src/ASF/common/utils/stdio/write.o
 .debug_macro   0x00019903      0x6dd src/ASF/sam/boards/same70_xplained/init.o
 .debug_macro   0x00019fe0       0x22 src/ASF/sam/boards/same70_xplained/init.o
 .debug_macro   0x0001a002       0x82 src/ASF/sam/boards/same70_xplained/init.o
 .debug_macro   0x0001a084       0x94 src/ASF/sam/boards/same70_xplained/init.o
 .debug_macro   0x0001a118      0x63d src/ASF/sam/drivers/pio/pio.o
 .debug_macro   0x0001a755       0x8e src/ASF/sam/drivers/pio/pio.o
 .debug_macro   0x0001a7e3      0x648 src/ASF/sam/drivers/pio/pio_handler.o
 .debug_macro   0x0001ae2b      0x63d src/ASF/sam/drivers/pmc/pmc.o
 .debug_macro   0x0001b468       0x6a src/ASF/sam/drivers/pmc/pmc.o
 .debug_macro   0x0001b4d2      0x63f src/ASF/sam/drivers/tc/tc.o
 .debug_macro   0x0001bb11       0x4c src/ASF/sam/drivers/tc/tc.o
 .debug_macro   0x0001bb5d       0x8d src/ASF/sam/drivers/tc/tc.o
 .debug_macro   0x0001bbea       0x16 src/ASF/sam/drivers/tc/tc.o
 .debug_macro   0x0001bc00       0x4a src/ASF/sam/drivers/tc/tc.o
 .debug_macro   0x0001bc4a       0x1c src/ASF/sam/drivers/tc/tc.o
 .debug_macro   0x0001bc66      0x637 src/ASF/sam/drivers/uart/uart.o
 .debug_macro   0x0001c29d       0x16 src/ASF/sam/drivers/uart/uart.o
 .debug_macro   0x0001c2b3      0x66d src/ASF/sam/drivers/usart/usart.o
 .debug_macro   0x0001c920       0x34 src/ASF/sam/drivers/usart/usart.o
 .debug_macro   0x0001c954      0x636 src/ASF/sam/utils/cmsis/same70/source/templates/gcc/startup_same70.o
 .debug_macro   0x0001cf8a       0x10 src/ASF/sam/utils/cmsis/same70/source/templates/gcc/startup_same70.o
 .debug_macro   0x0001cf9a      0x455 src/ASF/sam/utils/cmsis/same70/source/templates/system_same70.o
 .debug_macro   0x0001d3ef      0x19c src/ASF/sam/utils/syscalls/gcc/syscalls.o
 .debug_macro   0x0001d58b       0x97 src/ASF/sam/utils/syscalls/gcc/syscalls.o
 .debug_macro   0x0001d622       0xf6 src/ASF/sam/utils/syscalls/gcc/syscalls.o
 .debug_macro   0x0001d718       0x52 src/ASF/sam/utils/syscalls/gcc/syscalls.o
 .debug_macro   0x0001d76a       0x16 src/ASF/sam/utils/syscalls/gcc/syscalls.o
 .debug_macro   0x0001d780       0x10 src/ASF/sam/utils/syscalls/gcc/syscalls.o
 .debug_macro   0x0001d790       0x41 src/ASF/sam/utils/syscalls/gcc/syscalls.o
 .debug_macro   0x0001d7d1      0x122 src/ASF/sam/utils/syscalls/gcc/syscalls.o
 .debug_macro   0x0001d8f3      0x846 src/main.o
 .debug_macro   0x0001e139       0x28 src/main.o
 .debug_macro   0x0001e161       0x23 src/main.o
 .debug_macro   0x0001e184       0x40 src/main.o
 .debug_macro   0x0001e1c4       0x88 src/main.o
 .debug_macro   0x0001e24c       0x10 src/main.o
 .debug_macro   0x0001e25c      0x1ce src/main.o
 .debug_macro   0x0001e42a       0x16 src/main.o
 .debug_macro   0x0001e440       0x1c src/main.o
 .debug_macro   0x0001e45c      0x1ad src/main.o

.debug_line     0x00000000     0xaf5b
 .debug_line    0x00000000      0xc3b src/ASF/common/services/clock/same70/sysclk.o
 .debug_line    0x00000c3b      0x9dd src/ASF/common/utils/interrupt/interrupt_sam_nvic.o
 .debug_line    0x00001618      0x9be src/ASF/common/utils/stdio/read.o
 .debug_line    0x00001fd6      0x9bb src/ASF/common/utils/stdio/write.o
 .debug_line    0x00002991      0xd5e src/ASF/sam/boards/same70_xplained/init.o
 .debug_line    0x000036ef      0xdeb src/ASF/sam/drivers/pio/pio.o
 .debug_line    0x000044da      0xaec src/ASF/sam/drivers/pio/pio_handler.o
 .debug_line    0x00004fc6     0x10a5 src/ASF/sam/drivers/pmc/pmc.o
 .debug_line    0x0000606b      0xb60 src/ASF/sam/drivers/tc/tc.o
 .debug_line    0x00006bcb      0xb65 src/ASF/sam/drivers/uart/uart.o
 .debug_line    0x00007730     0x109b src/ASF/sam/drivers/usart/usart.o
 .debug_line    0x000087cb      0xa94 src/ASF/sam/utils/cmsis/same70/source/templates/gcc/startup_same70.o
 .debug_line    0x0000925f      0x819 src/ASF/sam/utils/cmsis/same70/source/templates/system_same70.o
 .debug_line    0x00009a78      0x3da src/ASF/sam/utils/syscalls/gcc/syscalls.o
 .debug_line    0x00009e52     0x1109 src/main.o

.debug_str      0x00000000    0x8b3fc
 .debug_str     0x00000000    0x84cf6 src/ASF/common/services/clock/same70/sysclk.o
                              0x85340 (size before relaxing)
 .debug_str     0x00084cf6       0x94 src/ASF/common/utils/interrupt/interrupt_sam_nvic.o
                              0x814be (size before relaxing)
 .debug_str     0x00084d8a       0x3f src/ASF/common/utils/stdio/read.o
                              0x8146d (size before relaxing)
 .debug_str     0x00084dc9       0x2e src/ASF/common/utils/stdio/write.o
                              0x8146f (size before relaxing)
 .debug_str     0x00084df7      0xfe6 src/ASF/sam/boards/same70_xplained/init.o
                              0x8607c (size before relaxing)
 .debug_str     0x00085ddd      0x5b8 src/ASF/sam/drivers/pio/pio.o
                              0x82014 (size before relaxing)
 .debug_str     0x00086395      0x44f src/ASF/sam/drivers/pio/pio_handler.o
                              0x82085 (size before relaxing)
 .debug_str     0x000867e4      0x7c7 src/ASF/sam/drivers/pmc/pmc.o
                              0x82169 (size before relaxing)
 .debug_str     0x00086fab      0x35e src/ASF/sam/drivers/tc/tc.o
                              0x817d1 (size before relaxing)
 .debug_str     0x00087309      0x2fa src/ASF/sam/drivers/uart/uart.o
                              0x8176e (size before relaxing)
 .debug_str     0x00087603      0xb6a src/ASF/sam/drivers/usart/usart.o
                              0x82006 (size before relaxing)
 .debug_str     0x0008816d      0x67c src/ASF/sam/utils/cmsis/same70/source/templates/gcc/startup_same70.o
                              0x81c64 (size before relaxing)
 .debug_str     0x000887e9      0x16f src/ASF/sam/utils/cmsis/same70/source/templates/system_same70.o
                              0x7269b (size before relaxing)
 .debug_str     0x00088958      0x748 src/ASF/sam/utils/syscalls/gcc/syscalls.o
                               0x69fb (size before relaxing)
 .debug_str     0x000890a0     0x235c src/main.o
                              0x8861f (size before relaxing)

.debug_frame    0x00000000     0x39f8
 .debug_frame   0x00000000      0x240 src/ASF/common/services/clock/same70/sysclk.o
 .debug_frame   0x00000240       0x58 src/ASF/common/utils/interrupt/interrupt_sam_nvic.o
 .debug_frame   0x00000298       0x34 src/ASF/common/utils/stdio/read.o
 .debug_frame   0x000002cc       0x34 src/ASF/common/utils/stdio/write.o
 .debug_frame   0x00000300      0x19c src/ASF/sam/boards/same70_xplained/init.o
 .debug_frame   0x0000049c      0x7c0 src/ASF/sam/drivers/pio/pio.o
 .debug_frame   0x00000c5c      0x1d0 src/ASF/sam/drivers/pio/pio_handler.o
 .debug_frame   0x00000e2c      0xa58 src/ASF/sam/drivers/pmc/pmc.o
 .debug_frame   0x00001884      0x3a8 src/ASF/sam/drivers/tc/tc.o
 .debug_frame   0x00001c2c      0x3d0 src/ASF/sam/drivers/uart/uart.o
 .debug_frame   0x00001ffc      0xd4c src/ASF/sam/drivers/usart/usart.o
 .debug_frame   0x00002d48       0xbc src/ASF/sam/utils/cmsis/same70/source/templates/gcc/startup_same70.o
 .debug_frame   0x00002e04       0x78 src/ASF/sam/utils/cmsis/same70/source/templates/system_same70.o
 .debug_frame   0x00002e7c      0x170 src/ASF/sam/utils/syscalls/gcc/syscalls.o
 .debug_frame   0x00002fec      0x2c0 src/main.o
 .debug_frame   0x000032ac       0x2c c:/program files (x86)/atmel/studio/7.0/toolchain/arm/arm-gnu-toolchain/bin/../lib/gcc/arm-none-eabi/5.3.1/../../../../arm-none-eabi/lib/armv7e-m\libc.a(lib_a-init.o)
 .debug_frame   0x000032d8       0x34 c:/program files (x86)/atmel/studio/7.0/toolchain/arm/arm-gnu-toolchain/bin/../lib/gcc/arm-none-eabi/5.3.1/../../../../arm-none-eabi/lib/armv7e-m\libc.a(lib_a-memset.o)
 .debug_frame   0x0000330c       0x20 c:/program files (x86)/atmel/studio/7.0/toolchain/arm/arm-gnu-toolchain/bin/../lib/gcc/arm-none-eabi/5.3.1/../../../../arm-none-eabi/lib/armv7e-m\libc.a(lib_a-setbuf.o)
 .debug_frame   0x0000332c       0x50 c:/program files (x86)/atmel/studio/7.0/toolchain/arm/arm-gnu-toolchain/bin/../lib/gcc/arm-none-eabi/5.3.1/../../../../arm-none-eabi/lib/armv7e-m\libc.a(lib_a-setvbuf.o)
 .debug_frame   0x0000337c       0x50 c:/program files (x86)/atmel/studio/7.0/toolchain/arm/arm-gnu-toolchain/bin/../lib/gcc/arm-none-eabi/5.3.1/../../../../arm-none-eabi/lib/armv7e-m\libc.a(lib_a-__call_atexit.o)
 .debug_frame   0x000033cc       0x20 c:/program files (x86)/atmel/studio/7.0/toolchain/arm/arm-gnu-toolchain/bin/../lib/gcc/arm-none-eabi/5.3.1/../../../../arm-none-eabi/lib/armv7e-m\libc.a(lib_a-atexit.o)
 .debug_frame   0x000033ec       0x6c c:/program files (x86)/atmel/studio/7.0/toolchain/arm/arm-gnu-toolchain/bin/../lib/gcc/arm-none-eabi/5.3.1/../../../../arm-none-eabi/lib/armv7e-m\libc.a(lib_a-fflush.o)
 .debug_frame   0x00003458      0x124 c:/program files (x86)/atmel/studio/7.0/toolchain/arm/arm-gnu-toolchain/bin/../lib/gcc/arm-none-eabi/5.3.1/../../../../arm-none-eabi/lib/armv7e-m\libc.a(lib_a-findfp.o)
 .debug_frame   0x0000357c       0x34 c:/program files (x86)/atmel/studio/7.0/toolchain/arm/arm-gnu-toolchain/bin/../lib/gcc/arm-none-eabi/5.3.1/../../../../arm-none-eabi/lib/armv7e-m\libc.a(lib_a-fini.o)
 .debug_frame   0x000035b0       0x74 c:/program files (x86)/atmel/studio/7.0/toolchain/arm/arm-gnu-toolchain/bin/../lib/gcc/arm-none-eabi/5.3.1/../../../../arm-none-eabi/lib/armv7e-m\libc.a(lib_a-freer.o)
 .debug_frame   0x00003624       0x54 c:/program files (x86)/atmel/studio/7.0/toolchain/arm/arm-gnu-toolchain/bin/../lib/gcc/arm-none-eabi/5.3.1/../../../../arm-none-eabi/lib/armv7e-m\libc.a(lib_a-fwalk.o)
 .debug_frame   0x00003678       0x68 c:/program files (x86)/atmel/studio/7.0/toolchain/arm/arm-gnu-toolchain/bin/../lib/gcc/arm-none-eabi/5.3.1/../../../../arm-none-eabi/lib/armv7e-m\libc.a(lib_a-makebuf.o)
 .debug_frame   0x000036e0       0x30 c:/program files (x86)/atmel/studio/7.0/toolchain/arm/arm-gnu-toolchain/bin/../lib/gcc/arm-none-eabi/5.3.1/../../../../arm-none-eabi/lib/armv7e-m\libc.a(lib_a-malloc.o)
 .debug_frame   0x00003710       0x58 c:/program files (x86)/atmel/studio/7.0/toolchain/arm/arm-gnu-toolchain/bin/../lib/gcc/arm-none-eabi/5.3.1/../../../../arm-none-eabi/lib/armv7e-m\libc.a(lib_a-mallocr.o)
 .debug_frame   0x00003768       0x30 c:/program files (x86)/atmel/studio/7.0/toolchain/arm/arm-gnu-toolchain/bin/../lib/gcc/arm-none-eabi/5.3.1/../../../../arm-none-eabi/lib/armv7e-m\libc.a(lib_a-mlock.o)
 .debug_frame   0x00003798       0x2c c:/program files (x86)/atmel/studio/7.0/toolchain/arm/arm-gnu-toolchain/bin/../lib/gcc/arm-none-eabi/5.3.1/../../../../arm-none-eabi/lib/armv7e-m\libc.a(lib_a-sbrkr.o)
 .debug_frame   0x000037c4       0x88 c:/program files (x86)/atmel/studio/7.0/toolchain/arm/arm-gnu-toolchain/bin/../lib/gcc/arm-none-eabi/5.3.1/../../../../arm-none-eabi/lib/armv7e-m\libc.a(lib_a-stdio.o)
 .debug_frame   0x0000384c       0x2c c:/program files (x86)/atmel/studio/7.0/toolchain/arm/arm-gnu-toolchain/bin/../lib/gcc/arm-none-eabi/5.3.1/../../../../arm-none-eabi/lib/armv7e-m\libc.a(lib_a-writer.o)
 .debug_frame   0x00003878       0x34 c:/program files (x86)/atmel/studio/7.0/toolchain/arm/arm-gnu-toolchain/bin/../lib/gcc/arm-none-eabi/5.3.1/../../../../arm-none-eabi/lib/armv7e-m\libc.a(lib_a-__atexit.o)
 .debug_frame   0x000038ac       0x2c c:/program files (x86)/atmel/studio/7.0/toolchain/arm/arm-gnu-toolchain/bin/../lib/gcc/arm-none-eabi/5.3.1/../../../../arm-none-eabi/lib/armv7e-m\libc.a(lib_a-closer.o)
 .debug_frame   0x000038d8       0x44 c:/program files (x86)/atmel/studio/7.0/toolchain/arm/arm-gnu-toolchain/bin/../lib/gcc/arm-none-eabi/5.3.1/../../../../arm-none-eabi/lib/armv7e-m\libc.a(lib_a-fclose.o)
 .debug_frame   0x0000391c       0x2c c:/program files (x86)/atmel/studio/7.0/toolchain/arm/arm-gnu-toolchain/bin/../lib/gcc/arm-none-eabi/5.3.1/../../../../arm-none-eabi/lib/armv7e-m\libc.a(lib_a-fstatr.o)
 .debug_frame   0x00003948       0x2c c:/program files (x86)/atmel/studio/7.0/toolchain/arm/arm-gnu-toolchain/bin/../lib/gcc/arm-none-eabi/5.3.1/../../../../arm-none-eabi/lib/armv7e-m\libc.a(lib_a-lseekr.o)
 .debug_frame   0x00003974       0x2c c:/program files (x86)/atmel/studio/7.0/toolchain/arm/arm-gnu-toolchain/bin/../lib/gcc/arm-none-eabi/5.3.1/../../../../arm-none-eabi/lib/armv7e-m\libc.a(lib_a-readr.o)
 .debug_frame   0x000039a0       0x58 c:/program files (x86)/atmel/studio/7.0/toolchain/arm/arm-gnu-toolchain/bin/../lib/gcc/arm-none-eabi/5.3.1/../../../../arm-none-eabi/lib/armv7e-m\libc.a(lib_a-reent.o)

Cross Reference Table

Symbol                                            File
ACC_Handler                                       src/ASF/sam/utils/cmsis/same70/source/templates/gcc/startup_same70.o
AES_Handler                                       src/ASF/sam/utils/cmsis/same70/source/templates/gcc/startup_same70.o
AFEC0_Handler                                     src/ASF/sam/utils/cmsis/same70/source/templates/gcc/startup_same70.o
AFEC1_Handler                                     src/ASF/sam/utils/cmsis/same70/source/templates/gcc/startup_same70.o
BUT_init                                          src/main.o
BusFault_Handler                                  src/ASF/sam/utils/cmsis/same70/source/templates/gcc/startup_same70.o
DACC_Handler                                      src/ASF/sam/utils/cmsis/same70/source/templates/gcc/startup_same70.o
DebugMon_Handler                                  src/ASF/sam/utils/cmsis/same70/source/templates/gcc/startup_same70.o
Dummy_Handler                                     src/ASF/sam/utils/cmsis/same70/source/templates/gcc/startup_same70.o
EFC_Handler                                       src/ASF/sam/utils/cmsis/same70/source/templates/gcc/startup_same70.o
GMAC_Handler                                      src/ASF/sam/utils/cmsis/same70/source/templates/gcc/startup_same70.o
HSMCI_Handler                                     src/ASF/sam/utils/cmsis/same70/source/templates/gcc/startup_same70.o
HardFault_Handler                                 src/ASF/sam/utils/cmsis/same70/source/templates/gcc/startup_same70.o
ICM_Handler                                       src/ASF/sam/utils/cmsis/same70/source/templates/gcc/startup_same70.o
ISI_Handler                                       src/ASF/sam/utils/cmsis/same70/source/templates/gcc/startup_same70.o
LED_init                                          src/main.o
MCAN0_Handler                                     src/ASF/sam/utils/cmsis/same70/source/templates/gcc/startup_same70.o
MCAN1_Handler                                     src/ASF/sam/utils/cmsis/same70/source/templates/gcc/startup_same70.o
MemManage_Handler                                 src/ASF/sam/utils/cmsis/same70/source/templates/gcc/startup_same70.o
NMI_Handler                                       src/ASF/sam/utils/cmsis/same70/source/templates/gcc/startup_same70.o
PIOA_Handler                                      src/ASF/sam/drivers/pio/pio_handler.o
PIOB_Handler                                      src/ASF/sam/drivers/pio/pio_handler.o
PIOC_Handler                                      src/ASF/sam/drivers/pio/pio_handler.o
PIOD_Handler                                      src/ASF/sam/drivers/pio/pio_handler.o
PIOE_Handler                                      src/ASF/sam/drivers/pio/pio_handler.o
PMC_Handler                                       src/ASF/sam/utils/cmsis/same70/source/templates/gcc/startup_same70.o
PWM0_Handler                                      src/ASF/sam/utils/cmsis/same70/source/templates/gcc/startup_same70.o
PWM1_Handler                                      src/ASF/sam/utils/cmsis/same70/source/templates/gcc/startup_same70.o
PendSV_Handler                                    src/ASF/sam/utils/cmsis/same70/source/templates/gcc/startup_same70.o
QSPI_Handler                                      src/ASF/sam/utils/cmsis/same70/source/templates/gcc/startup_same70.o
RSTC_Handler                                      src/ASF/sam/utils/cmsis/same70/source/templates/gcc/startup_same70.o
RSWDT_Handler                                     src/ASF/sam/utils/cmsis/same70/source/templates/gcc/startup_same70.o
RTC_Handler                                       src/ASF/sam/utils/cmsis/same70/source/templates/gcc/startup_same70.o
RTT_Handler                                       src/ASF/sam/utils/cmsis/same70/source/templates/gcc/startup_same70.o
Reset_Handler                                     src/ASF/sam/utils/cmsis/same70/source/templates/gcc/startup_same70.o
SDRAMC_Handler                                    src/ASF/sam/utils/cmsis/same70/source/templates/gcc/startup_same70.o
SPI0_Handler                                      src/ASF/sam/utils/cmsis/same70/source/templates/gcc/startup_same70.o
SPI1_Handler                                      src/ASF/sam/utils/cmsis/same70/source/templates/gcc/startup_same70.o
SSC_Handler                                       src/ASF/sam/utils/cmsis/same70/source/templates/gcc/startup_same70.o
SUPC_Handler                                      src/ASF/sam/utils/cmsis/same70/source/templates/gcc/startup_same70.o
SVC_Handler                                       src/ASF/sam/utils/cmsis/same70/source/templates/gcc/startup_same70.o
SysTick_Handler                                   src/ASF/sam/utils/cmsis/same70/source/templates/gcc/startup_same70.o
SystemCoreClock                                   src/ASF/sam/utils/cmsis/same70/source/templates/system_same70.o
SystemCoreClockUpdate                             src/ASF/sam/utils/cmsis/same70/source/templates/system_same70.o
                                                  src/ASF/common/services/clock/same70/sysclk.o
SystemInit                                        src/ASF/sam/utils/cmsis/same70/source/templates/system_same70.o
TC0_Handler                                       src/ASF/sam/utils/cmsis/same70/source/templates/gcc/startup_same70.o
TC10_Handler                                      src/ASF/sam/utils/cmsis/same70/source/templates/gcc/startup_same70.o
TC11_Handler                                      src/ASF/sam/utils/cmsis/same70/source/templates/gcc/startup_same70.o
TC1_Handler                                       src/main.o
                                                  src/ASF/sam/utils/cmsis/same70/source/templates/gcc/startup_same70.o
TC1_init                                          src/main.o
TC2_Handler                                       src/ASF/sam/utils/cmsis/same70/source/templates/gcc/startup_same70.o
TC3_Handler                                       src/ASF/sam/utils/cmsis/same70/source/templates/gcc/startup_same70.o
TC4_Handler                                       src/ASF/sam/utils/cmsis/same70/source/templates/gcc/startup_same70.o
TC5_Handler                                       src/ASF/sam/utils/cmsis/same70/source/templates/gcc/startup_same70.o
TC6_Handler                                       src/ASF/sam/utils/cmsis/same70/source/templates/gcc/startup_same70.o
TC7_Handler                                       src/ASF/sam/utils/cmsis/same70/source/templates/gcc/startup_same70.o
TC8_Handler                                       src/ASF/sam/utils/cmsis/same70/source/templates/gcc/startup_same70.o
TC9_Handler                                       src/ASF/sam/utils/cmsis/same70/source/templates/gcc/startup_same70.o
TRNG_Handler                                      src/ASF/sam/utils/cmsis/same70/source/templates/gcc/startup_same70.o
TWIHS0_Handler                                    src/ASF/sam/utils/cmsis/same70/source/templates/gcc/startup_same70.o
TWIHS1_Handler                                    src/ASF/sam/utils/cmsis/same70/source/templates/gcc/startup_same70.o
TWIHS2_Handler                                    src/ASF/sam/utils/cmsis/same70/source/templates/gcc/startup_same70.o
UART0_Handler                                     src/ASF/sam/utils/cmsis/same70/source/templates/gcc/startup_same70.o
UART1_Handler                                     src/ASF/sam/utils/cmsis/same70/source/templates/gcc/startup_same70.o
UART2_Handler                                     src/ASF/sam/utils/cmsis/same70/source/templates/gcc/startup_same70.o
UART3_Handler                                     src/ASF/sam/utils/cmsis/same70/source/templates/gcc/startup_same70.o
UART4_Handler                                     src/ASF/sam/utils/cmsis/same70/source/templates/gcc/startup_same70.o
USART0_Handler                                    src/ASF/sam/utils/cmsis/same70/source/templates/gcc/startup_same70.o
USART1_Handler                                    src/ASF/sam/utils/cmsis/same70/source/templates/gcc/startup_same70.o
USART2_Handler                                    src/ASF/sam/utils/cmsis/same70/source/templates/gcc/startup_same70.o
USBHS_Handler                                     src/ASF/sam/utils/cmsis/same70/source/templates/gcc/startup_same70.o
UsageFault_Handler                                src/ASF/sam/utils/cmsis/same70/source/templates/gcc/startup_same70.o
WDT_Handler                                       src/ASF/sam/utils/cmsis/same70/source/templates/gcc/startup_same70.o
XDMAC_Handler                                     src/ASF/sam/utils/cmsis/same70/source/templates/gcc/startup_same70.o
_Jv_RegisterClasses                               c:/program files (x86)/atmel/studio/7.0/toolchain/arm/arm-gnu-toolchain/bin/../lib/gcc/arm-none-eabi/5.3.1/armv7e-m/crtbegin.o
__bss_end__                                       c:/program files (x86)/atmel/studio/7.0/toolchain/arm/arm-gnu-toolchain/bin/../lib/gcc/arm-none-eabi/5.3.1/../../../../arm-none-eabi/lib/armv7e-m/crt0.o
__bss_start__                                     c:/program files (x86)/atmel/studio/7.0/toolchain/arm/arm-gnu-toolchain/bin/../lib/gcc/arm-none-eabi/5.3.1/../../../../arm-none-eabi/lib/armv7e-m/crt0.o
__call_exitprocs                                  c:/program files (x86)/atmel/studio/7.0/toolchain/arm/arm-gnu-toolchain/bin/../lib/gcc/arm-none-eabi/5.3.1/../../../../arm-none-eabi/lib/armv7e-m\libc.a(lib_a-__call_atexit.o)
                                                  c:/program files (x86)/atmel/studio/7.0/toolchain/arm/arm-gnu-toolchain/bin/../lib/gcc/arm-none-eabi/5.3.1/../../../../arm-none-eabi/lib/armv7e-m\libc.a(lib_a-exit.o)
__deregister_frame_info                           c:/program files (x86)/atmel/studio/7.0/toolchain/arm/arm-gnu-toolchain/bin/../lib/gcc/arm-none-eabi/5.3.1/armv7e-m/crtbegin.o
__dso_handle                                      c:/program files (x86)/atmel/studio/7.0/toolchain/arm/arm-gnu-toolchain/bin/../lib/gcc/arm-none-eabi/5.3.1/armv7e-m/crtbegin.o
__fini_array_end                                  c:/program files (x86)/atmel/studio/7.0/toolchain/arm/arm-gnu-toolchain/bin/../lib/gcc/arm-none-eabi/5.3.1/../../../../arm-none-eabi/lib/armv7e-m\libc.a(lib_a-fini.o)
__fini_array_start                                c:/program files (x86)/atmel/studio/7.0/toolchain/arm/arm-gnu-toolchain/bin/../lib/gcc/arm-none-eabi/5.3.1/../../../../arm-none-eabi/lib/armv7e-m\libc.a(lib_a-fini.o)
__fp_lock_all                                     c:/program files (x86)/atmel/studio/7.0/toolchain/arm/arm-gnu-toolchain/bin/../lib/gcc/arm-none-eabi/5.3.1/../../../../arm-none-eabi/lib/armv7e-m\libc.a(lib_a-findfp.o)
__fp_unlock_all                                   c:/program files (x86)/atmel/studio/7.0/toolchain/arm/arm-gnu-toolchain/bin/../lib/gcc/arm-none-eabi/5.3.1/../../../../arm-none-eabi/lib/armv7e-m\libc.a(lib_a-findfp.o)
__init_array_end                                  c:/program files (x86)/atmel/studio/7.0/toolchain/arm/arm-gnu-toolchain/bin/../lib/gcc/arm-none-eabi/5.3.1/../../../../arm-none-eabi/lib/armv7e-m\libc.a(lib_a-init.o)
__init_array_start                                c:/program files (x86)/atmel/studio/7.0/toolchain/arm/arm-gnu-toolchain/bin/../lib/gcc/arm-none-eabi/5.3.1/../../../../arm-none-eabi/lib/armv7e-m\libc.a(lib_a-init.o)
__libc_fini                                       c:/program files (x86)/atmel/studio/7.0/toolchain/arm/arm-gnu-toolchain/bin/../lib/gcc/arm-none-eabi/5.3.1/../../../../arm-none-eabi/lib/armv7e-m\libc.a(lib_a-__call_atexit.o)
__libc_fini_array                                 c:/program files (x86)/atmel/studio/7.0/toolchain/arm/arm-gnu-toolchain/bin/../lib/gcc/arm-none-eabi/5.3.1/../../../../arm-none-eabi/lib/armv7e-m\libc.a(lib_a-fini.o)
                                                  c:/program files (x86)/atmel/studio/7.0/toolchain/arm/arm-gnu-toolchain/bin/../lib/gcc/arm-none-eabi/5.3.1/../../../../arm-none-eabi/lib/armv7e-m\libc.a(lib_a-__call_atexit.o)
                                                  c:/program files (x86)/atmel/studio/7.0/toolchain/arm/arm-gnu-toolchain/bin/../lib/gcc/arm-none-eabi/5.3.1/../../../../arm-none-eabi/lib/armv7e-m/crt0.o
__libc_init_array                                 c:/program files (x86)/atmel/studio/7.0/toolchain/arm/arm-gnu-toolchain/bin/../lib/gcc/arm-none-eabi/5.3.1/../../../../arm-none-eabi/lib/armv7e-m\libc.a(lib_a-init.o)
                                                  src/ASF/sam/utils/cmsis/same70/source/templates/gcc/startup_same70.o
                                                  c:/program files (x86)/atmel/studio/7.0/toolchain/arm/arm-gnu-toolchain/bin/../lib/gcc/arm-none-eabi/5.3.1/../../../../arm-none-eabi/lib/armv7e-m/crt0.o
__malloc_av_                                      c:/program files (x86)/atmel/studio/7.0/toolchain/arm/arm-gnu-toolchain/bin/../lib/gcc/arm-none-eabi/5.3.1/../../../../arm-none-eabi/lib/armv7e-m\libc.a(lib_a-mallocr.o)
                                                  c:/program files (x86)/atmel/studio/7.0/toolchain/arm/arm-gnu-toolchain/bin/../lib/gcc/arm-none-eabi/5.3.1/../../../../arm-none-eabi/lib/armv7e-m\libc.a(lib_a-freer.o)
__malloc_current_mallinfo                         c:/program files (x86)/atmel/studio/7.0/toolchain/arm/arm-gnu-toolchain/bin/../lib/gcc/arm-none-eabi/5.3.1/../../../../arm-none-eabi/lib/armv7e-m\libc.a(lib_a-mallocr.o)
                                                  c:/program files (x86)/atmel/studio/7.0/toolchain/arm/arm-gnu-toolchain/bin/../lib/gcc/arm-none-eabi/5.3.1/../../../../arm-none-eabi/lib/armv7e-m\libc.a(lib_a-freer.o)
__malloc_lock                                     c:/program files (x86)/atmel/studio/7.0/toolchain/arm/arm-gnu-toolchain/bin/../lib/gcc/arm-none-eabi/5.3.1/../../../../arm-none-eabi/lib/armv7e-m\libc.a(lib_a-mlock.o)
                                                  c:/program files (x86)/atmel/studio/7.0/toolchain/arm/arm-gnu-toolchain/bin/../lib/gcc/arm-none-eabi/5.3.1/../../../../arm-none-eabi/lib/armv7e-m\libc.a(lib_a-mallocr.o)
                                                  c:/program files (x86)/atmel/studio/7.0/toolchain/arm/arm-gnu-toolchain/bin/../lib/gcc/arm-none-eabi/5.3.1/../../../../arm-none-eabi/lib/armv7e-m\libc.a(lib_a-freer.o)
__malloc_max_sbrked_mem                           c:/program files (x86)/atmel/studio/7.0/toolchain/arm/arm-gnu-toolchain/bin/../lib/gcc/arm-none-eabi/5.3.1/../../../../arm-none-eabi/lib/armv7e-m\libc.a(lib_a-mallocr.o)
__malloc_max_total_mem                            c:/program files (x86)/atmel/studio/7.0/toolchain/arm/arm-gnu-toolchain/bin/../lib/gcc/arm-none-eabi/5.3.1/../../../../arm-none-eabi/lib/armv7e-m\libc.a(lib_a-mallocr.o)
__malloc_sbrk_base                                c:/program files (x86)/atmel/studio/7.0/toolchain/arm/arm-gnu-toolchain/bin/../lib/gcc/arm-none-eabi/5.3.1/../../../../arm-none-eabi/lib/armv7e-m\libc.a(lib_a-mallocr.o)
                                                  c:/program files (x86)/atmel/studio/7.0/toolchain/arm/arm-gnu-toolchain/bin/../lib/gcc/arm-none-eabi/5.3.1/../../../../arm-none-eabi/lib/armv7e-m\libc.a(lib_a-freer.o)